
Running 3 tests using 3 workers

[1A[2K[1/3] [webkit] ÔÇ║ src\__tests__\e2e\tours.spec.ts:65:5 ÔÇ║ Tours Management ÔÇ║ should create a new tour with all fields
[1A[2K[2/3] [firefox] ÔÇ║ src\__tests__\e2e\tours.spec.ts:65:5 ÔÇ║ Tours Management ÔÇ║ should create a new tour with all fields
[1A[2K[3/3] [chromium] ÔÇ║ src\__tests__\e2e\tours.spec.ts:65:5 ÔÇ║ Tours Management ÔÇ║ should create a new tour with all fields
[1A[2K[webkit] ÔÇ║ src\__tests__\e2e\tours.spec.ts:65:5 ÔÇ║ Tours Management ÔÇ║ should create a new tour with all fields
>> GET http://localhost:5173/login

[1A[2K[chromium] ÔÇ║ src\__tests__\e2e\tours.spec.ts:65:5 ÔÇ║ Tours Management ÔÇ║ should create a new tour with all fields
>> GET http://localhost:5173/login

[1A[2K>> GET http://localhost:5173/@vite/client

[1A[2K>> GET http://localhost:5173/src/main.tsx?t=1764018766322

[1A[2K>> GET http://localhost:5173/@react-refresh

[1A[2K[webkit] ÔÇ║ src\__tests__\e2e\tours.spec.ts:65:5 ÔÇ║ Tours Management ÔÇ║ should create a new tour with all fields
>> GET http://localhost:5173/@react-refresh

[1A[2K>> GET http://localhost:5173/@vite/client

[1A[2K>> GET http://localhost:5173/src/main.tsx?t=1764018766322

[1A[2K[chromium] ÔÇ║ src\__tests__\e2e\tours.spec.ts:65:5 ÔÇ║ Tours Management ÔÇ║ should create a new tour with all fields
>> GET http://localhost:5173/node_modules/.vite/deps/react_jsx-dev-runtime.js?v=63f46eb6

[1A[2K>> GET http://localhost:5173/node_modules/.vite/deps/react.js?v=63f46eb6

[1A[2K>> GET http://localhost:5173/node_modules/.vite/deps/react-dom_client.js?v=63f46eb6

[1A[2K>> GET http://localhost:5173/src/index.css?t=1764018766322

[1A[2K>> GET http://localhost:5173/src/App.tsx

[1A[2K>> GET http://localhost:5173/src/components/ui/ErrorBoundary.tsx

[1A[2K>> GET http://localhost:5173/node_modules/.vite/deps/chunk-YX2XZWS3.js?v=63f46eb6

[1A[2K>> GET http://localhost:5173/node_modules/.vite/deps/chunk-G3PMV62Z.js?v=63f46eb6

[1A[2K[webkit] ÔÇ║ src\__tests__\e2e\tours.spec.ts:65:5 ÔÇ║ Tours Management ÔÇ║ should create a new tour with all fields
>> GET http://localhost:5173/node_modules/.vite/deps/react_jsx-dev-runtime.js?v=63f46eb6

[1A[2K>> GET http://localhost:5173/node_modules/.vite/deps/react.js?v=63f46eb6

[1A[2K>> GET http://localhost:5173/node_modules/.vite/deps/react-dom_client.js?v=63f46eb6

[1A[2K>> GET http://localhost:5173/src/index.css?t=1764018766322

[1A[2K>> GET http://localhost:5173/src/App.tsx

[1A[2K>> GET http://localhost:5173/src/components/ui/ErrorBoundary.tsx

[1A[2K[chromium] ÔÇ║ src\__tests__\e2e\tours.spec.ts:65:5 ÔÇ║ Tours Management ÔÇ║ should create a new tour with all fields
>> GET http://localhost:5173/node_modules/.vite/deps/react-router-dom.js?v=63f46eb6

[1A[2K>> GET http://localhost:5173/node_modules/.vite/deps/@tanstack_react-query.js?v=63f46eb6

[1A[2K>> GET http://localhost:5173/src/context/AuthContext.tsx

[1A[2K>> GET http://localhost:5173/src/context/ToastContext.tsx

[1A[2K>> GET http://localhost:5173/src/layouts/DashboardLayout.tsx

[1A[2K>> GET http://localhost:5173/src/pages/Login.tsx

[1A[2K>> GET http://localhost:5173/src/pages/Home.tsx

[1A[2K>> GET http://localhost:5173/src/pages/Bookings.tsx

[1A[2K>> GET http://localhost:5173/src/pages/Tours.tsx

[1A[2K>> GET http://localhost:5173/src/pages/Stats.tsx

[1A[2K>> GET http://localhost:5173/node_modules/.vite/deps/lucide-react.js?v=63f46eb6

[1A[2K>> GET http://localhost:5173/src/components/ui/LiquidButton.tsx

[1A[2K[webkit] ÔÇ║ src\__tests__\e2e\tours.spec.ts:65:5 ÔÇ║ Tours Management ÔÇ║ should create a new tour with all fields
>> GET http://localhost:5173/node_modules/.vite/deps/chunk-YX2XZWS3.js?v=63f46eb6

[1A[2K>> GET http://localhost:5173/node_modules/.vite/deps/chunk-G3PMV62Z.js?v=63f46eb6

[1A[2K[chromium] ÔÇ║ src\__tests__\e2e\tours.spec.ts:65:5 ÔÇ║ Tours Management ÔÇ║ should create a new tour with all fields
>> GET http://localhost:5173/node_modules/.vite/deps/chunk-I3XRBTSS.js?v=63f46eb6

[1A[2K[webkit] ÔÇ║ src\__tests__\e2e\tours.spec.ts:65:5 ÔÇ║ Tours Management ÔÇ║ should create a new tour with all fields
>> GET http://localhost:5173/node_modules/.vite/deps/lucide-react.js?v=63f46eb6

[1A[2K>> GET http://localhost:5173/src/components/ui/LiquidButton.tsx

[1A[2K>> GET http://localhost:5173/node_modules/.vite/deps/chunk-I3XRBTSS.js?v=63f46eb6

[1A[2K[chromium] ÔÇ║ src\__tests__\e2e\tours.spec.ts:65:5 ÔÇ║ Tours Management ÔÇ║ should create a new tour with all fields
>> GET http://localhost:5173/node_modules/vite/dist/client/env.mjs

[1A[2K[webkit] ÔÇ║ src\__tests__\e2e\tours.spec.ts:65:5 ÔÇ║ Tours Management ÔÇ║ should create a new tour with all fields
>> GET http://localhost:5173/node_modules/vite/dist/client/env.mjs

[1A[2K[chromium] ÔÇ║ src\__tests__\e2e\tours.spec.ts:65:5 ÔÇ║ Tours Management ÔÇ║ should create a new tour with all fields
>> GET http://localhost:5173/src/components/ui/Toast.tsx

[1A[2K>> GET http://localhost:5173/src/lib/api.ts

[1A[2K>> GET http://localhost:5173/node_modules/.vite/deps/chunk-T7ATK2ZT.js?v=63f46eb6

[1A[2K>> GET http://localhost:5173/node_modules/.vite/deps/clsx.js?v=63f46eb6

[1A[2K[webkit] ÔÇ║ src\__tests__\e2e\tours.spec.ts:65:5 ÔÇ║ Tours Management ÔÇ║ should create a new tour with all fields
>> GET http://localhost:5173/node_modules/.vite/deps/react-router-dom.js?v=63f46eb6

[1A[2K>> GET http://localhost:5173/node_modules/.vite/deps/@tanstack_react-query.js?v=63f46eb6

[1A[2K>> GET http://localhost:5173/src/context/AuthContext.tsx

[1A[2K>> GET http://localhost:5173/src/context/ToastContext.tsx

[1A[2K>> GET http://localhost:5173/src/layouts/DashboardLayout.tsx

[1A[2K>> GET http://localhost:5173/src/pages/Login.tsx

[1A[2K>> GET http://localhost:5173/src/pages/Home.tsx

[1A[2K>> GET http://localhost:5173/src/pages/Bookings.tsx

[1A[2K>> GET http://localhost:5173/src/pages/Tours.tsx

[1A[2K>> GET http://localhost:5173/src/pages/Stats.tsx

[1A[2K>> GET http://localhost:5173/node_modules/.vite/deps/tailwind-merge.js?v=63f46eb6

[1A[2K[chromium] ÔÇ║ src\__tests__\e2e\tours.spec.ts:65:5 ÔÇ║ Tours Management ÔÇ║ should create a new tour with all fields
>> GET http://localhost:5173/node_modules/.vite/deps/@fullcalendar_react.js?v=63f46eb6

[1A[2K>> GET http://localhost:5173/node_modules/.vite/deps/@fullcalendar_daygrid.js?v=63f46eb6

[1A[2K>> GET http://localhost:5173/node_modules/.vite/deps/@fullcalendar_interaction.js?v=63f46eb6

[1A[2K>> GET http://localhost:5173/src/hooks/useDepartures.ts

[1A[2K>> GET http://localhost:5173/src/components/ui/GlassCard.tsx

[1A[2K>> GET http://localhost:5173/src/components/modals/DepartureModal.tsx

[1A[2K>> GET http://localhost:5173/src/hooks/useBookings.ts

[1A[2K>> GET http://localhost:5173/src/components/modals/BookingModal.tsx

[1A[2K>> GET http://localhost:5173/node_modules/.vite/deps/date-fns.js?v=63f46eb6

[1A[2K>> GET http://localhost:5173/src/utils/dates.ts

[1A[2K>> GET http://localhost:5173/src/hooks/useTours.ts

[1A[2K>> GET http://localhost:5173/src/components/modals/TourModal.tsx

[1A[2K>> GET http://localhost:5173/node_modules/.vite/deps/framer-motion.js?v=63f46eb6

[1A[2K>> GET http://localhost:5173/node_modules/.vite/deps/tailwind-merge.js?v=63f46eb6

[1A[2K[webkit] ÔÇ║ src\__tests__\e2e\tours.spec.ts:65:5 ÔÇ║ Tours Management ÔÇ║ should create a new tour with all fields
>> GET http://localhost:5173/node_modules/.vite/deps/chunk-T7ATK2ZT.js?v=63f46eb6

[1A[2K[chromium] ÔÇ║ src\__tests__\e2e\tours.spec.ts:65:5 ÔÇ║ Tours Management ÔÇ║ should create a new tour with all fields
>> GET http://localhost:5173/node_modules/.vite/deps/axios.js?v=63f46eb6

[1A[2KPAGE LOG: [vite] connecting...

[1A[2K>> GET http://localhost:5173/node_modules/.vite/deps/chunk-3QHH4GXC.js?v=63f46eb6

[1A[2K>> GET http://localhost:5173/src/services/departures.service.ts

[1A[2K[webkit] ÔÇ║ src\__tests__\e2e\tours.spec.ts:65:5 ÔÇ║ Tours Management ÔÇ║ should create a new tour with all fields
>> GET http://localhost:5173/src/lib/api.ts

[1A[2K>> GET http://localhost:5173/src/components/ui/Toast.tsx

[1A[2K>> GET http://localhost:5173/node_modules/.vite/deps/clsx.js?v=63f46eb6

[1A[2K[chromium] ÔÇ║ src\__tests__\e2e\tours.spec.ts:65:5 ÔÇ║ Tours Management ÔÇ║ should create a new tour with all fields
>> GET http://localhost:5173/node_modules/.vite/deps/@radix-ui_react-dialog.js?v=63f46eb6

[1A[2K>> GET http://localhost:5173/node_modules/.vite/deps/@radix-ui_react-tabs.js?v=63f46eb6

[1A[2K>> GET http://localhost:5173/node_modules/.vite/deps/react-hook-form.js?v=63f46eb6

[1A[2K>> GET http://localhost:5173/node_modules/.vite/deps/@hookform_resolvers_zod.js?v=63f46eb6

[1A[2K>> GET http://localhost:5173/node_modules/.vite/deps/zod.js?v=63f46eb6

[1A[2K>> GET http://localhost:5173/src/services/bookings.service.ts

[1A[2K>> GET http://localhost:5173/src/services/tours.service.ts

[1A[2KPAGE LOG: [vite] connected.

[1A[2K[webkit] ÔÇ║ src\__tests__\e2e\tours.spec.ts:65:5 ÔÇ║ Tours Management ÔÇ║ should create a new tour with all fields
PAGE LOG: [vite] connecting...

[1A[2K>> GET http://localhost:5173/src/hooks/useBookings.ts

[1A[2K>> GET http://localhost:5173/src/components/ui/GlassCard.tsx

[1A[2K>> GET http://localhost:5173/src/components/modals/BookingModal.tsx

[1A[2K>> GET http://localhost:5173/node_modules/.vite/deps/date-fns.js?v=63f46eb6

[1A[2K>> GET http://localhost:5173/src/utils/dates.ts

[1A[2K>> GET http://localhost:5173/src/hooks/useTours.ts

[1A[2K>> GET http://localhost:5173/src/components/modals/TourModal.tsx

[1A[2K>> GET http://localhost:5173/node_modules/.vite/deps/framer-motion.js?v=63f46eb6

[1A[2K>> GET http://localhost:5173/node_modules/.vite/deps/@fullcalendar_react.js?v=63f46eb6

[1A[2K>> GET http://localhost:5173/node_modules/.vite/deps/@fullcalendar_daygrid.js?v=63f46eb6

[1A[2K>> GET http://localhost:5173/node_modules/.vite/deps/@fullcalendar_interaction.js?v=63f46eb6

[1A[2K>> GET http://localhost:5173/src/hooks/useDepartures.ts

[1A[2K>> GET http://localhost:5173/src/components/modals/DepartureModal.tsx

[1A[2K[chromium] ÔÇ║ src\__tests__\e2e\tours.spec.ts:65:5 ÔÇ║ Tours Management ÔÇ║ should create a new tour with all fields
>> GET http://localhost:5173/src/components/modals/tour/TourBasicInfo.tsx

[1A[2K>> GET http://localhost:5173/src/components/modals/tour/TourPricing.tsx

[1A[2K>> GET http://localhost:5173/src/components/modals/tour/TourItinerary.tsx

[1A[2K>> GET http://localhost:5173/src/components/modals/tour/TourDetails.tsx

[1A[2K>> GET http://localhost:5173/src/components/modals/tour/TourImages.tsx

[1A[2K[webkit] ÔÇ║ src\__tests__\e2e\tours.spec.ts:65:5 ÔÇ║ Tours Management ÔÇ║ should create a new tour with all fields
>> GET http://localhost:5173/node_modules/.vite/deps/axios.js?v=63f46eb6

[1A[2K>> GET http://localhost:5173/src/services/bookings.service.ts

[1A[2K[chromium] ÔÇ║ src\__tests__\e2e\tours.spec.ts:65:5 ÔÇ║ Tours Management ÔÇ║ should create a new tour with all fields
>> GET http://localhost:5173/node_modules/.vite/deps/chunk-N7T4CHBW.js?v=63f46eb6

[1A[2K[webkit] ÔÇ║ src\__tests__\e2e\tours.spec.ts:65:5 ÔÇ║ Tours Management ÔÇ║ should create a new tour with all fields
>> GET http://localhost:5173/node_modules/.vite/deps/@radix-ui_react-dialog.js?v=63f46eb6

[1A[2K>> GET http://localhost:5173/node_modules/.vite/deps/@radix-ui_react-tabs.js?v=63f46eb6

[1A[2K>> GET http://localhost:5173/node_modules/.vite/deps/react-hook-form.js?v=63f46eb6

[1A[2K>> GET http://localhost:5173/node_modules/.vite/deps/@hookform_resolvers_zod.js?v=63f46eb6

[1A[2K>> GET http://localhost:5173/node_modules/.vite/deps/zod.js?v=63f46eb6

[1A[2K[chromium] ÔÇ║ src\__tests__\e2e\tours.spec.ts:65:5 ÔÇ║ Tours Management ÔÇ║ should create a new tour with all fields
>> GET http://localhost:5173/node_modules/.vite/deps/chunk-NXXQW4JJ.js?v=63f46eb6

[1A[2K[webkit] ÔÇ║ src\__tests__\e2e\tours.spec.ts:65:5 ÔÇ║ Tours Management ÔÇ║ should create a new tour with all fields
PAGE LOG: [vite] connected.

[1A[2K>> GET http://localhost:5173/node_modules/.vite/deps/chunk-3QHH4GXC.js?v=63f46eb6

[1A[2K>> GET http://localhost:5173/src/components/modals/tour/TourBasicInfo.tsx

[1A[2K>> GET http://localhost:5173/src/components/modals/tour/TourPricing.tsx

[1A[2K>> GET http://localhost:5173/src/components/modals/tour/TourItinerary.tsx

[1A[2K>> GET http://localhost:5173/src/components/modals/tour/TourDetails.tsx

[1A[2K>> GET http://localhost:5173/src/components/modals/tour/TourImages.tsx

[1A[2K>> GET http://localhost:5173/src/services/departures.service.ts

[1A[2K[chromium] ÔÇ║ src\__tests__\e2e\tours.spec.ts:65:5 ÔÇ║ Tours Management ÔÇ║ should create a new tour with all fields
>> GET http://localhost:5173/node_modules/.vite/deps/chunk-4OUBDQG2.js?v=63f46eb6

[1A[2K[webkit] ÔÇ║ src\__tests__\e2e\tours.spec.ts:65:5 ÔÇ║ Tours Management ÔÇ║ should create a new tour with all fields
>> GET http://localhost:5173/src/services/tours.service.ts

[1A[2K[chromium] ÔÇ║ src\__tests__\e2e\tours.spec.ts:65:5 ÔÇ║ Tours Management ÔÇ║ should create a new tour with all fields
>> GET http://localhost:5173/src/components/modals/tour/ItineraryDay.tsx

[1A[2K[webkit] ÔÇ║ src\__tests__\e2e\tours.spec.ts:65:5 ÔÇ║ Tours Management ÔÇ║ should create a new tour with all fields
>> GET http://localhost:5173/node_modules/.vite/deps/chunk-N7T4CHBW.js?v=63f46eb6

[1A[2K>> GET http://localhost:5173/node_modules/.vite/deps/chunk-NXXQW4JJ.js?v=63f46eb6

[1A[2K>> GET http://localhost:5173/node_modules/.vite/deps/chunk-4OUBDQG2.js?v=63f46eb6

[1A[2K>> GET http://localhost:5173/src/components/modals/tour/ItineraryDay.tsx

[1A[2K[chromium] ÔÇ║ src\__tests__\e2e\tours.spec.ts:65:5 ÔÇ║ Tours Management ÔÇ║ should create a new tour with all fields
PAGE LOG: %cDownload the React DevTools for a better development experience: https://react.dev/link/react-devtools font-weight:bold

[1A[2K>> GET https://fonts.googleapis.com/css2?family=Outfit:wght@300;400;500;600;700&display=swap

[1A[2K[webkit] ÔÇ║ src\__tests__\e2e\tours.spec.ts:65:5 ÔÇ║ Tours Management ÔÇ║ should create a new tour with all fields
>> GET https://fonts.googleapis.com/css2?family=Outfit:wght@300;400;500;600;700&display=swap

[1A[2K[chromium] ÔÇ║ src\__tests__\e2e\tours.spec.ts:65:5 ÔÇ║ Tours Management ÔÇ║ should create a new tour with all fields
>> GET https://us-central1-nevadotrektest01.cloudfunctions.net/api/admin/stats

[1A[2KMock hit: /admin/stats

[1A[2K>> GET https://us-central1-nevadotrektest01.cloudfunctions.net/api/admin/bookings

[1A[2K>> GET https://us-central1-nevadotrektest01.cloudfunctions.net/api/admin/tours

[1A[2KMock hit: GET /admin/tours

[1A[2K>> GET https://us-central1-nevadotrektest01.cloudfunctions.net/api/admin/departures?start=2025-10-26T00:00:00.000Z&end=2025-12-07T00:00:00.000Z

[1A[2KPAGE LOG: Failed to load resource: the server responded with a status of 401 ()

[1A[2KPAGE LOG: Failed to load resource: the server responded with a status of 401 ()

[1A[2K>> GET https://us-central1-nevadotrektest01.cloudfunctions.net/api/admin/tours

[1A[2KMock hit: GET /admin/tours

[1A[2KPAGE LOG: Warning: Missing `Description` or `aria-describedby={undefined}` for {DialogContent}.

[1A[2KPAGE LOG: Warning: Missing `Description` or `aria-describedby={undefined}` for {DialogContent}.

[1A[2K[firefox] ÔÇ║ src\__tests__\e2e\tours.spec.ts:65:5 ÔÇ║ Tours Management ÔÇ║ should create a new tour with all fields
>> GET http://localhost:5173/login

[1A[2K[webkit] ÔÇ║ src\__tests__\e2e\tours.spec.ts:65:5 ÔÇ║ Tours Management ÔÇ║ should create a new tour with all fields
>> GET https://us-central1-nevadotrektest01.cloudfunctions.net/api/admin/stats

[1A[2KMock hit: /admin/stats

[1A[2K>> GET https://us-central1-nevadotrektest01.cloudfunctions.net/api/admin/bookings

[1A[2K>> GET https://us-central1-nevadotrektest01.cloudfunctions.net/api/admin/tours

[1A[2KMock hit: GET /admin/tours

[1A[2K>> GET https://us-central1-nevadotrektest01.cloudfunctions.net/api/admin/departures?start=2025-10-26T00:00:00.000Z&end=2025-12-07T00:00:00.000Z

[1A[2KPAGE LOG: Failed to load resource: the server responded with a status of 401 ()

[1A[2KPAGE LOG: Failed to load resource: the server responded with a status of 401 ()

[1A[2K[firefox] ÔÇ║ src\__tests__\e2e\tours.spec.ts:65:5 ÔÇ║ Tours Management ÔÇ║ should create a new tour with all fields
>> GET http://localhost:5173/@vite/client

[1A[2K>> GET http://localhost:5173/src/main.tsx?t=1764018766987

[1A[2K>> GET http://localhost:5173/@react-refresh

[1A[2K>> GET http://localhost:5173/node_modules/.vite/deps/react_jsx-dev-runtime.js?v=63f46eb6

[1A[2K[webkit] ÔÇ║ src\__tests__\e2e\tours.spec.ts:65:5 ÔÇ║ Tours Management ÔÇ║ should create a new tour with all fields
>> GET http://localhost:5173/src/index.css?t=1764018770315

[1A[2K[chromium] ÔÇ║ src\__tests__\e2e\tours.spec.ts:65:5 ÔÇ║ Tours Management ÔÇ║ should create a new tour with all fields
>> GET http://localhost:5173/src/index.css?t=1764018770315

[1A[2K[firefox] ÔÇ║ src\__tests__\e2e\tours.spec.ts:65:5 ÔÇ║ Tours Management ÔÇ║ should create a new tour with all fields
>> GET http://localhost:5173/node_modules/.vite/deps/react.js?v=63f46eb6

[1A[2K>> GET http://localhost:5173/node_modules/.vite/deps/react-dom_client.js?v=63f46eb6

[1A[2K>> GET http://localhost:5173/src/index.css?t=1764018766987

[1A[2K>> GET http://localhost:5173/src/App.tsx

[1A[2K>> GET http://localhost:5173/src/components/ui/ErrorBoundary.tsx

[1A[2K>> GET http://localhost:5173/node_modules/vite/dist/client/env.mjs

[1A[2K[webkit] ÔÇ║ src\__tests__\e2e\tours.spec.ts:65:5 ÔÇ║ Tours Management ÔÇ║ should create a new tour with all fields
>> GET https://fonts.googleapis.com/css2?family=Outfit:wght@300;400;500;600;700&display=swap

[1A[2KPAGE LOG: [vite] hot updated: /src/index.css

[1A[2K[chromium] ÔÇ║ src\__tests__\e2e\tours.spec.ts:65:5 ÔÇ║ Tours Management ÔÇ║ should create a new tour with all fields
>> GET https://fonts.googleapis.com/css2?family=Outfit:wght@300;400;500;600;700&display=swap

[1A[2KPAGE LOG: [vite] hot updated: /src/index.css

[1A[2K[firefox] ÔÇ║ src\__tests__\e2e\tours.spec.ts:65:5 ÔÇ║ Tours Management ÔÇ║ should create a new tour with all fields
>> GET http://localhost:5173/node_modules/.vite/deps/chunk-YX2XZWS3.js?v=63f46eb6

[1A[2K>> GET http://localhost:5173/node_modules/.vite/deps/chunk-G3PMV62Z.js?v=63f46eb6

[1A[2KPAGE LOG: [vite] connecting...

[1A[2K[chromium] ÔÇ║ src\__tests__\e2e\tours.spec.ts:65:5 ÔÇ║ Tours Management ÔÇ║ should create a new tour with all fields
>> GET http://localhost:5173/src/index.css?t=1764018770428

[1A[2K[webkit] ÔÇ║ src\__tests__\e2e\tours.spec.ts:65:5 ÔÇ║ Tours Management ÔÇ║ should create a new tour with all fields
>> GET http://localhost:5173/src/index.css?t=1764018770428

[1A[2K[firefox] ÔÇ║ src\__tests__\e2e\tours.spec.ts:65:5 ÔÇ║ Tours Management ÔÇ║ should create a new tour with all fields
>> GET http://localhost:5173/node_modules/.vite/deps/react-router-dom.js?v=63f46eb6

[1A[2K>> GET http://localhost:5173/node_modules/.vite/deps/@tanstack_react-query.js?v=63f46eb6

[1A[2K>> GET http://localhost:5173/src/context/AuthContext.tsx

[1A[2K>> GET http://localhost:5173/src/context/ToastContext.tsx

[1A[2K>> GET http://localhost:5173/src/layouts/DashboardLayout.tsx

[1A[2K>> GET http://localhost:5173/src/pages/Login.tsx

[1A[2K>> GET http://localhost:5173/src/pages/Home.tsx

[1A[2K>> GET http://localhost:5173/src/pages/Bookings.tsx

[1A[2K>> GET http://localhost:5173/src/pages/Tours.tsx

[1A[2K>> GET http://localhost:5173/src/pages/Stats.tsx

[1A[2K>> GET http://localhost:5173/node_modules/.vite/deps/lucide-react.js?v=63f46eb6

[1A[2K>> GET http://localhost:5173/src/components/ui/LiquidButton.tsx

[1A[2K>> GET http://localhost:5173/node_modules/.vite/deps/chunk-I3XRBTSS.js?v=63f46eb6

[1A[2K[webkit] ÔÇ║ src\__tests__\e2e\tours.spec.ts:65:5 ÔÇ║ Tours Management ÔÇ║ should create a new tour with all fields
>> GET https://fonts.googleapis.com/css2?family=Outfit:wght@300;400;500;600;700&display=swap

[1A[2KPAGE LOG: [vite] hot updated: /src/index.css

[1A[2K[chromium] ÔÇ║ src\__tests__\e2e\tours.spec.ts:65:5 ÔÇ║ Tours Management ÔÇ║ should create a new tour with all fields
>> GET https://fonts.googleapis.com/css2?family=Outfit:wght@300;400;500;600;700&display=swap

[1A[2KPAGE LOG: [vite] hot updated: /src/index.css

[1A[2K[firefox] ÔÇ║ src\__tests__\e2e\tours.spec.ts:65:5 ÔÇ║ Tours Management ÔÇ║ should create a new tour with all fields
>> GET http://localhost:5173/?token=AANczT6VfLWB

[1A[2KPAGE LOG: [vite] connected.

[1A[2K>> GET http://localhost:5173/node_modules/.vite/deps/chunk-T7ATK2ZT.js?v=63f46eb6

[1A[2K[chromium] ÔÇ║ src\__tests__\e2e\tours.spec.ts:65:5 ÔÇ║ Tours Management ÔÇ║ should create a new tour with all fields
>> GET http://localhost:5173/src/index.css?t=1764018770572

[1A[2K[webkit] ÔÇ║ src\__tests__\e2e\tours.spec.ts:65:5 ÔÇ║ Tours Management ÔÇ║ should create a new tour with all fields
>> GET http://localhost:5173/src/index.css?t=1764018770572

[1A[2K[firefox] ÔÇ║ src\__tests__\e2e\tours.spec.ts:65:5 ÔÇ║ Tours Management ÔÇ║ should create a new tour with all fields
>> GET http://localhost:5173/src/lib/api.ts

[1A[2K>> GET http://localhost:5173/src/components/ui/Toast.tsx

[1A[2K>> GET http://localhost:5173/node_modules/.vite/deps/clsx.js?v=63f46eb6

[1A[2K>> GET http://localhost:5173/node_modules/.vite/deps/@fullcalendar_react.js?v=63f46eb6

[1A[2K>> GET http://localhost:5173/node_modules/.vite/deps/@fullcalendar_daygrid.js?v=63f46eb6

[1A[2K>> GET http://localhost:5173/node_modules/.vite/deps/@fullcalendar_interaction.js?v=63f46eb6

[1A[2K>> GET http://localhost:5173/src/hooks/useDepartures.ts

[1A[2K>> GET http://localhost:5173/src/components/ui/GlassCard.tsx

[1A[2K>> GET http://localhost:5173/src/components/modals/DepartureModal.tsx

[1A[2K>> GET http://localhost:5173/src/hooks/useBookings.ts

[1A[2K>> GET http://localhost:5173/src/components/modals/BookingModal.tsx

[1A[2K>> GET http://localhost:5173/node_modules/.vite/deps/date-fns.js?v=63f46eb6

[1A[2K>> GET http://localhost:5173/src/utils/dates.ts

[1A[2K>> GET http://localhost:5173/src/hooks/useTours.ts

[1A[2K>> GET http://localhost:5173/src/components/modals/TourModal.tsx

[1A[2K>> GET http://localhost:5173/node_modules/.vite/deps/framer-motion.js?v=63f46eb6

[1A[2K>> GET http://localhost:5173/node_modules/.vite/deps/tailwind-merge.js?v=63f46eb6

[1A[2K[chromium] ÔÇ║ src\__tests__\e2e\tours.spec.ts:65:5 ÔÇ║ Tours Management ÔÇ║ should create a new tour with all fields
>> GET https://fonts.googleapis.com/css2?family=Outfit:wght@300;400;500;600;700&display=swap

[1A[2KPAGE LOG: [vite] hot updated: /src/index.css

[1A[2K[firefox] ÔÇ║ src\__tests__\e2e\tours.spec.ts:65:5 ÔÇ║ Tours Management ÔÇ║ should create a new tour with all fields
>> GET http://localhost:5173/node_modules/.vite/deps/axios.js?v=63f46eb6

[1A[2K>> GET http://localhost:5173/node_modules/.vite/deps/chunk-3QHH4GXC.js?v=63f46eb6

[1A[2K>> GET http://localhost:5173/src/services/departures.service.ts

[1A[2K[webkit] ÔÇ║ src\__tests__\e2e\tours.spec.ts:65:5 ÔÇ║ Tours Management ÔÇ║ should create a new tour with all fields
>> GET https://fonts.googleapis.com/css2?family=Outfit:wght@300;400;500;600;700&display=swap

[1A[2KPAGE LOG: [vite] hot updated: /src/index.css

[1A[2K[firefox] ÔÇ║ src\__tests__\e2e\tours.spec.ts:65:5 ÔÇ║ Tours Management ÔÇ║ should create a new tour with all fields
>> GET http://localhost:5173/src/services/bookings.service.ts

[1A[2K>> GET http://localhost:5173/node_modules/.vite/deps/@radix-ui_react-dialog.js?v=63f46eb6

[1A[2K[chromium] ÔÇ║ src\__tests__\e2e\tours.spec.ts:65:5 ÔÇ║ Tours Management ÔÇ║ should create a new tour with all fields
>> GET http://localhost:5173/src/index.css?t=1764018770734

[1A[2K[firefox] ÔÇ║ src\__tests__\e2e\tours.spec.ts:65:5 ÔÇ║ Tours Management ÔÇ║ should create a new tour with all fields
>> GET http://localhost:5173/node_modules/.vite/deps/@radix-ui_react-tabs.js?v=63f46eb6

[1A[2K>> GET http://localhost:5173/node_modules/.vite/deps/react-hook-form.js?v=63f46eb6

[1A[2K>> GET http://localhost:5173/node_modules/.vite/deps/@hookform_resolvers_zod.js?v=63f46eb6

[1A[2K>> GET http://localhost:5173/node_modules/.vite/deps/zod.js?v=63f46eb6

[1A[2K>> GET http://localhost:5173/src/components/modals/tour/TourBasicInfo.tsx

[1A[2K>> GET http://localhost:5173/src/components/modals/tour/TourPricing.tsx

[1A[2K>> GET http://localhost:5173/src/components/modals/tour/TourItinerary.tsx

[1A[2K>> GET http://localhost:5173/src/components/modals/tour/TourDetails.tsx

[1A[2K[webkit] ÔÇ║ src\__tests__\e2e\tours.spec.ts:65:5 ÔÇ║ Tours Management ÔÇ║ should create a new tour with all fields
>> GET http://localhost:5173/src/index.css?t=1764018770734

[1A[2K>> GET https://us-central1-nevadotrektest01.cloudfunctions.net/api/admin/bookings

[1A[2K>> GET https://us-central1-nevadotrektest01.cloudfunctions.net/api/admin/departures?start=2025-10-26T00:00:00.000Z&end=2025-12-07T00:00:00.000Z

[1A[2K[firefox] ÔÇ║ src\__tests__\e2e\tours.spec.ts:65:5 ÔÇ║ Tours Management ÔÇ║ should create a new tour with all fields
>> GET http://localhost:5173/src/components/modals/tour/TourImages.tsx

[1A[2K>> GET http://localhost:5173/src/services/tours.service.ts

[1A[2K[chromium] ÔÇ║ src\__tests__\e2e\tours.spec.ts:65:5 ÔÇ║ Tours Management ÔÇ║ should create a new tour with all fields
PAGE LOG: [vite] hot updated: /src/index.css

[1A[2K>> GET https://fonts.googleapis.com/css2?family=Outfit:wght@300;400;500;600;700&display=swap

[1A[2K[firefox] ÔÇ║ src\__tests__\e2e\tours.spec.ts:65:5 ÔÇ║ Tours Management ÔÇ║ should create a new tour with all fields
>> GET http://localhost:5173/node_modules/.vite/deps/chunk-NXXQW4JJ.js?v=63f46eb6

[1A[2K>> GET http://localhost:5173/node_modules/.vite/deps/chunk-4OUBDQG2.js?v=63f46eb6

[1A[2K>> GET http://localhost:5173/node_modules/.vite/deps/chunk-N7T4CHBW.js?v=63f46eb6

[1A[2K[chromium] ÔÇ║ src\__tests__\e2e\tours.spec.ts:65:5 ÔÇ║ Tours Management ÔÇ║ should create a new tour with all fields
>> GET http://localhost:5173/src/index.css?t=1764018770856

[1A[2K[firefox] ÔÇ║ src\__tests__\e2e\tours.spec.ts:65:5 ÔÇ║ Tours Management ÔÇ║ should create a new tour with all fields
>> GET http://localhost:5173/src/components/modals/tour/ItineraryDay.tsx

[1A[2K[webkit] ÔÇ║ src\__tests__\e2e\tours.spec.ts:65:5 ÔÇ║ Tours Management ÔÇ║ should create a new tour with all fields
>> GET https://fonts.googleapis.com/css2?family=Outfit:wght@300;400;500;600;700&display=swap

[1A[2KPAGE LOG: [vite] hot updated: /src/index.css

[1A[2K>> GET http://localhost:5173/src/index.css?t=1764018770856

[1A[2KPAGE LOG: Failed to load resource: the server responded with a status of 401 ()

[1A[2KPAGE LOG: Failed to load resource: the server responded with a status of 401 ()

[1A[2K[firefox] ÔÇ║ src\__tests__\e2e\tours.spec.ts:65:5 ÔÇ║ Tours Management ÔÇ║ should create a new tour with all fields
PAGE LOG: Download the React DevTools for a better development experience: https://react.dev/link/react-devtools

[1A[2K>> GET https://fonts.googleapis.com/css2?family=Outfit:wght@300;400;500;600;700&display=swap

[1A[2KPAGE LOG: Blocking Track

[1A[2KPAGE LOG: Transition Track

[1A[2KPAGE LOG: Suspense Track

[1A[2KPAGE LOG: Idle Track

[1A[2KPAGE LOG: Render

[1A[2KPAGE LOG: Commit

[1A[2K[webkit] ÔÇ║ src\__tests__\e2e\tours.spec.ts:65:5 ÔÇ║ Tours Management ÔÇ║ should create a new tour with all fields
>> GET https://fonts.googleapis.com/css2?family=Outfit:wght@300;400;500;600;700&display=swap

[1A[2K[firefox] ÔÇ║ src\__tests__\e2e\tours.spec.ts:65:5 ÔÇ║ Tours Management ÔÇ║ should create a new tour with all fields
PAGE LOG: Waiting for Paint

[1A[2KPAGE LOG: ErrorBoundary

[1A[2KPAGE LOG: App

[1A[2K[webkit] ÔÇ║ src\__tests__\e2e\tours.spec.ts:65:5 ÔÇ║ Tours Management ÔÇ║ should create a new tour with all fields
PAGE LOG: [vite] hot updated: /src/index.css

[1A[2K>> GET http://localhost:5173/src/index.css?t=1764018771062

[1A[2K[firefox] ÔÇ║ src\__tests__\e2e\tours.spec.ts:65:5 ÔÇ║ Tours Management ÔÇ║ should create a new tour with all fields
PAGE LOG: QueryClientProvider

[1A[2KPAGE LOG: AuthProvider

[1A[2KPAGE LOG: ToastProvider

[1A[2KPAGE LOG: BrowserRouter

[1A[2KPAGE LOG: Router

[1A[2KPAGE LOG: AppRoutes

[1A[2KPAGE LOG: Routes

[1A[2KPAGE LOG: RenderedRoute

[1A[2KPAGE LOG: Login

[1A[2KPAGE LOG: KeyRound

[1A[2KPAGE LOG: ForwardRef

[1A[2KPAGE LOG: ToastContainer

[1A[2K[chromium] ÔÇ║ src\__tests__\e2e\tours.spec.ts:65:5 ÔÇ║ Tours Management ÔÇ║ should create a new tour with all fields
>> GET https://fonts.googleapis.com/css2?family=Outfit:wght@300;400;500;600;700&display=swap

[1A[2KPAGE LOG: [vite] hot updated: /src/index.css

[1A[2K>> GET http://localhost:5173/src/index.css?t=1764018771062

[1A[2K[firefox] ÔÇ║ src\__tests__\e2e\tours.spec.ts:65:5 ÔÇ║ Tours Management ÔÇ║ should create a new tour with all fields
>> GET http://localhost:5173/vite.svg

[1A[2KPAGE LOG: AuthProvider

[1A[2KPAGE LOG: Remaining Effects

[1A[2KPAGE LOG: Blocking Track

[1A[2KPAGE LOG: Transition Track

[1A[2KPAGE LOG: Suspense Track

[1A[2KPAGE LOG: Idle Track

[1A[2KPAGE LOG: Render

[1A[2KPAGE LOG: Commit

[1A[2KPAGE LOG: Waiting for Paint

[1A[2KPAGE LOG: AuthProvider

[1A[2KPAGE LOG: Login

[1A[2KPAGE LOG: ArrowRight

[1A[2KPAGE LOG: ForwardRef

[1A[2KPAGE LOG: Remaining Effects

[1A[2K>> GET http://localhost:5173/src/index.css?t=1764018771062

[1A[2K[webkit] ÔÇ║ src\__tests__\e2e\tours.spec.ts:65:5 ÔÇ║ Tours Management ÔÇ║ should create a new tour with all fields
>> GET https://fonts.googleapis.com/css2?family=Outfit:wght@300;400;500;600;700&display=swap

[1A[2KPAGE LOG: [vite] hot updated: /src/index.css

[1A[2K[chromium] ÔÇ║ src\__tests__\e2e\tours.spec.ts:65:5 ÔÇ║ Tours Management ÔÇ║ should create a new tour with all fields
PAGE LOG: [vite] hot updated: /src/index.css

[1A[2K>> GET https://fonts.googleapis.com/css2?family=Outfit:wght@300;400;500;600;700&display=swap

[1A[2K>> GET http://localhost:5173/src/index.css?t=1764018771515

[1A[2K[firefox] ÔÇ║ src\__tests__\e2e\tours.spec.ts:65:5 ÔÇ║ Tours Management ÔÇ║ should create a new tour with all fields
PAGE LOG: [vite] hot updated: /src/index.css

[1A[2K>> GET http://localhost:5173/src/index.css?t=1764018771515

[1A[2KPAGE LOG: Blocking Track

[1A[2KPAGE LOG: Transition Track

[1A[2KPAGE LOG: Suspense Track

[1A[2KPAGE LOG: Idle Track

[1A[2KPAGE LOG: Render

[1A[2KPAGE LOG: Commit

[1A[2KPAGE LOG: Login

[1A[2KPAGE LOG: Remaining Effects

[1A[2K[webkit] ÔÇ║ src\__tests__\e2e\tours.spec.ts:65:5 ÔÇ║ Tours Management ÔÇ║ should create a new tour with all fields
>> GET http://localhost:5173/src/index.css?t=1764018771515

[1A[2K[firefox] ÔÇ║ src\__tests__\e2e\tours.spec.ts:65:5 ÔÇ║ Tours Management ÔÇ║ should create a new tour with all fields
PAGE LOG: [vite] hot updated: /src/index.css

[1A[2K[chromium] ÔÇ║ src\__tests__\e2e\tours.spec.ts:65:5 ÔÇ║ Tours Management ÔÇ║ should create a new tour with all fields
>> GET https://fonts.googleapis.com/css2?family=Outfit:wght@300;400;500;600;700&display=swap

[1A[2KPAGE LOG: [vite] hot updated: /src/index.css

[1A[2K>> GET http://localhost:5173/src/index.css?t=1764018771828

[1A[2K[firefox] ÔÇ║ src\__tests__\e2e\tours.spec.ts:65:5 ÔÇ║ Tours Management ÔÇ║ should create a new tour with all fields
>> GET http://localhost:5173/src/index.css?t=1764018771828

[1A[2K[webkit] ÔÇ║ src\__tests__\e2e\tours.spec.ts:65:5 ÔÇ║ Tours Management ÔÇ║ should create a new tour with all fields
>> GET https://fonts.googleapis.com/css2?family=Outfit:wght@300;400;500;600;700&display=swap

[1A[2KPAGE LOG: [vite] hot updated: /src/index.css

[1A[2K>> GET http://localhost:5173/src/index.css?t=1764018771828

[1A[2K[firefox] ÔÇ║ src\__tests__\e2e\tours.spec.ts:65:5 ÔÇ║ Tours Management ÔÇ║ should create a new tour with all fields
PAGE LOG: Blocking Track

[1A[2KPAGE LOG: Transition Track

[1A[2KPAGE LOG: Suspense Track

[1A[2KPAGE LOG: Idle Track

[1A[2KPAGE LOG: Render

[1A[2KPAGE LOG: Commit

[1A[2KPAGE LOG: AuthProvider

[1A[2KPAGE LOG: Login

[1A[2KPAGE LOG: Remaining Effects

[1A[2K>> GET https://us-central1-nevadotrektest01.cloudfunctions.net/api/admin/stats

[1A[2KMock hit: /admin/stats

[1A[2KPAGE LOG: Blocking Track

[1A[2KPAGE LOG: Transition Track

[1A[2KPAGE LOG: Suspense Track

[1A[2KPAGE LOG: Idle Track

[1A[2KPAGE LOG: Event: loadend

[1A[2KPAGE LOG: Render

[1A[2KPAGE LOG: Commit

[1A[2KPAGE LOG: Waiting for Paint

[1A[2KPAGE LOG: AuthProvider

[1A[2KPAGE LOG: Login

[1A[2KPAGE LOG: ArrowRight

[1A[2KPAGE LOG: ForwardRef

[1A[2KPAGE LOG: Remaining Effects

[1A[2KPAGE LOG: Blocking Track

[1A[2KPAGE LOG: Transition Track

[1A[2KPAGE LOG: Suspense Track

[1A[2KPAGE LOG: Idle Track

[1A[2KPAGE LOG: Event: loadend

[1A[2KPAGE LOG: Blocked

[1A[2KPAGE LOG: Blocked

[1A[2K[chromium] ÔÇ║ src\__tests__\e2e\tours.spec.ts:65:5 ÔÇ║ Tours Management ÔÇ║ should create a new tour with all fields
>> GET https://fonts.googleapis.com/css2?family=Outfit:wght@300;400;500;600;700&display=swap

[1A[2KPAGE LOG: [vite] hot updated: /src/index.css

[1A[2K[firefox] ÔÇ║ src\__tests__\e2e\tours.spec.ts:65:5 ÔÇ║ Tours Management ÔÇ║ should create a new tour with all fields
PAGE LOG: Blocked

[1A[2K[webkit] ÔÇ║ src\__tests__\e2e\tours.spec.ts:65:5 ÔÇ║ Tours Management ÔÇ║ should create a new tour with all fields
>> GET https://fonts.googleapis.com/css2?family=Outfit:wght@300;400;500;600;700&display=swap

[1A[2KPAGE LOG: [vite] hot updated: /src/index.css

[1A[2K[chromium] ÔÇ║ src\__tests__\e2e\tours.spec.ts:65:5 ÔÇ║ Tours Management ÔÇ║ should create a new tour with all fields
>> GET http://localhost:5173/src/index.css?t=1764018772034

[1A[2K[firefox] ÔÇ║ src\__tests__\e2e\tours.spec.ts:65:5 ÔÇ║ Tours Management ÔÇ║ should create a new tour with all fields
PAGE LOG: Blocked

[1A[2K[webkit] ÔÇ║ src\__tests__\e2e\tours.spec.ts:65:5 ÔÇ║ Tours Management ÔÇ║ should create a new tour with all fields
>> GET http://localhost:5173/src/index.css?t=1764018772034

[1A[2K[firefox] ÔÇ║ src\__tests__\e2e\tours.spec.ts:65:5 ÔÇ║ Tours Management ÔÇ║ should create a new tour with all fields
PAGE LOG: [vite] hot updated: /src/index.css

[1A[2KPAGE LOG: Blocked

[1A[2K>> GET http://localhost:5173/src/index.css?t=1764018772034

[1A[2KPAGE LOG: Render

[1A[2KPAGE LOG: a

[1A[2K[chromium] ÔÇ║ src\__tests__\e2e\tours.spec.ts:65:5 ÔÇ║ Tours Management ÔÇ║ should create a new tour with all fields
>> GET https://fonts.googleapis.com/css2?family=Outfit:wght@300;400;500;600;700&display=swap

[1A[2KPAGE LOG: [vite] hot updated: /src/index.css

[1A[2K>> GET http://localhost:5173/src/index.css?t=1764018772203

[1A[2K[webkit] ÔÇ║ src\__tests__\e2e\tours.spec.ts:65:5 ÔÇ║ Tours Management ÔÇ║ should create a new tour with all fields
>> GET https://fonts.googleapis.com/css2?family=Outfit:wght@300;400;500;600;700&display=swap

[1A[2KPAGE LOG: [vite] hot updated: /src/index.css

[1A[2K>> GET http://localhost:5173/src/index.css?t=1764018772203

[1A[2K[firefox] ÔÇ║ src\__tests__\e2e\tours.spec.ts:65:5 ÔÇ║ Tours Management ÔÇ║ should create a new tour with all fields
PAGE LOG: FullCalendar

[1A[2KPAGE LOG: Commit

[1A[2KPAGE LOG: BrowserRouter

[1A[2KPAGE LOG: Routes

[1A[2KPAGE LOG: ProtectedRoute

[1A[2KPAGE LOG: DashboardLayout

[1A[2KPAGE LOG: NavLink

[1A[2KPAGE LOG: Link

[1A[2KPAGE LOG: Calendar

[1A[2KPAGE LOG: ForwardRef

[1A[2KPAGE LOG: NavLink

[1A[2KPAGE LOG: Link

[1A[2KPAGE LOG: Ticket

[1A[2KPAGE LOG: ForwardRef

[1A[2KPAGE LOG: NavLink

[1A[2KPAGE LOG: Link

[1A[2KPAGE LOG: NavLink

[1A[2KPAGE LOG: Link

[1A[2KPAGE LOG: ChartColumn

[1A[2KPAGE LOG: ForwardRef

[1A[2KPAGE LOG: LogOut

[1A[2KPAGE LOG: ForwardRef

[1A[2KPAGE LOG: User

[1A[2KPAGE LOG: ForwardRef

[1A[2KPAGE LOG: Outlet

[1A[2KPAGE LOG: RenderedRoute

[1A[2KPAGE LOG: Home

[1A[2KPAGE LOG: LiquidButton

[1A[2KPAGE LOG: Plus

[1A[2KPAGE LOG: ForwardRef

[1A[2KPAGE LOG: GlassCard

[1A[2KPAGE LOG: DepartureModal

[1A[2KPAGE LOG: DepartureModal

[1A[2KPAGE LOG: FullCalendar

[1A[2KPAGE LOG: Remaining Effects

[1A[2KPAGE LOG: Blocking Track

[1A[2KPAGE LOG: Transition Track

[1A[2KPAGE LOG: Suspense Track

[1A[2KPAGE LOG: Idle Track

[1A[2KPAGE LOG: Render

[1A[2KPAGE LOG: FullCalendar

[1A[2KPAGE LOG: Commit

[1A[2KPAGE LOG: Home

[1A[2KPAGE LOG: LoaderCircle

[1A[2KPAGE LOG: ForwardRef

[1A[2KPAGE LOG: DepartureModal

[1A[2KPAGE LOG: Home

[1A[2KPAGE LOG: Remaining Effects

[1A[2K[chromium] ÔÇ║ src\__tests__\e2e\tours.spec.ts:65:5 ÔÇ║ Tours Management ÔÇ║ should create a new tour with all fields
>> GET https://fonts.googleapis.com/css2?family=Outfit:wght@300;400;500;600;700&display=swap

[1A[2KPAGE LOG: [vite] hot updated: /src/index.css

[1A[2K[webkit] ÔÇ║ src\__tests__\e2e\tours.spec.ts:65:5 ÔÇ║ Tours Management ÔÇ║ should create a new tour with all fields
>> GET https://fonts.googleapis.com/css2?family=Outfit:wght@300;400;500;600;700&display=swap

[1A[2KPAGE LOG: [vite] hot updated: /src/index.css

[1A[2K[firefox] ÔÇ║ src\__tests__\e2e\tours.spec.ts:65:5 ÔÇ║ Tours Management ÔÇ║ should create a new tour with all fields
>> GET https://us-central1-nevadotrektest01.cloudfunctions.net/api/admin/bookings

[1A[2K[chromium] ÔÇ║ src\__tests__\e2e\tours.spec.ts:65:5 ÔÇ║ Tours Management ÔÇ║ should create a new tour with all fields
>> GET http://localhost:5173/src/index.css?t=1764018772403

[1A[2K[firefox] ÔÇ║ src\__tests__\e2e\tours.spec.ts:65:5 ÔÇ║ Tours Management ÔÇ║ should create a new tour with all fields
>> GET https://us-central1-nevadotrektest01.cloudfunctions.net/api/admin/tours

[1A[2KMock hit: GET /admin/tours

[1A[2K>> GET https://us-central1-nevadotrektest01.cloudfunctions.net/api/admin/departures?start=2025-10-26T00:00:00.000Z&end=2025-12-07T00:00:00.000Z

[1A[2KPAGE LOG: [JavaScript Warning: "downloadable font: Glyph bbox was incorrect (glyph ids 4 5 6 7 10) (font-family: "fcicons" style:normal weight:400 stretch:100 src index:0) source: data:application/x-font-ttf;charset=utf-8;base64,AAEAAAALAIAAAwAwT1MvMg8SBfAAAAC8AAAAYGNtYXAXVtKNAAABHAAAAFRnYXNwAAAAEAAAAXAAAAA ÔÇª IEljb01vb24uAEYAbwBuAHQAIABnAGUAbgBlAHIAYQB0AGUAZAAgAGIAeQAgAEkAYwBvAE0AbwBvAG4ALgAAAAMAAAAAAAAAAAAAAAAAAAAAAAAAAAAAAAAAAAAAAAA="]

[1A[2KPAGE LOG: Blocking Track

[1A[2KPAGE LOG: Transition Track

[1A[2KPAGE LOG: Suspense Track

[1A[2KPAGE LOG: Idle Track

[1A[2KPAGE LOG: Render

[1A[2KPAGE LOG: Commit

[1A[2KPAGE LOG: DepartureModal

[1A[2KPAGE LOG: [vite] hot updated: /src/index.css

[1A[2K>> GET http://localhost:5173/src/index.css?t=1764018772203

[1A[2K[webkit] ÔÇ║ src\__tests__\e2e\tours.spec.ts:65:5 ÔÇ║ Tours Management ÔÇ║ should create a new tour with all fields
>> GET http://localhost:5173/src/index.css?t=1764018772403

[1A[2K[firefox] ÔÇ║ src\__tests__\e2e\tours.spec.ts:65:5 ÔÇ║ Tours Management ÔÇ║ should create a new tour with all fields
PAGE LOG: [vite] hot updated: /src/index.css

[1A[2K[chromium] ÔÇ║ src\__tests__\e2e\tours.spec.ts:65:5 ÔÇ║ Tours Management ÔÇ║ should create a new tour with all fields
>> GET https://fonts.googleapis.com/css2?family=Outfit:wght@300;400;500;600;700&display=swap

[1A[2KPAGE LOG: [vite] hot updated: /src/index.css

[1A[2K[firefox] ÔÇ║ src\__tests__\e2e\tours.spec.ts:65:5 ÔÇ║ Tours Management ÔÇ║ should create a new tour with all fields
>> GET http://localhost:5173/src/index.css?t=1764018772403

[1A[2K[webkit] ÔÇ║ src\__tests__\e2e\tours.spec.ts:65:5 ÔÇ║ Tours Management ÔÇ║ should create a new tour with all fields
>> GET https://fonts.googleapis.com/css2?family=Outfit:wght@300;400;500;600;700&display=swap

[1A[2KPAGE LOG: [vite] hot updated: /src/index.css

[1A[2K>> GET http://localhost:5173/src/index.css?t=1764018772517

[1A[2K[chromium] ÔÇ║ src\__tests__\e2e\tours.spec.ts:65:5 ÔÇ║ Tours Management ÔÇ║ should create a new tour with all fields
>> GET http://localhost:5173/src/index.css?t=1764018772517

[1A[2K[firefox] ÔÇ║ src\__tests__\e2e\tours.spec.ts:65:5 ÔÇ║ Tours Management ÔÇ║ should create a new tour with all fields
PAGE LOG: [vite] hot updated: /src/index.css

[1A[2K[chromium] ÔÇ║ src\__tests__\e2e\tours.spec.ts:65:5 ÔÇ║ Tours Management ÔÇ║ should create a new tour with all fields
PAGE LOG: [vite] hot updated: /src/index.css

[1A[2K>> GET https://fonts.googleapis.com/css2?family=Outfit:wght@300;400;500;600;700&display=swap

[1A[2K[webkit] ÔÇ║ src\__tests__\e2e\tours.spec.ts:65:5 ÔÇ║ Tours Management ÔÇ║ should create a new tour with all fields
>> GET https://fonts.googleapis.com/css2?family=Outfit:wght@300;400;500;600;700&display=swap

[1A[2KPAGE LOG: [vite] hot updated: /src/index.css

[1A[2K[chromium] ÔÇ║ src\__tests__\e2e\tours.spec.ts:65:5 ÔÇ║ Tours Management ÔÇ║ should create a new tour with all fields
>> GET http://localhost:5173/src/index.css?t=1764018772637

[1A[2K[firefox] ÔÇ║ src\__tests__\e2e\tours.spec.ts:65:5 ÔÇ║ Tours Management ÔÇ║ should create a new tour with all fields
>> GET http://localhost:5173/src/index.css?t=1764018772517

[1A[2K[webkit] ÔÇ║ src\__tests__\e2e\tours.spec.ts:65:5 ÔÇ║ Tours Management ÔÇ║ should create a new tour with all fields
>> GET http://localhost:5173/src/index.css?t=1764018772637

[1A[2K[chromium] ÔÇ║ src\__tests__\e2e\tours.spec.ts:65:5 ÔÇ║ Tours Management ÔÇ║ should create a new tour with all fields
>> GET https://fonts.googleapis.com/css2?family=Outfit:wght@300;400;500;600;700&display=swap

[1A[2KPAGE LOG: [vite] hot updated: /src/index.css

[1A[2K[firefox] ÔÇ║ src\__tests__\e2e\tours.spec.ts:65:5 ÔÇ║ Tours Management ÔÇ║ should create a new tour with all fields
PAGE LOG: [vite] hot updated: /src/index.css

[1A[2K[webkit] ÔÇ║ src\__tests__\e2e\tours.spec.ts:65:5 ÔÇ║ Tours Management ÔÇ║ should create a new tour with all fields
>> GET https://fonts.googleapis.com/css2?family=Outfit:wght@300;400;500;600;700&display=swap

[1A[2KPAGE LOG: [vite] hot updated: /src/index.css

[1A[2K[chromium] ÔÇ║ src\__tests__\e2e\tours.spec.ts:65:5 ÔÇ║ Tours Management ÔÇ║ should create a new tour with all fields
>> GET http://localhost:5173/src/index.css?t=1764018772734

[1A[2K[firefox] ÔÇ║ src\__tests__\e2e\tours.spec.ts:65:5 ÔÇ║ Tours Management ÔÇ║ should create a new tour with all fields
>> GET http://localhost:5173/src/index.css?t=1764018772637

[1A[2K[webkit] ÔÇ║ src\__tests__\e2e\tours.spec.ts:65:5 ÔÇ║ Tours Management ÔÇ║ should create a new tour with all fields
>> GET http://localhost:5173/src/index.css?t=1764018772734

[1A[2K[chromium] ÔÇ║ src\__tests__\e2e\tours.spec.ts:65:5 ÔÇ║ Tours Management ÔÇ║ should create a new tour with all fields
>> GET https://fonts.googleapis.com/css2?family=Outfit:wght@300;400;500;600;700&display=swap

[1A[2KPAGE LOG: [vite] hot updated: /src/index.css

[1A[2K[webkit] ÔÇ║ src\__tests__\e2e\tours.spec.ts:65:5 ÔÇ║ Tours Management ÔÇ║ should create a new tour with all fields
>> GET https://fonts.googleapis.com/css2?family=Outfit:wght@300;400;500;600;700&display=swap

[1A[2KPAGE LOG: [vite] hot updated: /src/index.css

[1A[2K[chromium] ÔÇ║ src\__tests__\e2e\tours.spec.ts:65:5 ÔÇ║ Tours Management ÔÇ║ should create a new tour with all fields
>> GET http://localhost:5173/src/index.css?t=1764018772837

[1A[2K[firefox] ÔÇ║ src\__tests__\e2e\tours.spec.ts:65:5 ÔÇ║ Tours Management ÔÇ║ should create a new tour with all fields
PAGE LOG: [vite] hot updated: /src/index.css

[1A[2K>> GET http://localhost:5173/src/index.css?t=1764018772734

[1A[2KPAGE LOG: Blocking Track

[1A[2KPAGE LOG: Transition Track

[1A[2KPAGE LOG: Suspense Track

[1A[2KPAGE LOG: Idle Track

[1A[2KPAGE LOG: Event: click

[1A[2KPAGE LOG: Blocked

[1A[2KPAGE LOG: Blocked

[1A[2KPAGE LOG: Render

[1A[2K[webkit] ÔÇ║ src\__tests__\e2e\tours.spec.ts:65:5 ÔÇ║ Tours Management ÔÇ║ should create a new tour with all fields
>> GET http://localhost:5173/src/index.css?t=1764018772837

[1A[2K[firefox] ÔÇ║ src\__tests__\e2e\tours.spec.ts:65:5 ÔÇ║ Tours Management ÔÇ║ should create a new tour with all fields
PAGE LOG: FullCalendar

[1A[2KPAGE LOG: a

[1A[2KPAGE LOG: Presence

[1A[2KPAGE LOG: Commit

[1A[2KPAGE LOG: Waiting

[1A[2KPAGE LOG: BrowserRouter

[1A[2KPAGE LOG: Routes

[1A[2KPAGE LOG: DashboardLayout

[1A[2KPAGE LOG: Tours

[1A[2KPAGE LOG: LiquidButton

[1A[2KPAGE LOG: Search

[1A[2KPAGE LOG: AnimatePresence

[1A[2KPAGE LOG: TourModal

[1A[2KPAGE LOG: Dialog

[1A[2KPAGE LOG: DialogProvider

[1A[2KPAGE LOG: DialogPortal

[1A[2KPAGE LOG: DialogPortalProvider

[1A[2KPAGE LOG: Presence

[1A[2KPAGE LOG: Presence

[1A[2KPAGE LOG: TourModal

[1A[2KPAGE LOG: TourModal

[1A[2KPAGE LOG: Remaining Effects

[1A[2KPAGE LOG: Blocking Track

[1A[2KPAGE LOG: Transition Track

[1A[2KPAGE LOG: Suspense Track

[1A[2KPAGE LOG: Idle Track

[1A[2KPAGE LOG: Render

[1A[2KPAGE LOG: Commit

[1A[2KPAGE LOG: TourModal

[1A[2K>> GET https://us-central1-nevadotrektest01.cloudfunctions.net/api/admin/tours

[1A[2KMock hit: GET /admin/tours

[1A[2K[webkit] ÔÇ║ src\__tests__\e2e\tours.spec.ts:65:5 ÔÇ║ Tours Management ÔÇ║ should create a new tour with all fields
>> GET https://us-central1-nevadotrektest01.cloudfunctions.net/api/admin/departures?start=2025-10-26T00:00:00.000Z&end=2025-12-07T00:00:00.000Z

[1A[2K>> GET https://us-central1-nevadotrektest01.cloudfunctions.net/api/admin/bookings

[1A[2K>> GET https://fonts.googleapis.com/css2?family=Outfit:wght@300;400;500;600;700&display=swap

[1A[2K[firefox] ÔÇ║ src\__tests__\e2e\tours.spec.ts:65:5 ÔÇ║ Tours Management ÔÇ║ should create a new tour with all fields
PAGE LOG: Blocking Track

[1A[2KPAGE LOG: Transition Track

[1A[2KPAGE LOG: Suspense Track

[1A[2KPAGE LOG: Idle Track

[1A[2K[chromium] ÔÇ║ src\__tests__\e2e\tours.spec.ts:65:5 ÔÇ║ Tours Management ÔÇ║ should create a new tour with all fields
>> GET https://fonts.googleapis.com/css2?family=Outfit:wght@300;400;500;600;700&display=swap

[1A[2KPAGE LOG: [vite] hot updated: /src/index.css

[1A[2K[webkit] ÔÇ║ src\__tests__\e2e\tours.spec.ts:65:5 ÔÇ║ Tours Management ÔÇ║ should create a new tour with all fields
PAGE LOG: [vite] hot updated: /src/index.css

[1A[2K[firefox] ÔÇ║ src\__tests__\e2e\tours.spec.ts:65:5 ÔÇ║ Tours Management ÔÇ║ should create a new tour with all fields
PAGE LOG: Render

[1A[2KPAGE LOG: Commit

[1A[2K[chromium] ÔÇ║ src\__tests__\e2e\tours.spec.ts:65:5 ÔÇ║ Tours Management ÔÇ║ should create a new tour with all fields
>> GET http://localhost:5173/src/index.css?t=1764018772970

[1A[2K[firefox] ÔÇ║ src\__tests__\e2e\tours.spec.ts:65:5 ÔÇ║ Tours Management ÔÇ║ should create a new tour with all fields
PAGE LOG: Waiting

[1A[2K[webkit] ÔÇ║ src\__tests__\e2e\tours.spec.ts:65:5 ÔÇ║ Tours Management ÔÇ║ should create a new tour with all fields
>> GET http://localhost:5173/src/index.css?t=1764018772970

[1A[2K[firefox] ÔÇ║ src\__tests__\e2e\tours.spec.ts:65:5 ÔÇ║ Tours Management ÔÇ║ should create a new tour with all fields
PAGE LOG: Tours

[1A[2KPAGE LOG: Remaining Effects

[1A[2KPAGE LOG: [vite] hot updated: /src/index.css

[1A[2K>> GET http://localhost:5173/src/index.css?t=1764018772837

[1A[2KPAGE LOG: [vite] hot updated: /src/index.css

[1A[2K>> GET http://localhost:5173/src/index.css?t=1764018772970

[1A[2K[chromium] ÔÇ║ src\__tests__\e2e\tours.spec.ts:65:5 ÔÇ║ Tours Management ÔÇ║ should create a new tour with all fields
PAGE LOG: [vite] hot updated: /src/index.css

[1A[2K>> GET https://fonts.googleapis.com/css2?family=Outfit:wght@300;400;500;600;700&display=swap

[1A[2K>> GET http://localhost:5173/src/index.css?t=1764018773103

[1A[2K[webkit] ÔÇ║ src\__tests__\e2e\tours.spec.ts:65:5 ÔÇ║ Tours Management ÔÇ║ should create a new tour with all fields
PAGE LOG: Failed to load resource: the server responded with a status of 401 ()

[1A[2KPAGE LOG: Failed to load resource: the server responded with a status of 401 ()

[1A[2K>> GET https://fonts.googleapis.com/css2?family=Outfit:wght@300;400;500;600;700&display=swap

[1A[2KPAGE LOG: [vite] hot updated: /src/index.css

[1A[2K>> GET http://localhost:5173/src/index.css?t=1764018773103

[1A[2K[firefox] ÔÇ║ src\__tests__\e2e\tours.spec.ts:65:5 ÔÇ║ Tours Management ÔÇ║ should create a new tour with all fields
PAGE LOG: Blocking Track

[1A[2KPAGE LOG: Transition Track

[1A[2KPAGE LOG: Suspense Track

[1A[2KPAGE LOG: Idle Track

[1A[2KPAGE LOG: Event: click

[1A[2KPAGE LOG: Render

[1A[2KPAGE LOG: Presence

[1A[2KPAGE LOG: Commit

[1A[2KPAGE LOG: Tours

[1A[2KPAGE LOG: TourModal

[1A[2KPAGE LOG: Remaining Effects

[1A[2KPAGE LOG: Blocking Track

[1A[2KPAGE LOG: Transition Track

[1A[2KPAGE LOG: Suspense Track

[1A[2KPAGE LOG: Idle Track

[1A[2KPAGE LOG: Render

[1A[2KPAGE LOG: Portal

[1A[2KPAGE LOG: Commit

[1A[2KPAGE LOG: TourModal

[1A[2KPAGE LOG: Remaining Effects

[1A[2KPAGE LOG: Blocking Track

[1A[2KPAGE LOG: Transition Track

[1A[2KPAGE LOG: Suspense Track

[1A[2KPAGE LOG: Idle Track

[1A[2K[webkit] ÔÇ║ src\__tests__\e2e\tours.spec.ts:65:5 ÔÇ║ Tours Management ÔÇ║ should create a new tour with all fields
>> GET https://fonts.googleapis.com/css2?family=Outfit:wght@300;400;500;600;700&display=swap

[1A[2KPAGE LOG: [vite] hot updated: /src/index.css

[1A[2K>> GET http://localhost:5173/src/index.css?t=1764018773213

[1A[2K[chromium] ÔÇ║ src\__tests__\e2e\tours.spec.ts:65:5 ÔÇ║ Tours Management ÔÇ║ should create a new tour with all fields
PAGE LOG: [vite] hot updated: /src/index.css

[1A[2K>> GET http://localhost:5173/src/index.css?t=1764018773213

[1A[2K[firefox] ÔÇ║ src\__tests__\e2e\tours.spec.ts:65:5 ÔÇ║ Tours Management ÔÇ║ should create a new tour with all fields
PAGE LOG: Render

[1A[2KPAGE LOG: div

[1A[2KPAGE LOG: RovingFocusGroupItem

[1A[2KPAGE LOG: input

[1A[2KPAGE LOG: input

[1A[2KPAGE LOG: input

[1A[2KPAGE LOG: Commit

[1A[2KPAGE LOG: Waiting

[1A[2KPAGE LOG: Portal

[1A[2KPAGE LOG: Primitive.div

[1A[2KPAGE LOG: Primitive.div.Slot

[1A[2KPAGE LOG: Primitive.div.SlotClone

[1A[2KPAGE LOG: DialogOverlay

[1A[2KPAGE LOG: Presence

[1A[2KPAGE LOG: ForwardRef

[1A[2KPAGE LOG: ForwardRef

[1A[2KPAGE LOG: ForwardRef

[1A[2KPAGE LOG: SideCar

[1A[2KPAGE LOG: RemoveScrollSideCar

[1A[2KPAGE LOG: RemoveScrollBar

[1A[2KPAGE LOG: Sheet

[1A[2KPAGE LOG: DialogOverlay.RemoveScroll.Slot

[1A[2KPAGE LOG: DialogOverlay.RemoveScroll.SlotClone

[1A[2KPAGE LOG: Primitive.div

[1A[2KPAGE LOG: Presence

[1A[2KPAGE LOG: Portal

[1A[2KPAGE LOG: Primitive.div

[1A[2KPAGE LOG: Primitive.div.Slot

[1A[2KPAGE LOG: Primitive.div.SlotClone

[1A[2KPAGE LOG: DialogContent

[1A[2KPAGE LOG: Presence

[1A[2KPAGE LOG: ForwardRef

[1A[2KPAGE LOG: ForwardRef

[1A[2KPAGE LOG: FocusScope

[1A[2KPAGE LOG: Primitive.div

[1A[2KPAGE LOG: Primitive.div.Slot

[1A[2KPAGE LOG: Primitive.div.SlotClone

[1A[2KPAGE LOG: DismissableLayer

[1A[2KPAGE LOG: Primitive.div

[1A[2KPAGE LOG: Tabs

[1A[2KPAGE LOG: TabsProvider

[1A[2KPAGE LOG: Primitive.div

[1A[2KPAGE LOG: TabsList

[1A[2KPAGE LOG: RovingFocusGroup

[1A[2KPAGE LOG: RovingFocusGroupCollectionProvider

[1A[2KPAGE LOG: RovingFocusGroupCollectionProviderProvider

[1A[2KPAGE LOG: RovingFocusGroupCollectionSlot

[1A[2KPAGE LOG: RovingFocusGroupCollectionSlot.Slot

[1A[2KPAGE LOG: RovingFocusGroupCollectionSlot.SlotClone

[1A[2KPAGE LOG: ForwardRef

[1A[2KPAGE LOG: RovingFocusGroupProvider

[1A[2KPAGE LOG: Primitive.div

[1A[2KPAGE LOG: Primitive.div.Slot

[1A[2KPAGE LOG: Primitive.div.SlotClone

[1A[2KPAGE LOG: Primitive.div

[1A[2KPAGE LOG: TabsTrigger

[1A[2KPAGE LOG: RovingFocusGroupItem

[1A[2KPAGE LOG: RovingFocusGroupCollectionItemSlot

[1A[2KPAGE LOG: RovingFocusGroupCollectionItemSlot.Slot

[1A[2KPAGE LOG: RovingFocusGroupCollectionItemSlot.SlotClone

[1A[2KPAGE LOG: Primitive.span

[1A[2KPAGE LOG: Primitive.span.Slot

[1A[2KPAGE LOG: Primitive.span.SlotClone

[1A[2KPAGE LOG: Primitive.button

[1A[2KPAGE LOG: RovingFocusGroupCollectionItemSlot

[1A[2KPAGE LOG: TabsTrigger

[1A[2KPAGE LOG: RovingFocusGroupItem

[1A[2KPAGE LOG: RovingFocusGroupCollectionItemSlot

[1A[2KPAGE LOG: RovingFocusGroupCollectionItemSlot.Slot

[1A[2KPAGE LOG: RovingFocusGroupCollectionItemSlot.SlotClone

[1A[2KPAGE LOG: Primitive.span

[1A[2KPAGE LOG: Primitive.span.Slot

[1A[2KPAGE LOG: Primitive.span.SlotClone

[1A[2KPAGE LOG: Primitive.button

[1A[2KPAGE LOG: TabsTrigger

[1A[2KPAGE LOG: RovingFocusGroupItem

[1A[2KPAGE LOG: RovingFocusGroupCollectionItemSlot

[1A[2KPAGE LOG: TabsTrigger

[1A[2KPAGE LOG: RovingFocusGroupItem

[1A[2KPAGE LOG: RovingFocusGroupCollectionItemSlot

[1A[2KPAGE LOG: RovingFocusGroupCollectionItemSlot.Slot

[1A[2KPAGE LOG: RovingFocusGroupCollectionItemSlot.SlotClone

[1A[2KPAGE LOG: Primitive.span

[1A[2KPAGE LOG: Primitive.span.Slot

[1A[2KPAGE LOG: Primitive.span.SlotClone

[1A[2KPAGE LOG: Primitive.button

[1A[2KPAGE LOG: RovingFocusGroupItem

[1A[2KPAGE LOG: TabsTrigger

[1A[2KPAGE LOG: RovingFocusGroupItem

[1A[2KPAGE LOG: RovingFocusGroupCollectionItemSlot

[1A[2KPAGE LOG: RovingFocusGroupCollectionItemSlot.Slot

[1A[2KPAGE LOG: RovingFocusGroupCollectionItemSlot.SlotClone

[1A[2KPAGE LOG: Primitive.span

[1A[2KPAGE LOG: Primitive.span.Slot

[1A[2KPAGE LOG: Primitive.span.SlotClone

[1A[2KPAGE LOG: Primitive.button

[1A[2KPAGE LOG: TabsContent

[1A[2KPAGE LOG: Presence

[1A[2KPAGE LOG: Primitive.div

[1A[2KPAGE LOG: TourBasicInfo

[1A[2KPAGE LOG: TabsContent

[1A[2KPAGE LOG: Presence

[1A[2KPAGE LOG: TabsContent

[1A[2KPAGE LOG: TabsContent

[1A[2KPAGE LOG: Presence

[1A[2KPAGE LOG: TabsContent

[1A[2KPAGE LOG: Presence

[1A[2KPAGE LOG: Primitive.div

[1A[2KPAGE LOG: TabsContent

[1A[2KPAGE LOG: Presence

[1A[2KPAGE LOG: LiquidButton

[1A[2KPAGE LOG: LiquidButton

[1A[2KPAGE LOG: TitleWarning

[1A[2KPAGE LOG: DescriptionWarning

[1A[2KPAGE LOG: Warning: Missing `Description` or `aria-describedby={undefined}` for {DialogContent}.

[1A[2KPAGE LOG: ForwardRef

[1A[2KPAGE LOG: Presence

[1A[2KPAGE LOG: RemoveScrollBar

[1A[2KPAGE LOG: Presence

[1A[2KPAGE LOG: div

[1A[2KPAGE LOG: Presence

[1A[2KPAGE LOG: div

[1A[2KPAGE LOG: Presence

[1A[2KPAGE LOG: Warning: Missing `Description` or `aria-describedby={undefined}` for {DialogContent}.

[1A[2KPAGE LOG: ForwardRef

[1A[2KPAGE LOG: Presence

[1A[2KPAGE LOG: Remaining Effects

[1A[2KPAGE LOG: Blocking Track

[1A[2KPAGE LOG: Transition Track

[1A[2KPAGE LOG: Suspense Track

[1A[2KPAGE LOG: Idle Track

[1A[2KPAGE LOG: Render

[1A[2KPAGE LOG: div

[1A[2KPAGE LOG: div

[1A[2KPAGE LOG: Presence

[1A[2KPAGE LOG: Commit

[1A[2KPAGE LOG: FocusScope

[1A[2KPAGE LOG: Presence

[1A[2KPAGE LOG: Presence

[1A[2KPAGE LOG: ForwardRef

[1A[2KPAGE LOG: DismissableLayer

[1A[2KPAGE LOG: FocusScope

[1A[2KPAGE LOG: Remaining Effects

[1A[2KPAGE LOG: Blocking Track

[1A[2KPAGE LOG: Transition Track

[1A[2KPAGE LOG: Suspense Track

[1A[2KPAGE LOG: Idle Track

[1A[2KPAGE LOG: Render

[1A[2KPAGE LOG: div

[1A[2KPAGE LOG: Commit

[1A[2KPAGE LOG: DismissableLayer

[1A[2KPAGE LOG: Blocking Track

[1A[2KPAGE LOG: Transition Track

[1A[2KPAGE LOG: Suspense Track

[1A[2KPAGE LOG: Idle Track

[1A[2KPAGE LOG: Render

[1A[2KPAGE LOG: Commit

[1A[2K[chromium] ÔÇ║ src\__tests__\e2e\tours.spec.ts:65:5 ÔÇ║ Tours Management ÔÇ║ should create a new tour with all fields
>> GET https://fonts.googleapis.com/css2?family=Outfit:wght@300;400;500;600;700&display=swap

[1A[2KPAGE LOG: [vite] hot updated: /src/index.css

[1A[2K>> GET http://localhost:5173/src/index.css?t=1764018773382

[1A[2K[webkit] ÔÇ║ src\__tests__\e2e\tours.spec.ts:65:5 ÔÇ║ Tours Management ÔÇ║ should create a new tour with all fields
>> GET https://fonts.googleapis.com/css2?family=Outfit:wght@300;400;500;600;700&display=swap

[1A[2KPAGE LOG: [vite] hot updated: /src/index.css

[1A[2K>> GET http://localhost:5173/src/index.css?t=1764018773382

[1A[2K[firefox] ÔÇ║ src\__tests__\e2e\tours.spec.ts:65:5 ÔÇ║ Tours Management ÔÇ║ should create a new tour with all fields
PAGE LOG: [vite] hot updated: /src/index.css

[1A[2K>> GET http://localhost:5173/src/index.css?t=1764018773103

[1A[2K[chromium] ÔÇ║ src\__tests__\e2e\tours.spec.ts:65:5 ÔÇ║ Tours Management ÔÇ║ should create a new tour with all fields
>> GET https://fonts.googleapis.com/css2?family=Outfit:wght@300;400;500;600;700&display=swap

[1A[2KPAGE LOG: [vite] hot updated: /src/index.css

[1A[2K[webkit] ÔÇ║ src\__tests__\e2e\tours.spec.ts:65:5 ÔÇ║ Tours Management ÔÇ║ should create a new tour with all fields
>> GET https://fonts.googleapis.com/css2?family=Outfit:wght@300;400;500;600;700&display=swap

[1A[2KPAGE LOG: [vite] hot updated: /src/index.css

[1A[2K>> GET http://localhost:5173/src/index.css?t=1764018773550

[1A[2K[chromium] ÔÇ║ src\__tests__\e2e\tours.spec.ts:65:5 ÔÇ║ Tours Management ÔÇ║ should create a new tour with all fields
>> GET http://localhost:5173/src/index.css?t=1764018773550

[1A[2K[firefox] ÔÇ║ src\__tests__\e2e\tours.spec.ts:65:5 ÔÇ║ Tours Management ÔÇ║ should create a new tour with all fields
PAGE LOG: [vite] hot updated: /src/index.css

[1A[2K>> GET http://localhost:5173/src/index.css?t=1764018773213

[1A[2K[chromium] ÔÇ║ src\__tests__\e2e\tours.spec.ts:65:5 ÔÇ║ Tours Management ÔÇ║ should create a new tour with all fields
PAGE LOG: [vite] hot updated: /src/index.css

[1A[2K>> GET https://fonts.googleapis.com/css2?family=Outfit:wght@300;400;500;600;700&display=swap

[1A[2K>> GET http://localhost:5173/src/index.css?t=1764018773679

[1A[2K[firefox] ÔÇ║ src\__tests__\e2e\tours.spec.ts:65:5 ÔÇ║ Tours Management ÔÇ║ should create a new tour with all fields
PAGE LOG: [vite] hot updated: /src/index.css

[1A[2K>> GET http://localhost:5173/src/index.css?t=1764018773382

[1A[2K[webkit] ÔÇ║ src\__tests__\e2e\tours.spec.ts:65:5 ÔÇ║ Tours Management ÔÇ║ should create a new tour with all fields
>> GET https://fonts.googleapis.com/css2?family=Outfit:wght@300;400;500;600;700&display=swap

[1A[2KPAGE LOG: [vite] hot updated: /src/index.css

[1A[2K>> GET http://localhost:5173/src/index.css?t=1764018773679

[1A[2K[firefox] ÔÇ║ src\__tests__\e2e\tours.spec.ts:65:5 ÔÇ║ Tours Management ÔÇ║ should create a new tour with all fields
PAGE LOG: [vite] hot updated: /src/index.css

[1A[2K[webkit] ÔÇ║ src\__tests__\e2e\tours.spec.ts:65:5 ÔÇ║ Tours Management ÔÇ║ should create a new tour with all fields
>> GET https://fonts.googleapis.com/css2?family=Outfit:wght@300;400;500;600;700&display=swap

[1A[2KPAGE LOG: [vite] hot updated: /src/index.css

[1A[2K[firefox] ÔÇ║ src\__tests__\e2e\tours.spec.ts:65:5 ÔÇ║ Tours Management ÔÇ║ should create a new tour with all fields
>> GET http://localhost:5173/src/index.css?t=1764018773550

[1A[2K[chromium] ÔÇ║ src\__tests__\e2e\tours.spec.ts:65:5 ÔÇ║ Tours Management ÔÇ║ should create a new tour with all fields
>> GET https://fonts.googleapis.com/css2?family=Outfit:wght@300;400;500;600;700&display=swap

[1A[2KPAGE LOG: [vite] hot updated: /src/index.css

[1A[2K>> GET http://localhost:5173/src/index.css?t=1764018773791

[1A[2K[webkit] ÔÇ║ src\__tests__\e2e\tours.spec.ts:65:5 ÔÇ║ Tours Management ÔÇ║ should create a new tour with all fields
>> GET http://localhost:5173/src/index.css?t=1764018773791

[1A[2K[chromium] ÔÇ║ src\__tests__\e2e\tours.spec.ts:65:5 ÔÇ║ Tours Management ÔÇ║ should create a new tour with all fields
PAGE LOG: [vite] hot updated: /src/index.css

[1A[2K[firefox] ÔÇ║ src\__tests__\e2e\tours.spec.ts:65:5 ÔÇ║ Tours Management ÔÇ║ should create a new tour with all fields
PAGE LOG: [vite] hot updated: /src/index.css

[1A[2K[chromium] ÔÇ║ src\__tests__\e2e\tours.spec.ts:65:5 ÔÇ║ Tours Management ÔÇ║ should create a new tour with all fields
>> GET http://localhost:5173/src/index.css?t=1764018773864

[1A[2K[firefox] ÔÇ║ src\__tests__\e2e\tours.spec.ts:65:5 ÔÇ║ Tours Management ÔÇ║ should create a new tour with all fields
>> GET http://localhost:5173/src/index.css?t=1764018773679

[1A[2K[webkit] ÔÇ║ src\__tests__\e2e\tours.spec.ts:65:5 ÔÇ║ Tours Management ÔÇ║ should create a new tour with all fields
>> GET https://fonts.googleapis.com/css2?family=Outfit:wght@300;400;500;600;700&display=swap

[1A[2KPAGE LOG: [vite] hot updated: /src/index.css

[1A[2K>> GET http://localhost:5173/src/index.css?t=1764018773864

[1A[2K[firefox] ÔÇ║ src\__tests__\e2e\tours.spec.ts:65:5 ÔÇ║ Tours Management ÔÇ║ should create a new tour with all fields
PAGE LOG: [vite] hot updated: /src/index.css

[1A[2K>> GET http://localhost:5173/src/index.css?t=1764018773791

[1A[2K[chromium] ÔÇ║ src\__tests__\e2e\tours.spec.ts:65:5 ÔÇ║ Tours Management ÔÇ║ should create a new tour with all fields
>> GET https://fonts.googleapis.com/css2?family=Outfit:wght@300;400;500;600;700&display=swap

[1A[2KPAGE LOG: [vite] hot updated: /src/index.css

[1A[2K>> GET http://localhost:5173/src/index.css?t=1764018773950

[1A[2K[webkit] ÔÇ║ src\__tests__\e2e\tours.spec.ts:65:5 ÔÇ║ Tours Management ÔÇ║ should create a new tour with all fields
>> GET https://fonts.googleapis.com/css2?family=Outfit:wght@300;400;500;600;700&display=swap

[1A[2KPAGE LOG: [vite] hot updated: /src/index.css

[1A[2K>> GET http://localhost:5173/src/index.css?t=1764018773950

[1A[2K[firefox] ÔÇ║ src\__tests__\e2e\tours.spec.ts:65:5 ÔÇ║ Tours Management ÔÇ║ should create a new tour with all fields
PAGE LOG: [vite] hot updated: /src/index.css

[1A[2K>> GET http://localhost:5173/src/index.css?t=1764018773864

[1A[2K[webkit] ÔÇ║ src\__tests__\e2e\tours.spec.ts:65:5 ÔÇ║ Tours Management ÔÇ║ should create a new tour with all fields
>> GET https://fonts.googleapis.com/css2?family=Outfit:wght@300;400;500;600;700&display=swap

[1A[2KPAGE LOG: [vite] hot updated: /src/index.css

[1A[2K>> GET http://localhost:5173/src/index.css?t=1764018774037

[1A[2K[chromium] ÔÇ║ src\__tests__\e2e\tours.spec.ts:65:5 ÔÇ║ Tours Management ÔÇ║ should create a new tour with all fields
>> GET https://fonts.googleapis.com/css2?family=Outfit:wght@300;400;500;600;700&display=swap

[1A[2KPAGE LOG: [vite] hot updated: /src/index.css

[1A[2K>> GET http://localhost:5173/src/index.css?t=1764018774037

[1A[2K[firefox] ÔÇ║ src\__tests__\e2e\tours.spec.ts:65:5 ÔÇ║ Tours Management ÔÇ║ should create a new tour with all fields
PAGE LOG: [vite] hot updated: /src/index.css

[1A[2K[chromium] ÔÇ║ src\__tests__\e2e\tours.spec.ts:65:5 ÔÇ║ Tours Management ÔÇ║ should create a new tour with all fields
PAGE LOG: [vite] hot updated: /src/index.css

[1A[2K[webkit] ÔÇ║ src\__tests__\e2e\tours.spec.ts:65:5 ÔÇ║ Tours Management ÔÇ║ should create a new tour with all fields
>> GET https://fonts.googleapis.com/css2?family=Outfit:wght@300;400;500;600;700&display=swap

[1A[2K[chromium] ÔÇ║ src\__tests__\e2e\tours.spec.ts:65:5 ÔÇ║ Tours Management ÔÇ║ should create a new tour with all fields
>> GET http://localhost:5173/src/index.css?t=1764018774129

[1A[2K[webkit] ÔÇ║ src\__tests__\e2e\tours.spec.ts:65:5 ÔÇ║ Tours Management ÔÇ║ should create a new tour with all fields
PAGE LOG: [vite] hot updated: /src/index.css

[1A[2K[firefox] ÔÇ║ src\__tests__\e2e\tours.spec.ts:65:5 ÔÇ║ Tours Management ÔÇ║ should create a new tour with all fields
>> GET http://localhost:5173/src/index.css?t=1764018773950

[1A[2K[webkit] ÔÇ║ src\__tests__\e2e\tours.spec.ts:65:5 ÔÇ║ Tours Management ÔÇ║ should create a new tour with all fields
>> GET http://localhost:5173/src/index.css?t=1764018774129

[1A[2K[firefox] ÔÇ║ src\__tests__\e2e\tours.spec.ts:65:5 ÔÇ║ Tours Management ÔÇ║ should create a new tour with all fields
PAGE LOG: [vite] hot updated: /src/index.css

[1A[2K>> GET http://localhost:5173/src/index.css?t=1764018774037

[1A[2K[chromium] ÔÇ║ src\__tests__\e2e\tours.spec.ts:65:5 ÔÇ║ Tours Management ÔÇ║ should create a new tour with all fields
>> GET https://fonts.googleapis.com/css2?family=Outfit:wght@300;400;500;600;700&display=swap

[1A[2KPAGE LOG: [vite] hot updated: /src/index.css

[1A[2K>> GET http://localhost:5173/src/index.css?t=1764018774241

[1A[2K[webkit] ÔÇ║ src\__tests__\e2e\tours.spec.ts:65:5 ÔÇ║ Tours Management ÔÇ║ should create a new tour with all fields
>> GET https://fonts.googleapis.com/css2?family=Outfit:wght@300;400;500;600;700&display=swap

[1A[2KPAGE LOG: [vite] hot updated: /src/index.css

[1A[2K>> GET http://localhost:5173/src/index.css?t=1764018774241

[1A[2K[firefox] ÔÇ║ src\__tests__\e2e\tours.spec.ts:65:5 ÔÇ║ Tours Management ÔÇ║ should create a new tour with all fields
PAGE LOG: [vite] hot updated: /src/index.css

[1A[2K[chromium] ÔÇ║ src\__tests__\e2e\tours.spec.ts:65:5 ÔÇ║ Tours Management ÔÇ║ should create a new tour with all fields
>> GET https://fonts.googleapis.com/css2?family=Outfit:wght@300;400;500;600;700&display=swap

[1A[2KPAGE LOG: [vite] hot updated: /src/index.css

[1A[2K[webkit] ÔÇ║ src\__tests__\e2e\tours.spec.ts:65:5 ÔÇ║ Tours Management ÔÇ║ should create a new tour with all fields
>> GET https://fonts.googleapis.com/css2?family=Outfit:wght@300;400;500;600;700&display=swap

[1A[2K[firefox] ÔÇ║ src\__tests__\e2e\tours.spec.ts:65:5 ÔÇ║ Tours Management ÔÇ║ should create a new tour with all fields
>> GET http://localhost:5173/src/index.css?t=1764018774129

[1A[2K[webkit] ÔÇ║ src\__tests__\e2e\tours.spec.ts:65:5 ÔÇ║ Tours Management ÔÇ║ should create a new tour with all fields
PAGE LOG: [vite] hot updated: /src/index.css

[1A[2K[chromium] ÔÇ║ src\__tests__\e2e\tours.spec.ts:65:5 ÔÇ║ Tours Management ÔÇ║ should create a new tour with all fields
>> GET http://localhost:5173/src/index.css?t=1764018774379

[1A[2K[webkit] ÔÇ║ src\__tests__\e2e\tours.spec.ts:65:5 ÔÇ║ Tours Management ÔÇ║ should create a new tour with all fields
>> GET http://localhost:5173/src/index.css?t=1764018774379

[1A[2K[firefox] ÔÇ║ src\__tests__\e2e\tours.spec.ts:65:5 ÔÇ║ Tours Management ÔÇ║ should create a new tour with all fields
PAGE LOG: [vite] hot updated: /src/index.css

[1A[2K[chromium] ÔÇ║ src\__tests__\e2e\tours.spec.ts:65:5 ÔÇ║ Tours Management ÔÇ║ should create a new tour with all fields
>> GET https://fonts.googleapis.com/css2?family=Outfit:wght@300;400;500;600;700&display=swap

[1A[2KPAGE LOG: [vite] hot updated: /src/index.css

[1A[2K>> GET http://localhost:5173/src/index.css?t=1764018774445

[1A[2K[webkit] ÔÇ║ src\__tests__\e2e\tours.spec.ts:65:5 ÔÇ║ Tours Management ÔÇ║ should create a new tour with all fields
>> GET https://fonts.googleapis.com/css2?family=Outfit:wght@300;400;500;600;700&display=swap

[1A[2KPAGE LOG: [vite] hot updated: /src/index.css

[1A[2K>> GET http://localhost:5173/src/index.css?t=1764018774445

[1A[2K[firefox] ÔÇ║ src\__tests__\e2e\tours.spec.ts:65:5 ÔÇ║ Tours Management ÔÇ║ should create a new tour with all fields
>> GET http://localhost:5173/src/index.css?t=1764018774241

[1A[2K[chromium] ÔÇ║ src\__tests__\e2e\tours.spec.ts:65:5 ÔÇ║ Tours Management ÔÇ║ should create a new tour with all fields
PAGE LOG: [vite] hot updated: /src/index.css

[1A[2K[webkit] ÔÇ║ src\__tests__\e2e\tours.spec.ts:65:5 ÔÇ║ Tours Management ÔÇ║ should create a new tour with all fields
>> GET https://fonts.googleapis.com/css2?family=Outfit:wght@300;400;500;600;700&display=swap

[1A[2K[chromium] ÔÇ║ src\__tests__\e2e\tours.spec.ts:65:5 ÔÇ║ Tours Management ÔÇ║ should create a new tour with all fields
>> GET http://localhost:5173/src/index.css?t=1764018774520

[1A[2K[webkit] ÔÇ║ src\__tests__\e2e\tours.spec.ts:65:5 ÔÇ║ Tours Management ÔÇ║ should create a new tour with all fields
PAGE LOG: [vite] hot updated: /src/index.css

[1A[2K[firefox] ÔÇ║ src\__tests__\e2e\tours.spec.ts:65:5 ÔÇ║ Tours Management ÔÇ║ should create a new tour with all fields
PAGE LOG: [vite] hot updated: /src/index.css

[1A[2K[webkit] ÔÇ║ src\__tests__\e2e\tours.spec.ts:65:5 ÔÇ║ Tours Management ÔÇ║ should create a new tour with all fields
>> GET http://localhost:5173/src/index.css?t=1764018774520

[1A[2K[firefox] ÔÇ║ src\__tests__\e2e\tours.spec.ts:65:5 ÔÇ║ Tours Management ÔÇ║ should create a new tour with all fields
>> GET http://localhost:5173/src/index.css?t=1764018774379

[1A[2KPAGE LOG: [vite] hot updated: /src/index.css

[1A[2K[webkit] ÔÇ║ src\__tests__\e2e\tours.spec.ts:65:5 ÔÇ║ Tours Management ÔÇ║ should create a new tour with all fields
>> GET https://fonts.googleapis.com/css2?family=Outfit:wght@300;400;500;600;700&display=swap

[1A[2K[chromium] ÔÇ║ src\__tests__\e2e\tours.spec.ts:65:5 ÔÇ║ Tours Management ÔÇ║ should create a new tour with all fields
>> GET https://fonts.googleapis.com/css2?family=Outfit:wght@300;400;500;600;700&display=swap

[1A[2KPAGE LOG: [vite] hot updated: /src/index.css

[1A[2K>> GET http://localhost:5173/src/index.css?t=1764018774593

[1A[2K[firefox] ÔÇ║ src\__tests__\e2e\tours.spec.ts:65:5 ÔÇ║ Tours Management ÔÇ║ should create a new tour with all fields
>> GET http://localhost:5173/src/index.css?t=1764018774445

[1A[2K[webkit] ÔÇ║ src\__tests__\e2e\tours.spec.ts:65:5 ÔÇ║ Tours Management ÔÇ║ should create a new tour with all fields
PAGE LOG: [vite] hot updated: /src/index.css

[1A[2K>> GET http://localhost:5173/src/index.css?t=1764018774593

[1A[2K[firefox] ÔÇ║ src\__tests__\e2e\tours.spec.ts:65:5 ÔÇ║ Tours Management ÔÇ║ should create a new tour with all fields
PAGE LOG: [vite] hot updated: /src/index.css

[1A[2K[chromium] ÔÇ║ src\__tests__\e2e\tours.spec.ts:65:5 ÔÇ║ Tours Management ÔÇ║ should create a new tour with all fields
PAGE LOG: [vite] hot updated: /src/index.css

[1A[2K[firefox] ÔÇ║ src\__tests__\e2e\tours.spec.ts:65:5 ÔÇ║ Tours Management ÔÇ║ should create a new tour with all fields
>> GET http://localhost:5173/src/index.css?t=1764018774520

[1A[2K[webkit] ÔÇ║ src\__tests__\e2e\tours.spec.ts:65:5 ÔÇ║ Tours Management ÔÇ║ should create a new tour with all fields
>> GET https://fonts.googleapis.com/css2?family=Outfit:wght@300;400;500;600;700&display=swap

[1A[2KPAGE LOG: [vite] hot updated: /src/index.css

[1A[2K[chromium] ÔÇ║ src\__tests__\e2e\tours.spec.ts:65:5 ÔÇ║ Tours Management ÔÇ║ should create a new tour with all fields
>> GET http://localhost:5173/src/index.css?t=1764018774694

[1A[2K[webkit] ÔÇ║ src\__tests__\e2e\tours.spec.ts:65:5 ÔÇ║ Tours Management ÔÇ║ should create a new tour with all fields
>> GET http://localhost:5173/src/index.css?t=1764018774694

[1A[2K[firefox] ÔÇ║ src\__tests__\e2e\tours.spec.ts:65:5 ÔÇ║ Tours Management ÔÇ║ should create a new tour with all fields
PAGE LOG: [vite] hot updated: /src/index.css

[1A[2K[chromium] ÔÇ║ src\__tests__\e2e\tours.spec.ts:65:5 ÔÇ║ Tours Management ÔÇ║ should create a new tour with all fields
>> GET https://fonts.googleapis.com/css2?family=Outfit:wght@300;400;500;600;700&display=swap

[1A[2KPAGE LOG: [vite] hot updated: /src/index.css

[1A[2K[firefox] ÔÇ║ src\__tests__\e2e\tours.spec.ts:65:5 ÔÇ║ Tours Management ÔÇ║ should create a new tour with all fields
>> GET http://localhost:5173/src/index.css?t=1764018774593

[1A[2K[chromium] ÔÇ║ src\__tests__\e2e\tours.spec.ts:65:5 ÔÇ║ Tours Management ÔÇ║ should create a new tour with all fields
>> GET http://localhost:5173/src/index.css?t=1764018774797

[1A[2K[webkit] ÔÇ║ src\__tests__\e2e\tours.spec.ts:65:5 ÔÇ║ Tours Management ÔÇ║ should create a new tour with all fields
>> GET https://fonts.googleapis.com/css2?family=Outfit:wght@300;400;500;600;700&display=swap

[1A[2KPAGE LOG: [vite] hot updated: /src/index.css

[1A[2K>> GET http://localhost:5173/src/index.css?t=1764018774797

[1A[2K[firefox] ÔÇ║ src\__tests__\e2e\tours.spec.ts:65:5 ÔÇ║ Tours Management ÔÇ║ should create a new tour with all fields
PAGE LOG: [vite] hot updated: /src/index.css

[1A[2K[chromium] ÔÇ║ src\__tests__\e2e\tours.spec.ts:65:5 ÔÇ║ Tours Management ÔÇ║ should create a new tour with all fields
>> GET https://fonts.googleapis.com/css2?family=Outfit:wght@300;400;500;600;700&display=swap

[1A[2KPAGE LOG: [vite] hot updated: /src/index.css

[1A[2K[firefox] ÔÇ║ src\__tests__\e2e\tours.spec.ts:65:5 ÔÇ║ Tours Management ÔÇ║ should create a new tour with all fields
>> GET http://localhost:5173/src/index.css?t=1764018774694

[1A[2K[chromium] ÔÇ║ src\__tests__\e2e\tours.spec.ts:65:5 ÔÇ║ Tours Management ÔÇ║ should create a new tour with all fields
>> GET http://localhost:5173/src/index.css?t=1764018774913

[1A[2K[webkit] ÔÇ║ src\__tests__\e2e\tours.spec.ts:65:5 ÔÇ║ Tours Management ÔÇ║ should create a new tour with all fields
>> GET https://fonts.googleapis.com/css2?family=Outfit:wght@300;400;500;600;700&display=swap

[1A[2KPAGE LOG: [vite] hot updated: /src/index.css

[1A[2K>> GET http://localhost:5173/src/index.css?t=1764018774913

[1A[2K[firefox] ÔÇ║ src\__tests__\e2e\tours.spec.ts:65:5 ÔÇ║ Tours Management ÔÇ║ should create a new tour with all fields
PAGE LOG: [vite] hot updated: /src/index.css

[1A[2K[chromium] ÔÇ║ src\__tests__\e2e\tours.spec.ts:65:5 ÔÇ║ Tours Management ÔÇ║ should create a new tour with all fields
>> GET https://fonts.googleapis.com/css2?family=Outfit:wght@300;400;500;600;700&display=swap

[1A[2K[firefox] ÔÇ║ src\__tests__\e2e\tours.spec.ts:65:5 ÔÇ║ Tours Management ÔÇ║ should create a new tour with all fields
>> GET http://localhost:5173/src/index.css?t=1764018774797

[1A[2K[chromium] ÔÇ║ src\__tests__\e2e\tours.spec.ts:65:5 ÔÇ║ Tours Management ÔÇ║ should create a new tour with all fields
PAGE LOG: [vite] hot updated: /src/index.css

[1A[2K[webkit] ÔÇ║ src\__tests__\e2e\tours.spec.ts:65:5 ÔÇ║ Tours Management ÔÇ║ should create a new tour with all fields
>> GET https://fonts.googleapis.com/css2?family=Outfit:wght@300;400;500;600;700&display=swap

[1A[2KPAGE LOG: [vite] hot updated: /src/index.css

[1A[2K[chromium] ÔÇ║ src\__tests__\e2e\tours.spec.ts:65:5 ÔÇ║ Tours Management ÔÇ║ should create a new tour with all fields
>> GET http://localhost:5173/src/index.css?t=1764018775045

[1A[2K[webkit] ÔÇ║ src\__tests__\e2e\tours.spec.ts:65:5 ÔÇ║ Tours Management ÔÇ║ should create a new tour with all fields
>> GET http://localhost:5173/src/index.css?t=1764018775045

[1A[2K[chromium] ÔÇ║ src\__tests__\e2e\tours.spec.ts:65:5 ÔÇ║ Tours Management ÔÇ║ should create a new tour with all fields
>> GET https://fonts.googleapis.com/css2?family=Outfit:wght@300;400;500;600;700&display=swap

[1A[2KPAGE LOG: [vite] hot updated: /src/index.css

[1A[2K[webkit] ÔÇ║ src\__tests__\e2e\tours.spec.ts:65:5 ÔÇ║ Tours Management ÔÇ║ should create a new tour with all fields
>> GET https://fonts.googleapis.com/css2?family=Outfit:wght@300;400;500;600;700&display=swap

[1A[2K[firefox] ÔÇ║ src\__tests__\e2e\tours.spec.ts:65:5 ÔÇ║ Tours Management ÔÇ║ should create a new tour with all fields
PAGE LOG: [vite] hot updated: /src/index.css

[1A[2K[webkit] ÔÇ║ src\__tests__\e2e\tours.spec.ts:65:5 ÔÇ║ Tours Management ÔÇ║ should create a new tour with all fields
PAGE LOG: [vite] hot updated: /src/index.css

[1A[2K[chromium] ÔÇ║ src\__tests__\e2e\tours.spec.ts:65:5 ÔÇ║ Tours Management ÔÇ║ should create a new tour with all fields
>> GET http://localhost:5173/src/index.css?t=1764018775160

[1A[2K[firefox] ÔÇ║ src\__tests__\e2e\tours.spec.ts:65:5 ÔÇ║ Tours Management ÔÇ║ should create a new tour with all fields
>> GET http://localhost:5173/src/index.css?t=1764018774913

[1A[2K[webkit] ÔÇ║ src\__tests__\e2e\tours.spec.ts:65:5 ÔÇ║ Tours Management ÔÇ║ should create a new tour with all fields
>> GET http://localhost:5173/src/index.css?t=1764018775160

[1A[2K[firefox] ÔÇ║ src\__tests__\e2e\tours.spec.ts:65:5 ÔÇ║ Tours Management ÔÇ║ should create a new tour with all fields
PAGE LOG: [vite] hot updated: /src/index.css

[1A[2K[chromium] ÔÇ║ src\__tests__\e2e\tours.spec.ts:65:5 ÔÇ║ Tours Management ÔÇ║ should create a new tour with all fields
PAGE LOG: [vite] hot updated: /src/index.css

[1A[2K[firefox] ÔÇ║ src\__tests__\e2e\tours.spec.ts:65:5 ÔÇ║ Tours Management ÔÇ║ should create a new tour with all fields
>> GET http://localhost:5173/src/index.css?t=1764018775045

[1A[2K[chromium] ÔÇ║ src\__tests__\e2e\tours.spec.ts:65:5 ÔÇ║ Tours Management ÔÇ║ should create a new tour with all fields
>> GET http://localhost:5173/src/index.css?t=1764018775245

[1A[2K[webkit] ÔÇ║ src\__tests__\e2e\tours.spec.ts:65:5 ÔÇ║ Tours Management ÔÇ║ should create a new tour with all fields
>> GET https://fonts.googleapis.com/css2?family=Outfit:wght@300;400;500;600;700&display=swap

[1A[2KPAGE LOG: [vite] hot updated: /src/index.css

[1A[2K>> GET http://localhost:5173/src/index.css?t=1764018775245

[1A[2K[chromium] ÔÇ║ src\__tests__\e2e\tours.spec.ts:65:5 ÔÇ║ Tours Management ÔÇ║ should create a new tour with all fields
>> GET https://fonts.googleapis.com/css2?family=Outfit:wght@300;400;500;600;700&display=swap

[1A[2KPAGE LOG: [vite] hot updated: /src/index.css

[1A[2K[firefox] ÔÇ║ src\__tests__\e2e\tours.spec.ts:65:5 ÔÇ║ Tours Management ÔÇ║ should create a new tour with all fields
PAGE LOG: [vite] hot updated: /src/index.css

[1A[2K[webkit] ÔÇ║ src\__tests__\e2e\tours.spec.ts:65:5 ÔÇ║ Tours Management ÔÇ║ should create a new tour with all fields
>> GET https://fonts.googleapis.com/css2?family=Outfit:wght@300;400;500;600;700&display=swap

[1A[2K[firefox] ÔÇ║ src\__tests__\e2e\tours.spec.ts:65:5 ÔÇ║ Tours Management ÔÇ║ should create a new tour with all fields
>> GET http://localhost:5173/src/index.css?t=1764018775160

[1A[2K[webkit] ÔÇ║ src\__tests__\e2e\tours.spec.ts:65:5 ÔÇ║ Tours Management ÔÇ║ should create a new tour with all fields
PAGE LOG: [vite] hot updated: /src/index.css

[1A[2K[chromium] ÔÇ║ src\__tests__\e2e\tours.spec.ts:65:5 ÔÇ║ Tours Management ÔÇ║ should create a new tour with all fields
>> GET http://localhost:5173/src/index.css?t=1764018775386

[1A[2K[webkit] ÔÇ║ src\__tests__\e2e\tours.spec.ts:65:5 ÔÇ║ Tours Management ÔÇ║ should create a new tour with all fields
>> GET http://localhost:5173/src/index.css?t=1764018775386

[1A[2K[firefox] ÔÇ║ src\__tests__\e2e\tours.spec.ts:65:5 ÔÇ║ Tours Management ÔÇ║ should create a new tour with all fields
PAGE LOG: [vite] hot updated: /src/index.css

[1A[2K[webkit] ÔÇ║ src\__tests__\e2e\tours.spec.ts:65:5 ÔÇ║ Tours Management ÔÇ║ should create a new tour with all fields
>> GET https://fonts.googleapis.com/css2?family=Outfit:wght@300;400;500;600;700&display=swap

[1A[2K[chromium] ÔÇ║ src\__tests__\e2e\tours.spec.ts:65:5 ÔÇ║ Tours Management ÔÇ║ should create a new tour with all fields
>> GET https://fonts.googleapis.com/css2?family=Outfit:wght@300;400;500;600;700&display=swap

[1A[2KPAGE LOG: [vite] hot updated: /src/index.css

[1A[2K[webkit] ÔÇ║ src\__tests__\e2e\tours.spec.ts:65:5 ÔÇ║ Tours Management ÔÇ║ should create a new tour with all fields
PAGE LOG: [vite] hot updated: /src/index.css

[1A[2K[chromium] ÔÇ║ src\__tests__\e2e\tours.spec.ts:65:5 ÔÇ║ Tours Management ÔÇ║ should create a new tour with all fields
>> GET http://localhost:5173/src/index.css?t=1764018775478

[1A[2K[firefox] ÔÇ║ src\__tests__\e2e\tours.spec.ts:65:5 ÔÇ║ Tours Management ÔÇ║ should create a new tour with all fields
>> GET http://localhost:5173/src/index.css?t=1764018775245

[1A[2K[webkit] ÔÇ║ src\__tests__\e2e\tours.spec.ts:65:5 ÔÇ║ Tours Management ÔÇ║ should create a new tour with all fields
>> GET http://localhost:5173/src/index.css?t=1764018775478

[1A[2K>> GET https://fonts.googleapis.com/css2?family=Outfit:wght@300;400;500;600;700&display=swap

[1A[2K[firefox] ÔÇ║ src\__tests__\e2e\tours.spec.ts:65:5 ÔÇ║ Tours Management ÔÇ║ should create a new tour with all fields
PAGE LOG: [vite] hot updated: /src/index.css

[1A[2K[chromium] ÔÇ║ src\__tests__\e2e\tours.spec.ts:65:5 ÔÇ║ Tours Management ÔÇ║ should create a new tour with all fields
PAGE LOG: [vite] hot updated: /src/index.css

[1A[2K>> GET http://localhost:5173/src/index.css?t=1764018775546

[1A[2K[webkit] ÔÇ║ src\__tests__\e2e\tours.spec.ts:65:5 ÔÇ║ Tours Management ÔÇ║ should create a new tour with all fields
PAGE LOG: [vite] hot updated: /src/index.css

[1A[2K[firefox] ÔÇ║ src\__tests__\e2e\tours.spec.ts:65:5 ÔÇ║ Tours Management ÔÇ║ should create a new tour with all fields
>> GET http://localhost:5173/src/index.css?t=1764018775386

[1A[2K[webkit] ÔÇ║ src\__tests__\e2e\tours.spec.ts:65:5 ÔÇ║ Tours Management ÔÇ║ should create a new tour with all fields
>> GET http://localhost:5173/src/index.css?t=1764018775546

[1A[2K>> GET https://fonts.googleapis.com/css2?family=Outfit:wght@300;400;500;600;700&display=swap

[1A[2KPAGE LOG: [vite] hot updated: /src/index.css

[1A[2K[firefox] ÔÇ║ src\__tests__\e2e\tours.spec.ts:65:5 ÔÇ║ Tours Management ÔÇ║ should create a new tour with all fields
PAGE LOG: [vite] hot updated: /src/index.css

[1A[2K[webkit] ÔÇ║ src\__tests__\e2e\tours.spec.ts:65:5 ÔÇ║ Tours Management ÔÇ║ should create a new tour with all fields
>> GET https://us-central1-nevadotrektest01.cloudfunctions.net/api/admin/tours

[1A[2KMock hit: GET /admin/tours

[1A[2K>> GET http://localhost:5173/src/index.css?t=1764018775623

[1A[2K[firefox] ÔÇ║ src\__tests__\e2e\tours.spec.ts:65:5 ÔÇ║ Tours Management ÔÇ║ should create a new tour with all fields
>> GET http://localhost:5173/src/index.css?t=1764018775478

[1A[2K[chromium] ÔÇ║ src\__tests__\e2e\tours.spec.ts:65:5 ÔÇ║ Tours Management ÔÇ║ should create a new tour with all fields
PAGE LOG: [vite] hot updated: /src/index.css

[1A[2K>> GET https://fonts.googleapis.com/css2?family=Outfit:wght@300;400;500;600;700&display=swap

[1A[2K>> GET http://localhost:5173/src/index.css?t=1764018775623

[1A[2KPAGE LOG: [vite] hot updated: /src/index.css

[1A[2K>> GET http://localhost:5173/src/index.css?t=1764018775735

[1A[2K[firefox] ÔÇ║ src\__tests__\e2e\tours.spec.ts:65:5 ÔÇ║ Tours Management ÔÇ║ should create a new tour with all fields
PAGE LOG: [vite] hot updated: /src/index.css

[1A[2K[webkit] ÔÇ║ src\__tests__\e2e\tours.spec.ts:65:5 ÔÇ║ Tours Management ÔÇ║ should create a new tour with all fields
>> GET https://fonts.googleapis.com/css2?family=Outfit:wght@300;400;500;600;700&display=swap

[1A[2KPAGE LOG: [vite] hot updated: /src/index.css

[1A[2K>> GET http://localhost:5173/src/index.css?t=1764018775735

[1A[2K[firefox] ÔÇ║ src\__tests__\e2e\tours.spec.ts:65:5 ÔÇ║ Tours Management ÔÇ║ should create a new tour with all fields
>> GET http://localhost:5173/src/index.css?t=1764018775546

[1A[2KPAGE LOG: [vite] hot updated: /src/index.css

[1A[2K[chromium] ÔÇ║ src\__tests__\e2e\tours.spec.ts:65:5 ÔÇ║ Tours Management ÔÇ║ should create a new tour with all fields
>> GET https://fonts.googleapis.com/css2?family=Outfit:wght@300;400;500;600;700&display=swap

[1A[2KPAGE LOG: [vite] hot updated: /src/index.css

[1A[2K>> GET http://localhost:5173/src/index.css?t=1764018775817

[1A[2K[webkit] ÔÇ║ src\__tests__\e2e\tours.spec.ts:65:5 ÔÇ║ Tours Management ÔÇ║ should create a new tour with all fields
>> GET https://fonts.googleapis.com/css2?family=Outfit:wght@300;400;500;600;700&display=swap

[1A[2KPAGE LOG: [vite] hot updated: /src/index.css

[1A[2K>> GET http://localhost:5173/src/index.css?t=1764018775817

[1A[2K[firefox] ÔÇ║ src\__tests__\e2e\tours.spec.ts:65:5 ÔÇ║ Tours Management ÔÇ║ should create a new tour with all fields
>> GET http://localhost:5173/src/index.css?t=1764018775623

[1A[2KPAGE LOG: [vite] hot updated: /src/index.css

[1A[2K[chromium] ÔÇ║ src\__tests__\e2e\tours.spec.ts:65:5 ÔÇ║ Tours Management ÔÇ║ should create a new tour with all fields
>> GET https://fonts.googleapis.com/css2?family=Outfit:wght@300;400;500;600;700&display=swap

[1A[2KPAGE LOG: [vite] hot updated: /src/index.css

[1A[2K>> GET http://localhost:5173/src/index.css?t=1764018775927

[1A[2K[firefox] ÔÇ║ src\__tests__\e2e\tours.spec.ts:65:5 ÔÇ║ Tours Management ÔÇ║ should create a new tour with all fields
>> GET http://localhost:5173/src/index.css?t=1764018775735

[1A[2K[webkit] ÔÇ║ src\__tests__\e2e\tours.spec.ts:65:5 ÔÇ║ Tours Management ÔÇ║ should create a new tour with all fields
PAGE LOG: Warning: Missing `Description` or `aria-describedby={undefined}` for {DialogContent}.

[1A[2KPAGE LOG: Warning: Missing `Description` or `aria-describedby={undefined}` for {DialogContent}.

[1A[2K>> GET https://fonts.googleapis.com/css2?family=Outfit:wght@300;400;500;600;700&display=swap

[1A[2KPAGE LOG: [vite] hot updated: /src/index.css

[1A[2K>> GET http://localhost:5173/src/index.css?t=1764018775927

[1A[2K[firefox] ÔÇ║ src\__tests__\e2e\tours.spec.ts:65:5 ÔÇ║ Tours Management ÔÇ║ should create a new tour with all fields
PAGE LOG: [vite] hot updated: /src/index.css

[1A[2K>> GET http://localhost:5173/src/index.css?t=1764018775817

[1A[2K[chromium] ÔÇ║ src\__tests__\e2e\tours.spec.ts:65:5 ÔÇ║ Tours Management ÔÇ║ should create a new tour with all fields
>> GET https://fonts.googleapis.com/css2?family=Outfit:wght@300;400;500;600;700&display=swap

[1A[2KPAGE LOG: [vite] hot updated: /src/index.css

[1A[2K>> GET http://localhost:5173/src/index.css?t=1764018776180

[1A[2K[firefox] ÔÇ║ src\__tests__\e2e\tours.spec.ts:65:5 ÔÇ║ Tours Management ÔÇ║ should create a new tour with all fields
PAGE LOG: [vite] hot updated: /src/index.css

[1A[2K[chromium] ÔÇ║ src\__tests__\e2e\tours.spec.ts:65:5 ÔÇ║ Tours Management ÔÇ║ should create a new tour with all fields
>> GET https://fonts.googleapis.com/css2?family=Outfit:wght@300;400;500;600;700&display=swap

[1A[2KPAGE LOG: [vite] hot updated: /src/index.css

[1A[2K[firefox] ÔÇ║ src\__tests__\e2e\tours.spec.ts:65:5 ÔÇ║ Tours Management ÔÇ║ should create a new tour with all fields
>> GET http://localhost:5173/src/index.css?t=1764018775927

[1A[2K[chromium] ÔÇ║ src\__tests__\e2e\tours.spec.ts:65:5 ÔÇ║ Tours Management ÔÇ║ should create a new tour with all fields
>> GET http://localhost:5173/src/index.css?t=1764018776388

[1A[2K[webkit] ÔÇ║ src\__tests__\e2e\tours.spec.ts:65:5 ÔÇ║ Tours Management ÔÇ║ should create a new tour with all fields
>> GET https://fonts.googleapis.com/css2?family=Outfit:wght@300;400;500;600;700&display=swap

[1A[2KPAGE LOG: [vite] hot updated: /src/index.css

[1A[2K>> GET http://localhost:5173/src/index.css?t=1764018776180

[1A[2K[firefox] ÔÇ║ src\__tests__\e2e\tours.spec.ts:65:5 ÔÇ║ Tours Management ÔÇ║ should create a new tour with all fields
PAGE LOG: [vite] hot updated: /src/index.css

[1A[2K>> GET http://localhost:5173/src/index.css?t=1764018776180

[1A[2K[chromium] ÔÇ║ src\__tests__\e2e\tours.spec.ts:65:5 ÔÇ║ Tours Management ÔÇ║ should create a new tour with all fields
>> GET https://fonts.googleapis.com/css2?family=Outfit:wght@300;400;500;600;700&display=swap

[1A[2KPAGE LOG: [vite] hot updated: /src/index.css

[1A[2K[webkit] ÔÇ║ src\__tests__\e2e\tours.spec.ts:65:5 ÔÇ║ Tours Management ÔÇ║ should create a new tour with all fields
>> GET https://fonts.googleapis.com/css2?family=Outfit:wght@300;400;500;600;700&display=swap

[1A[2KPAGE LOG: [vite] hot updated: /src/index.css

[1A[2K>> GET http://localhost:5173/src/index.css?t=1764018776388

[1A[2K[chromium] ÔÇ║ src\__tests__\e2e\tours.spec.ts:65:5 ÔÇ║ Tours Management ÔÇ║ should create a new tour with all fields
>> GET http://localhost:5173/src/index.css?t=1764018776715

[1A[2K[firefox] ÔÇ║ src\__tests__\e2e\tours.spec.ts:65:5 ÔÇ║ Tours Management ÔÇ║ should create a new tour with all fields
PAGE LOG: [vite] hot updated: /src/index.css

[1A[2K[chromium] ÔÇ║ src\__tests__\e2e\tours.spec.ts:65:5 ÔÇ║ Tours Management ÔÇ║ should create a new tour with all fields
PAGE LOG: [vite] hot updated: /src/index.css

[1A[2K[firefox] ÔÇ║ src\__tests__\e2e\tours.spec.ts:65:5 ÔÇ║ Tours Management ÔÇ║ should create a new tour with all fields
>> GET http://localhost:5173/src/index.css?t=1764018776388

[1A[2K[chromium] ÔÇ║ src\__tests__\e2e\tours.spec.ts:65:5 ÔÇ║ Tours Management ÔÇ║ should create a new tour with all fields
>> GET http://localhost:5173/src/index.css?t=1764018776801

[1A[2K[webkit] ÔÇ║ src\__tests__\e2e\tours.spec.ts:65:5 ÔÇ║ Tours Management ÔÇ║ should create a new tour with all fields
>> GET https://fonts.googleapis.com/css2?family=Outfit:wght@300;400;500;600;700&display=swap

[1A[2KPAGE LOG: [vite] hot updated: /src/index.css

[1A[2K>> GET http://localhost:5173/src/index.css?t=1764018776715

[1A[2K[firefox] ÔÇ║ src\__tests__\e2e\tours.spec.ts:65:5 ÔÇ║ Tours Management ÔÇ║ should create a new tour with all fields
PAGE LOG: [vite] hot updated: /src/index.css

[1A[2K[chromium] ÔÇ║ src\__tests__\e2e\tours.spec.ts:65:5 ÔÇ║ Tours Management ÔÇ║ should create a new tour with all fields
>> GET https://fonts.googleapis.com/css2?family=Outfit:wght@300;400;500;600;700&display=swap

[1A[2KPAGE LOG: [vite] hot updated: /src/index.css

[1A[2K>> GET http://localhost:5173/src/index.css?t=1764018776892

[1A[2K[firefox] ÔÇ║ src\__tests__\e2e\tours.spec.ts:65:5 ÔÇ║ Tours Management ÔÇ║ should create a new tour with all fields
>> GET http://localhost:5173/src/index.css?t=1764018776715

[1A[2K[webkit] ÔÇ║ src\__tests__\e2e\tours.spec.ts:65:5 ÔÇ║ Tours Management ÔÇ║ should create a new tour with all fields
>> GET https://fonts.googleapis.com/css2?family=Outfit:wght@300;400;500;600;700&display=swap

[1A[2KPAGE LOG: [vite] hot updated: /src/index.css

[1A[2K>> GET http://localhost:5173/src/index.css?t=1764018776801

[1A[2K>> GET https://fonts.googleapis.com/css2?family=Outfit:wght@300;400;500;600;700&display=swap

[1A[2KPAGE LOG: [vite] hot updated: /src/index.css

[1A[2K[firefox] ÔÇ║ src\__tests__\e2e\tours.spec.ts:65:5 ÔÇ║ Tours Management ÔÇ║ should create a new tour with all fields
PAGE LOG: [vite] hot updated: /src/index.css

[1A[2K[webkit] ÔÇ║ src\__tests__\e2e\tours.spec.ts:65:5 ÔÇ║ Tours Management ÔÇ║ should create a new tour with all fields
>> GET http://localhost:5173/src/index.css?t=1764018776892

[1A[2K[chromium] ÔÇ║ src\__tests__\e2e\tours.spec.ts:65:5 ÔÇ║ Tours Management ÔÇ║ should create a new tour with all fields
PAGE LOG: [vite] hot updated: /src/index.css

[1A[2K[firefox] ÔÇ║ src\__tests__\e2e\tours.spec.ts:65:5 ÔÇ║ Tours Management ÔÇ║ should create a new tour with all fields
>> GET http://localhost:5173/src/index.css?t=1764018776801

[1A[2K[chromium] ÔÇ║ src\__tests__\e2e\tours.spec.ts:65:5 ÔÇ║ Tours Management ÔÇ║ should create a new tour with all fields
>> GET http://localhost:5173/src/index.css?t=1764018776974

[1A[2K[firefox] ÔÇ║ src\__tests__\e2e\tours.spec.ts:65:5 ÔÇ║ Tours Management ÔÇ║ should create a new tour with all fields
PAGE LOG: [vite] hot updated: /src/index.css

[1A[2K[chromium] ÔÇ║ src\__tests__\e2e\tours.spec.ts:65:5 ÔÇ║ Tours Management ÔÇ║ should create a new tour with all fields
PAGE LOG: [vite] hot updated: /src/index.css

[1A[2K>> GET https://fonts.googleapis.com/css2?family=Outfit:wght@300;400;500;600;700&display=swap

[1A[2K>> GET http://localhost:5173/src/index.css?t=1764018777083

[1A[2K[firefox] ÔÇ║ src\__tests__\e2e\tours.spec.ts:65:5 ÔÇ║ Tours Management ÔÇ║ should create a new tour with all fields
>> GET http://localhost:5173/src/index.css?t=1764018776892

[1A[2K[chromium] ÔÇ║ src\__tests__\e2e\tours.spec.ts:65:5 ÔÇ║ Tours Management ÔÇ║ should create a new tour with all fields
PAGE LOG: [vite] hot updated: /src/index.css

[1A[2K[firefox] ÔÇ║ src\__tests__\e2e\tours.spec.ts:65:5 ÔÇ║ Tours Management ÔÇ║ should create a new tour with all fields
PAGE LOG: [vite] hot updated: /src/index.css

[1A[2K[chromium] ÔÇ║ src\__tests__\e2e\tours.spec.ts:65:5 ÔÇ║ Tours Management ÔÇ║ should create a new tour with all fields
>> GET http://localhost:5173/src/index.css?t=1764018777160

[1A[2K[firefox] ÔÇ║ src\__tests__\e2e\tours.spec.ts:65:5 ÔÇ║ Tours Management ÔÇ║ should create a new tour with all fields
>> GET http://localhost:5173/src/index.css?t=1764018776974

[1A[2K[webkit] ÔÇ║ src\__tests__\e2e\tours.spec.ts:65:5 ÔÇ║ Tours Management ÔÇ║ should create a new tour with all fields
>> GET https://fonts.googleapis.com/css2?family=Outfit:wght@300;400;500;600;700&display=swap

[1A[2KPAGE LOG: [vite] hot updated: /src/index.css

[1A[2K>> GET http://localhost:5173/src/index.css?t=1764018776974

[1A[2K[chromium] ÔÇ║ src\__tests__\e2e\tours.spec.ts:65:5 ÔÇ║ Tours Management ÔÇ║ should create a new tour with all fields
PAGE LOG: [vite] hot updated: /src/index.css

[1A[2K>> GET https://fonts.googleapis.com/css2?family=Outfit:wght@300;400;500;600;700&display=swap

[1A[2K[firefox] ÔÇ║ src\__tests__\e2e\tours.spec.ts:65:5 ÔÇ║ Tours Management ÔÇ║ should create a new tour with all fields
PAGE LOG: [vite] hot updated: /src/index.css

[1A[2K>> GET http://localhost:5173/src/index.css?t=1764018777083

[1A[2K[chromium] ÔÇ║ src\__tests__\e2e\tours.spec.ts:65:5 ÔÇ║ Tours Management ÔÇ║ should create a new tour with all fields
>> GET http://localhost:5173/src/index.css?t=1764018777288

[1A[2K[firefox] ÔÇ║ src\__tests__\e2e\tours.spec.ts:65:5 ÔÇ║ Tours Management ÔÇ║ should create a new tour with all fields
PAGE LOG: [vite] hot updated: /src/index.css

[1A[2K[webkit] ÔÇ║ src\__tests__\e2e\tours.spec.ts:65:5 ÔÇ║ Tours Management ÔÇ║ should create a new tour with all fields
>> GET https://fonts.googleapis.com/css2?family=Outfit:wght@300;400;500;600;700&display=swap

[1A[2KPAGE LOG: [vite] hot updated: /src/index.css

[1A[2K[firefox] ÔÇ║ src\__tests__\e2e\tours.spec.ts:65:5 ÔÇ║ Tours Management ÔÇ║ should create a new tour with all fields
>> GET http://localhost:5173/src/index.css?t=1764018777160

[1A[2K[chromium] ÔÇ║ src\__tests__\e2e\tours.spec.ts:65:5 ÔÇ║ Tours Management ÔÇ║ should create a new tour with all fields
PAGE LOG: [vite] hot updated: /src/index.css

[1A[2K[webkit] ÔÇ║ src\__tests__\e2e\tours.spec.ts:65:5 ÔÇ║ Tours Management ÔÇ║ should create a new tour with all fields
>> GET http://localhost:5173/src/index.css?t=1764018777083

[1A[2K[chromium] ÔÇ║ src\__tests__\e2e\tours.spec.ts:65:5 ÔÇ║ Tours Management ÔÇ║ should create a new tour with all fields
>> GET http://localhost:5173/src/index.css?t=1764018777379

[1A[2K[firefox] ÔÇ║ src\__tests__\e2e\tours.spec.ts:65:5 ÔÇ║ Tours Management ÔÇ║ should create a new tour with all fields
PAGE LOG: [vite] hot updated: /src/index.css

[1A[2K>> GET http://localhost:5173/src/index.css?t=1764018777288

[1A[2K[chromium] ÔÇ║ src\__tests__\e2e\tours.spec.ts:65:5 ÔÇ║ Tours Management ÔÇ║ should create a new tour with all fields
>> GET https://fonts.googleapis.com/css2?family=Outfit:wght@300;400;500;600;700&display=swap

[1A[2KPAGE LOG: [vite] hot updated: /src/index.css

[1A[2K>> GET http://localhost:5173/src/index.css?t=1764018777450

[1A[2K[webkit] ÔÇ║ src\__tests__\e2e\tours.spec.ts:65:5 ÔÇ║ Tours Management ÔÇ║ should create a new tour with all fields
>> GET https://fonts.googleapis.com/css2?family=Outfit:wght@300;400;500;600;700&display=swap

[1A[2KPAGE LOG: [vite] hot updated: /src/index.css

[1A[2K>> GET http://localhost:5173/src/index.css?t=1764018777160

[1A[2K[firefox] ÔÇ║ src\__tests__\e2e\tours.spec.ts:65:5 ÔÇ║ Tours Management ÔÇ║ should create a new tour with all fields
PAGE LOG: [vite] hot updated: /src/index.css

[1A[2K[chromium] ÔÇ║ src\__tests__\e2e\tours.spec.ts:65:5 ÔÇ║ Tours Management ÔÇ║ should create a new tour with all fields
PAGE LOG: [vite] hot updated: /src/index.css

[1A[2K>> GET http://localhost:5173/src/index.css?t=1764018777528

[1A[2K[firefox] ÔÇ║ src\__tests__\e2e\tours.spec.ts:65:5 ÔÇ║ Tours Management ÔÇ║ should create a new tour with all fields
>> GET http://localhost:5173/src/index.css?t=1764018777379

[1A[2K[webkit] ÔÇ║ src\__tests__\e2e\tours.spec.ts:65:5 ÔÇ║ Tours Management ÔÇ║ should create a new tour with all fields
>> GET https://fonts.googleapis.com/css2?family=Outfit:wght@300;400;500;600;700&display=swap

[1A[2KPAGE LOG: [vite] hot updated: /src/index.css

[1A[2K>> GET http://localhost:5173/src/index.css?t=1764018777288

[1A[2K[chromium] ÔÇ║ src\__tests__\e2e\tours.spec.ts:65:5 ÔÇ║ Tours Management ÔÇ║ should create a new tour with all fields
>> GET https://fonts.googleapis.com/css2?family=Outfit:wght@300;400;500;600;700&display=swap

[1A[2KPAGE LOG: [vite] hot updated: /src/index.css

[1A[2K[firefox] ÔÇ║ src\__tests__\e2e\tours.spec.ts:65:5 ÔÇ║ Tours Management ÔÇ║ should create a new tour with all fields
PAGE LOG: [vite] hot updated: /src/index.css

[1A[2K[webkit] ÔÇ║ src\__tests__\e2e\tours.spec.ts:65:5 ÔÇ║ Tours Management ÔÇ║ should create a new tour with all fields
>> GET https://fonts.googleapis.com/css2?family=Outfit:wght@300;400;500;600;700&display=swap

[1A[2KPAGE LOG: [vite] hot updated: /src/index.css

[1A[2K>> GET http://localhost:5173/src/index.css?t=1764018777379

[1A[2K[firefox] ÔÇ║ src\__tests__\e2e\tours.spec.ts:65:5 ÔÇ║ Tours Management ÔÇ║ should create a new tour with all fields
>> GET http://localhost:5173/src/index.css?t=1764018777450

[1A[2K[chromium] ÔÇ║ src\__tests__\e2e\tours.spec.ts:65:5 ÔÇ║ Tours Management ÔÇ║ should create a new tour with all fields
>> GET http://localhost:5173/src/index.css?t=1764018777628

[1A[2K[firefox] ÔÇ║ src\__tests__\e2e\tours.spec.ts:65:5 ÔÇ║ Tours Management ÔÇ║ should create a new tour with all fields
PAGE LOG: [vite] hot updated: /src/index.css

[1A[2K[chromium] ÔÇ║ src\__tests__\e2e\tours.spec.ts:65:5 ÔÇ║ Tours Management ÔÇ║ should create a new tour with all fields
PAGE LOG: [vite] hot updated: /src/index.css

[1A[2K[webkit] ÔÇ║ src\__tests__\e2e\tours.spec.ts:65:5 ÔÇ║ Tours Management ÔÇ║ should create a new tour with all fields
>> GET https://fonts.googleapis.com/css2?family=Outfit:wght@300;400;500;600;700&display=swap

[1A[2K[firefox] ÔÇ║ src\__tests__\e2e\tours.spec.ts:65:5 ÔÇ║ Tours Management ÔÇ║ should create a new tour with all fields
>> GET http://localhost:5173/src/index.css?t=1764018777528

[1A[2K[webkit] ÔÇ║ src\__tests__\e2e\tours.spec.ts:65:5 ÔÇ║ Tours Management ÔÇ║ should create a new tour with all fields
PAGE LOG: [vite] hot updated: /src/index.css

[1A[2K>> GET http://localhost:5173/src/index.css?t=1764018777450

[1A[2K[chromium] ÔÇ║ src\__tests__\e2e\tours.spec.ts:65:5 ÔÇ║ Tours Management ÔÇ║ should create a new tour with all fields
>> GET http://localhost:5173/src/index.css?t=1764018777723

[1A[2K[firefox] ÔÇ║ src\__tests__\e2e\tours.spec.ts:65:5 ÔÇ║ Tours Management ÔÇ║ should create a new tour with all fields
PAGE LOG: [vite] hot updated: /src/index.css

[1A[2K[chromium] ÔÇ║ src\__tests__\e2e\tours.spec.ts:65:5 ÔÇ║ Tours Management ÔÇ║ should create a new tour with all fields
>> GET https://fonts.googleapis.com/css2?family=Outfit:wght@300;400;500;600;700&display=swap

[1A[2KPAGE LOG: [vite] hot updated: /src/index.css

[1A[2K>> GET http://localhost:5173/src/index.css?t=1764018777818

[1A[2K[firefox] ÔÇ║ src\__tests__\e2e\tours.spec.ts:65:5 ÔÇ║ Tours Management ÔÇ║ should create a new tour with all fields
>> GET http://localhost:5173/src/index.css?t=1764018777628

[1A[2K[webkit] ÔÇ║ src\__tests__\e2e\tours.spec.ts:65:5 ÔÇ║ Tours Management ÔÇ║ should create a new tour with all fields
>> GET https://fonts.googleapis.com/css2?family=Outfit:wght@300;400;500;600;700&display=swap

[1A[2KPAGE LOG: [vite] hot updated: /src/index.css

[1A[2K>> GET http://localhost:5173/src/index.css?t=1764018777528

[1A[2K[firefox] ÔÇ║ src\__tests__\e2e\tours.spec.ts:65:5 ÔÇ║ Tours Management ÔÇ║ should create a new tour with all fields
PAGE LOG: [vite] hot updated: /src/index.css

[1A[2K[webkit] ÔÇ║ src\__tests__\e2e\tours.spec.ts:65:5 ÔÇ║ Tours Management ÔÇ║ should create a new tour with all fields
>> GET https://fonts.googleapis.com/css2?family=Outfit:wght@300;400;500;600;700&display=swap

[1A[2KPAGE LOG: [vite] hot updated: /src/index.css

[1A[2K>> GET http://localhost:5173/src/index.css?t=1764018777628

[1A[2K[chromium] ÔÇ║ src\__tests__\e2e\tours.spec.ts:65:5 ÔÇ║ Tours Management ÔÇ║ should create a new tour with all fields
PAGE LOG: [vite] hot updated: /src/index.css

[1A[2K>> GET https://fonts.googleapis.com/css2?family=Outfit:wght@300;400;500;600;700&display=swap

[1A[2K[firefox] ÔÇ║ src\__tests__\e2e\tours.spec.ts:65:5 ÔÇ║ Tours Management ÔÇ║ should create a new tour with all fields
>> GET http://localhost:5173/src/index.css?t=1764018777723

[1A[2K[chromium] ÔÇ║ src\__tests__\e2e\tours.spec.ts:65:5 ÔÇ║ Tours Management ÔÇ║ should create a new tour with all fields
>> GET http://localhost:5173/src/index.css?t=1764018777924

[1A[2K>> GET https://fonts.googleapis.com/css2?family=Outfit:wght@300;400;500;600;700&display=swap

[1A[2K[firefox] ÔÇ║ src\__tests__\e2e\tours.spec.ts:65:5 ÔÇ║ Tours Management ÔÇ║ should create a new tour with all fields
PAGE LOG: [vite] hot updated: /src/index.css

[1A[2K[chromium] ÔÇ║ src\__tests__\e2e\tours.spec.ts:65:5 ÔÇ║ Tours Management ÔÇ║ should create a new tour with all fields
PAGE LOG: [vite] hot updated: /src/index.css

[1A[2K>> GET http://localhost:5173/src/index.css?t=1764018778003

[1A[2K[firefox] ÔÇ║ src\__tests__\e2e\tours.spec.ts:65:5 ÔÇ║ Tours Management ÔÇ║ should create a new tour with all fields
>> GET http://localhost:5173/src/index.css?t=1764018777818

[1A[2K[webkit] ÔÇ║ src\__tests__\e2e\tours.spec.ts:65:5 ÔÇ║ Tours Management ÔÇ║ should create a new tour with all fields
>> GET https://fonts.googleapis.com/css2?family=Outfit:wght@300;400;500;600;700&display=swap

[1A[2KPAGE LOG: [vite] hot updated: /src/index.css

[1A[2K>> GET http://localhost:5173/src/index.css?t=1764018777723

[1A[2K[firefox] ÔÇ║ src\__tests__\e2e\tours.spec.ts:65:5 ÔÇ║ Tours Management ÔÇ║ should create a new tour with all fields
PAGE LOG: [vite] hot updated: /src/index.css

[1A[2K[chromium] ÔÇ║ src\__tests__\e2e\tours.spec.ts:65:5 ÔÇ║ Tours Management ÔÇ║ should create a new tour with all fields
>> GET https://fonts.googleapis.com/css2?family=Outfit:wght@300;400;500;600;700&display=swap

[1A[2K[webkit] ÔÇ║ src\__tests__\e2e\tours.spec.ts:65:5 ÔÇ║ Tours Management ÔÇ║ should create a new tour with all fields
>> GET https://fonts.googleapis.com/css2?family=Outfit:wght@300;400;500;600;700&display=swap

[1A[2K[chromium] ÔÇ║ src\__tests__\e2e\tours.spec.ts:65:5 ÔÇ║ Tours Management ÔÇ║ should create a new tour with all fields
PAGE LOG: [vite] hot updated: /src/index.css

[1A[2K[webkit] ÔÇ║ src\__tests__\e2e\tours.spec.ts:65:5 ÔÇ║ Tours Management ÔÇ║ should create a new tour with all fields
PAGE LOG: [vite] hot updated: /src/index.css

[1A[2K[chromium] ÔÇ║ src\__tests__\e2e\tours.spec.ts:65:5 ÔÇ║ Tours Management ÔÇ║ should create a new tour with all fields
>> GET http://localhost:5173/src/index.css?t=1764018778096

[1A[2K[webkit] ÔÇ║ src\__tests__\e2e\tours.spec.ts:65:5 ÔÇ║ Tours Management ÔÇ║ should create a new tour with all fields
>> GET http://localhost:5173/src/index.css?t=1764018777818

[1A[2K[firefox] ÔÇ║ src\__tests__\e2e\tours.spec.ts:65:5 ÔÇ║ Tours Management ÔÇ║ should create a new tour with all fields
>> GET http://localhost:5173/src/index.css?t=1764018777924

[1A[2KPAGE LOG: [vite] hot updated: /src/index.css

[1A[2K[chromium] ÔÇ║ src\__tests__\e2e\tours.spec.ts:65:5 ÔÇ║ Tours Management ÔÇ║ should create a new tour with all fields
PAGE LOG: [vite] hot updated: /src/index.css

[1A[2K>> GET https://fonts.googleapis.com/css2?family=Outfit:wght@300;400;500;600;700&display=swap

[1A[2K>> GET http://localhost:5173/src/index.css?t=1764018778229

[1A[2K[webkit] ÔÇ║ src\__tests__\e2e\tours.spec.ts:65:5 ÔÇ║ Tours Management ÔÇ║ should create a new tour with all fields
>> GET https://fonts.googleapis.com/css2?family=Outfit:wght@300;400;500;600;700&display=swap

[1A[2KPAGE LOG: [vite] hot updated: /src/index.css

[1A[2K>> GET http://localhost:5173/src/index.css?t=1764018777924

[1A[2K[firefox] ÔÇ║ src\__tests__\e2e\tours.spec.ts:65:5 ÔÇ║ Tours Management ÔÇ║ should create a new tour with all fields
>> GET http://localhost:5173/src/index.css?t=1764018778003

[1A[2K[chromium] ÔÇ║ src\__tests__\e2e\tours.spec.ts:65:5 ÔÇ║ Tours Management ÔÇ║ should create a new tour with all fields
PAGE LOG: [vite] hot updated: /src/index.css

[1A[2K>> GET http://localhost:5173/src/index.css?t=1764018778320

[1A[2K[firefox] ÔÇ║ src\__tests__\e2e\tours.spec.ts:65:5 ÔÇ║ Tours Management ÔÇ║ should create a new tour with all fields
PAGE LOG: [vite] hot updated: /src/index.css

[1A[2K[webkit] ÔÇ║ src\__tests__\e2e\tours.spec.ts:65:5 ÔÇ║ Tours Management ÔÇ║ should create a new tour with all fields
>> GET https://fonts.googleapis.com/css2?family=Outfit:wght@300;400;500;600;700&display=swap

[1A[2KPAGE LOG: [vite] hot updated: /src/index.css

[1A[2K>> GET http://localhost:5173/src/index.css?t=1764018778003

[1A[2K[firefox] ÔÇ║ src\__tests__\e2e\tours.spec.ts:65:5 ÔÇ║ Tours Management ÔÇ║ should create a new tour with all fields
>> GET http://localhost:5173/src/index.css?t=1764018778096

[1A[2K[webkit] ÔÇ║ src\__tests__\e2e\tours.spec.ts:65:5 ÔÇ║ Tours Management ÔÇ║ should create a new tour with all fields
>> GET https://fonts.googleapis.com/css2?family=Outfit:wght@300;400;500;600;700&display=swap

[1A[2KPAGE LOG: [vite] hot updated: /src/index.css

[1A[2K>> GET http://localhost:5173/src/index.css?t=1764018778096

[1A[2K[chromium] ÔÇ║ src\__tests__\e2e\tours.spec.ts:65:5 ÔÇ║ Tours Management ÔÇ║ should create a new tour with all fields
PAGE LOG: [vite] hot updated: /src/index.css

[1A[2K>> GET https://fonts.googleapis.com/css2?family=Outfit:wght@300;400;500;600;700&display=swap

[1A[2K[firefox] ÔÇ║ src\__tests__\e2e\tours.spec.ts:65:5 ÔÇ║ Tours Management ÔÇ║ should create a new tour with all fields
PAGE LOG: [vite] hot updated: /src/index.css

[1A[2K>> GET http://localhost:5173/src/index.css?t=1764018778229

[1A[2K[chromium] ÔÇ║ src\__tests__\e2e\tours.spec.ts:65:5 ÔÇ║ Tours Management ÔÇ║ should create a new tour with all fields
>> GET http://localhost:5173/src/index.css?t=1764018778416

[1A[2KPAGE LOG: [vite] hot updated: /src/index.css

[1A[2K>> GET https://fonts.googleapis.com/css2?family=Outfit:wght@300;400;500;600;700&display=swap

[1A[2K[firefox] ÔÇ║ src\__tests__\e2e\tours.spec.ts:65:5 ÔÇ║ Tours Management ÔÇ║ should create a new tour with all fields
PAGE LOG: [vite] hot updated: /src/index.css

[1A[2K>> GET http://localhost:5173/src/index.css?t=1764018778320

[1A[2K[chromium] ÔÇ║ src\__tests__\e2e\tours.spec.ts:65:5 ÔÇ║ Tours Management ÔÇ║ should create a new tour with all fields
>> GET http://localhost:5173/src/index.css?t=1764018778506

[1A[2K[webkit] ÔÇ║ src\__tests__\e2e\tours.spec.ts:65:5 ÔÇ║ Tours Management ÔÇ║ should create a new tour with all fields
>> GET https://fonts.googleapis.com/css2?family=Outfit:wght@300;400;500;600;700&display=swap

[1A[2KPAGE LOG: [vite] hot updated: /src/index.css

[1A[2K>> GET http://localhost:5173/src/index.css?t=1764018778229

[1A[2K[firefox] ÔÇ║ src\__tests__\e2e\tours.spec.ts:65:5 ÔÇ║ Tours Management ÔÇ║ should create a new tour with all fields
PAGE LOG: [vite] hot updated: /src/index.css

[1A[2K[webkit] ÔÇ║ src\__tests__\e2e\tours.spec.ts:65:5 ÔÇ║ Tours Management ÔÇ║ should create a new tour with all fields
>> GET https://fonts.googleapis.com/css2?family=Outfit:wght@300;400;500;600;700&display=swap

[1A[2K[chromium] ÔÇ║ src\__tests__\e2e\tours.spec.ts:65:5 ÔÇ║ Tours Management ÔÇ║ should create a new tour with all fields
PAGE LOG: [vite] hot updated: /src/index.css

[1A[2K[firefox] ÔÇ║ src\__tests__\e2e\tours.spec.ts:65:5 ÔÇ║ Tours Management ÔÇ║ should create a new tour with all fields
>> GET http://localhost:5173/src/index.css?t=1764018778416

[1A[2K[webkit] ÔÇ║ src\__tests__\e2e\tours.spec.ts:65:5 ÔÇ║ Tours Management ÔÇ║ should create a new tour with all fields
PAGE LOG: [vite] hot updated: /src/index.css

[1A[2K>> GET http://localhost:5173/src/index.css?t=1764018778320

[1A[2K[chromium] ÔÇ║ src\__tests__\e2e\tours.spec.ts:65:5 ÔÇ║ Tours Management ÔÇ║ should create a new tour with all fields
>> GET http://localhost:5173/src/index.css?t=1764018778581

[1A[2K[webkit] ÔÇ║ src\__tests__\e2e\tours.spec.ts:65:5 ÔÇ║ Tours Management ÔÇ║ should create a new tour with all fields
>> GET https://fonts.googleapis.com/css2?family=Outfit:wght@300;400;500;600;700&display=swap

[1A[2KPAGE LOG: [vite] hot updated: /src/index.css

[1A[2K>> GET http://localhost:5173/src/index.css?t=1764018778416

[1A[2K[chromium] ÔÇ║ src\__tests__\e2e\tours.spec.ts:65:5 ÔÇ║ Tours Management ÔÇ║ should create a new tour with all fields
>> GET https://fonts.googleapis.com/css2?family=Outfit:wght@300;400;500;600;700&display=swap

[1A[2KPAGE LOG: [vite] hot updated: /src/index.css

[1A[2K[firefox] ÔÇ║ src\__tests__\e2e\tours.spec.ts:65:5 ÔÇ║ Tours Management ÔÇ║ should create a new tour with all fields
PAGE LOG: [vite] hot updated: /src/index.css

[1A[2K[chromium] ÔÇ║ src\__tests__\e2e\tours.spec.ts:65:5 ÔÇ║ Tours Management ÔÇ║ should create a new tour with all fields
>> GET http://localhost:5173/src/index.css?t=1764018778668

[1A[2K[firefox] ÔÇ║ src\__tests__\e2e\tours.spec.ts:65:5 ÔÇ║ Tours Management ÔÇ║ should create a new tour with all fields
>> GET http://localhost:5173/src/index.css?t=1764018778506

[1A[2KPAGE LOG: [vite] hot updated: /src/index.css

[1A[2K[chromium] ÔÇ║ src\__tests__\e2e\tours.spec.ts:65:5 ÔÇ║ Tours Management ÔÇ║ should create a new tour with all fields
>> GET https://fonts.googleapis.com/css2?family=Outfit:wght@300;400;500;600;700&display=swap

[1A[2KPAGE LOG: [vite] hot updated: /src/index.css

[1A[2K>> GET http://localhost:5173/src/index.css?t=1764018778755

[1A[2K[firefox] ÔÇ║ src\__tests__\e2e\tours.spec.ts:65:5 ÔÇ║ Tours Management ÔÇ║ should create a new tour with all fields
>> GET http://localhost:5173/src/index.css?t=1764018778581

[1A[2K[webkit] ÔÇ║ src\__tests__\e2e\tours.spec.ts:65:5 ÔÇ║ Tours Management ÔÇ║ should create a new tour with all fields
>> GET https://fonts.googleapis.com/css2?family=Outfit:wght@300;400;500;600;700&display=swap

[1A[2KPAGE LOG: [vite] hot updated: /src/index.css

[1A[2K>> GET http://localhost:5173/src/index.css?t=1764018778506

[1A[2K[firefox] ÔÇ║ src\__tests__\e2e\tours.spec.ts:65:5 ÔÇ║ Tours Management ÔÇ║ should create a new tour with all fields
PAGE LOG: [vite] hot updated: /src/index.css

[1A[2K[chromium] ÔÇ║ src\__tests__\e2e\tours.spec.ts:65:5 ÔÇ║ Tours Management ÔÇ║ should create a new tour with all fields
PAGE LOG: [vite] hot updated: /src/index.css

[1A[2K>> GET http://localhost:5173/src/index.css?t=1764018778829

[1A[2K[webkit] ÔÇ║ src\__tests__\e2e\tours.spec.ts:65:5 ÔÇ║ Tours Management ÔÇ║ should create a new tour with all fields
>> GET https://fonts.googleapis.com/css2?family=Outfit:wght@300;400;500;600;700&display=swap

[1A[2KPAGE LOG: [vite] hot updated: /src/index.css

[1A[2K>> GET http://localhost:5173/src/index.css?t=1764018778581

[1A[2K[firefox] ÔÇ║ src\__tests__\e2e\tours.spec.ts:65:5 ÔÇ║ Tours Management ÔÇ║ should create a new tour with all fields
>> GET http://localhost:5173/src/index.css?t=1764018778668

[1A[2K[webkit] ÔÇ║ src\__tests__\e2e\tours.spec.ts:65:5 ÔÇ║ Tours Management ÔÇ║ should create a new tour with all fields
>> GET https://fonts.googleapis.com/css2?family=Outfit:wght@300;400;500;600;700&display=swap

[1A[2K[firefox] ÔÇ║ src\__tests__\e2e\tours.spec.ts:65:5 ÔÇ║ Tours Management ÔÇ║ should create a new tour with all fields
PAGE LOG: [vite] hot updated: /src/index.css

[1A[2K[chromium] ÔÇ║ src\__tests__\e2e\tours.spec.ts:65:5 ÔÇ║ Tours Management ÔÇ║ should create a new tour with all fields
>> GET https://fonts.googleapis.com/css2?family=Outfit:wght@300;400;500;600;700&display=swap

[1A[2K[webkit] ÔÇ║ src\__tests__\e2e\tours.spec.ts:65:5 ÔÇ║ Tours Management ÔÇ║ should create a new tour with all fields
PAGE LOG: [vite] hot updated: /src/index.css

[1A[2K[chromium] ÔÇ║ src\__tests__\e2e\tours.spec.ts:65:5 ÔÇ║ Tours Management ÔÇ║ should create a new tour with all fields
PAGE LOG: [vite] hot updated: /src/index.css

[1A[2K[webkit] ÔÇ║ src\__tests__\e2e\tours.spec.ts:65:5 ÔÇ║ Tours Management ÔÇ║ should create a new tour with all fields
>> GET http://localhost:5173/src/index.css?t=1764018778668

[1A[2K[chromium] ÔÇ║ src\__tests__\e2e\tours.spec.ts:65:5 ÔÇ║ Tours Management ÔÇ║ should create a new tour with all fields
>> GET http://localhost:5173/src/index.css?t=1764018778918

[1A[2K[firefox] ÔÇ║ src\__tests__\e2e\tours.spec.ts:65:5 ÔÇ║ Tours Management ÔÇ║ should create a new tour with all fields
>> GET http://localhost:5173/src/index.css?t=1764018778755

[1A[2KPAGE LOG: [vite] hot updated: /src/index.css

[1A[2K[chromium] ÔÇ║ src\__tests__\e2e\tours.spec.ts:65:5 ÔÇ║ Tours Management ÔÇ║ should create a new tour with all fields
PAGE LOG: [vite] hot updated: /src/index.css

[1A[2K[firefox] ÔÇ║ src\__tests__\e2e\tours.spec.ts:65:5 ÔÇ║ Tours Management ÔÇ║ should create a new tour with all fields
>> GET http://localhost:5173/src/index.css?t=1764018778829

[1A[2K[webkit] ÔÇ║ src\__tests__\e2e\tours.spec.ts:65:5 ÔÇ║ Tours Management ÔÇ║ should create a new tour with all fields
>> GET https://fonts.googleapis.com/css2?family=Outfit:wght@300;400;500;600;700&display=swap

[1A[2K[chromium] ÔÇ║ src\__tests__\e2e\tours.spec.ts:65:5 ÔÇ║ Tours Management ÔÇ║ should create a new tour with all fields
>> GET http://localhost:5173/src/index.css?t=1764018779016

[1A[2K[webkit] ÔÇ║ src\__tests__\e2e\tours.spec.ts:65:5 ÔÇ║ Tours Management ÔÇ║ should create a new tour with all fields
PAGE LOG: [vite] hot updated: /src/index.css

[1A[2K>> GET http://localhost:5173/src/index.css?t=1764018778755

[1A[2K[chromium] ÔÇ║ src\__tests__\e2e\tours.spec.ts:65:5 ÔÇ║ Tours Management ÔÇ║ should create a new tour with all fields
>> GET https://fonts.googleapis.com/css2?family=Outfit:wght@300;400;500;600;700&display=swap

[1A[2KPAGE LOG: [vite] hot updated: /src/index.css

[1A[2K[firefox] ÔÇ║ src\__tests__\e2e\tours.spec.ts:65:5 ÔÇ║ Tours Management ÔÇ║ should create a new tour with all fields
PAGE LOG: [vite] hot updated: /src/index.css

[1A[2K[webkit] ÔÇ║ src\__tests__\e2e\tours.spec.ts:65:5 ÔÇ║ Tours Management ÔÇ║ should create a new tour with all fields
>> GET https://fonts.googleapis.com/css2?family=Outfit:wght@300;400;500;600;700&display=swap

[1A[2K[chromium] ÔÇ║ src\__tests__\e2e\tours.spec.ts:65:5 ÔÇ║ Tours Management ÔÇ║ should create a new tour with all fields
>> GET http://localhost:5173/src/index.css?t=1764018779099

[1A[2K[firefox] ÔÇ║ src\__tests__\e2e\tours.spec.ts:65:5 ÔÇ║ Tours Management ÔÇ║ should create a new tour with all fields
>> GET http://localhost:5173/src/index.css?t=1764018778918

[1A[2K[webkit] ÔÇ║ src\__tests__\e2e\tours.spec.ts:65:5 ÔÇ║ Tours Management ÔÇ║ should create a new tour with all fields
PAGE LOG: [vite] hot updated: /src/index.css

[1A[2K>> GET http://localhost:5173/src/index.css?t=1764018778829

[1A[2K[chromium] ÔÇ║ src\__tests__\e2e\tours.spec.ts:65:5 ÔÇ║ Tours Management ÔÇ║ should create a new tour with all fields
PAGE LOG: [vite] hot updated: /src/index.css

[1A[2K[webkit] ÔÇ║ src\__tests__\e2e\tours.spec.ts:65:5 ÔÇ║ Tours Management ÔÇ║ should create a new tour with all fields
>> GET https://fonts.googleapis.com/css2?family=Outfit:wght@300;400;500;600;700&display=swap

[1A[2KPAGE LOG: [vite] hot updated: /src/index.css

[1A[2K>> GET http://localhost:5173/src/index.css?t=1764018778918

[1A[2K[firefox] ÔÇ║ src\__tests__\e2e\tours.spec.ts:65:5 ÔÇ║ Tours Management ÔÇ║ should create a new tour with all fields
PAGE LOG: [vite] hot updated: /src/index.css

[1A[2K[chromium] ÔÇ║ src\__tests__\e2e\tours.spec.ts:65:5 ÔÇ║ Tours Management ÔÇ║ should create a new tour with all fields
>> GET http://localhost:5173/src/index.css?t=1764018779188

[1A[2K[firefox] ÔÇ║ src\__tests__\e2e\tours.spec.ts:65:5 ÔÇ║ Tours Management ÔÇ║ should create a new tour with all fields
>> GET http://localhost:5173/src/index.css?t=1764018779016

[1A[2KPAGE LOG: [vite] hot updated: /src/index.css

[1A[2K[webkit] ÔÇ║ src\__tests__\e2e\tours.spec.ts:65:5 ÔÇ║ Tours Management ÔÇ║ should create a new tour with all fields
>> GET https://fonts.googleapis.com/css2?family=Outfit:wght@300;400;500;600;700&display=swap

[1A[2KPAGE LOG: [vite] hot updated: /src/index.css

[1A[2K>> GET http://localhost:5173/src/index.css?t=1764018779016

[1A[2K[chromium] ÔÇ║ src\__tests__\e2e\tours.spec.ts:65:5 ÔÇ║ Tours Management ÔÇ║ should create a new tour with all fields
PAGE LOG: [vite] hot updated: /src/index.css

[1A[2K>> GET https://fonts.googleapis.com/css2?family=Outfit:wght@300;400;500;600;700&display=swap

[1A[2K>> GET http://localhost:5173/src/index.css?t=1764018779279

[1A[2K[firefox] ÔÇ║ src\__tests__\e2e\tours.spec.ts:65:5 ÔÇ║ Tours Management ÔÇ║ should create a new tour with all fields
>> GET http://localhost:5173/src/index.css?t=1764018779099

[1A[2KPAGE LOG: [vite] hot updated: /src/index.css

[1A[2K[webkit] ÔÇ║ src\__tests__\e2e\tours.spec.ts:65:5 ÔÇ║ Tours Management ÔÇ║ should create a new tour with all fields
>> GET https://fonts.googleapis.com/css2?family=Outfit:wght@300;400;500;600;700&display=swap

[1A[2KPAGE LOG: [vite] hot updated: /src/index.css

[1A[2K>> GET http://localhost:5173/src/index.css?t=1764018779099

[1A[2K[chromium] ÔÇ║ src\__tests__\e2e\tours.spec.ts:65:5 ÔÇ║ Tours Management ÔÇ║ should create a new tour with all fields
PAGE LOG: [vite] hot updated: /src/index.css

[1A[2K>> GET http://localhost:5173/src/index.css?t=1764018779363

[1A[2K[firefox] ÔÇ║ src\__tests__\e2e\tours.spec.ts:65:5 ÔÇ║ Tours Management ÔÇ║ should create a new tour with all fields
>> GET http://localhost:5173/src/index.css?t=1764018779188

[1A[2K[chromium] ÔÇ║ src\__tests__\e2e\tours.spec.ts:65:5 ÔÇ║ Tours Management ÔÇ║ should create a new tour with all fields
>> GET https://fonts.googleapis.com/css2?family=Outfit:wght@300;400;500;600;700&display=swap

[1A[2KPAGE LOG: [vite] hot updated: /src/index.css

[1A[2K[firefox] ÔÇ║ src\__tests__\e2e\tours.spec.ts:65:5 ÔÇ║ Tours Management ÔÇ║ should create a new tour with all fields
PAGE LOG: [vite] hot updated: /src/index.css

[1A[2K[webkit] ÔÇ║ src\__tests__\e2e\tours.spec.ts:65:5 ÔÇ║ Tours Management ÔÇ║ should create a new tour with all fields
>> GET https://fonts.googleapis.com/css2?family=Outfit:wght@300;400;500;600;700&display=swap

[1A[2K[firefox] ÔÇ║ src\__tests__\e2e\tours.spec.ts:65:5 ÔÇ║ Tours Management ÔÇ║ should create a new tour with all fields
>> GET http://localhost:5173/src/index.css?t=1764018779279

[1A[2K[webkit] ÔÇ║ src\__tests__\e2e\tours.spec.ts:65:5 ÔÇ║ Tours Management ÔÇ║ should create a new tour with all fields
PAGE LOG: [vite] hot updated: /src/index.css

[1A[2K>> GET http://localhost:5173/src/index.css?t=1764018779188

[1A[2K[chromium] ÔÇ║ src\__tests__\e2e\tours.spec.ts:65:5 ÔÇ║ Tours Management ÔÇ║ should create a new tour with all fields
>> GET http://localhost:5173/src/index.css?t=1764018779467

[1A[2K[firefox] ÔÇ║ src\__tests__\e2e\tours.spec.ts:65:5 ÔÇ║ Tours Management ÔÇ║ should create a new tour with all fields
PAGE LOG: [vite] hot updated: /src/index.css

[1A[2K[webkit] ÔÇ║ src\__tests__\e2e\tours.spec.ts:65:5 ÔÇ║ Tours Management ÔÇ║ should create a new tour with all fields
>> GET https://fonts.googleapis.com/css2?family=Outfit:wght@300;400;500;600;700&display=swap

[1A[2K[chromium] ÔÇ║ src\__tests__\e2e\tours.spec.ts:65:5 ÔÇ║ Tours Management ÔÇ║ should create a new tour with all fields
PAGE LOG: [vite] hot updated: /src/index.css

[1A[2K[webkit] ÔÇ║ src\__tests__\e2e\tours.spec.ts:65:5 ÔÇ║ Tours Management ÔÇ║ should create a new tour with all fields
PAGE LOG: [vite] hot updated: /src/index.css

[1A[2K>> GET http://localhost:5173/src/index.css?t=1764018779279

[1A[2K[firefox] ÔÇ║ src\__tests__\e2e\tours.spec.ts:65:5 ÔÇ║ Tours Management ÔÇ║ should create a new tour with all fields
>> GET http://localhost:5173/src/index.css?t=1764018779363

[1A[2K[chromium] ÔÇ║ src\__tests__\e2e\tours.spec.ts:65:5 ÔÇ║ Tours Management ÔÇ║ should create a new tour with all fields
>> GET http://localhost:5173/src/index.css?t=1764018779545

[1A[2K[firefox] ÔÇ║ src\__tests__\e2e\tours.spec.ts:65:5 ÔÇ║ Tours Management ÔÇ║ should create a new tour with all fields
PAGE LOG: [vite] hot updated: /src/index.css

[1A[2K[webkit] ÔÇ║ src\__tests__\e2e\tours.spec.ts:65:5 ÔÇ║ Tours Management ÔÇ║ should create a new tour with all fields
>> GET https://fonts.googleapis.com/css2?family=Outfit:wght@300;400;500;600;700&display=swap

[1A[2KPAGE LOG: [vite] hot updated: /src/index.css

[1A[2K>> GET http://localhost:5173/src/index.css?t=1764018779363

[1A[2K[firefox] ÔÇ║ src\__tests__\e2e\tours.spec.ts:65:5 ÔÇ║ Tours Management ÔÇ║ should create a new tour with all fields
>> GET http://localhost:5173/src/index.css?t=1764018779467

[1A[2K[chromium] ÔÇ║ src\__tests__\e2e\tours.spec.ts:65:5 ÔÇ║ Tours Management ÔÇ║ should create a new tour with all fields
>> GET https://fonts.googleapis.com/css2?family=Outfit:wght@300;400;500;600;700&display=swap

[1A[2KPAGE LOG: [vite] hot updated: /src/index.css

[1A[2K>> GET http://localhost:5173/src/index.css?t=1764018779651

[1A[2K[webkit] ÔÇ║ src\__tests__\e2e\tours.spec.ts:65:5 ÔÇ║ Tours Management ÔÇ║ should create a new tour with all fields
>> GET https://fonts.googleapis.com/css2?family=Outfit:wght@300;400;500;600;700&display=swap

[1A[2K[chromium] ÔÇ║ src\__tests__\e2e\tours.spec.ts:65:5 ÔÇ║ Tours Management ÔÇ║ should create a new tour with all fields
PAGE LOG: [vite] hot updated: /src/index.css

[1A[2K[firefox] ÔÇ║ src\__tests__\e2e\tours.spec.ts:65:5 ÔÇ║ Tours Management ÔÇ║ should create a new tour with all fields
PAGE LOG: [vite] hot updated: /src/index.css

[1A[2K[webkit] ÔÇ║ src\__tests__\e2e\tours.spec.ts:65:5 ÔÇ║ Tours Management ÔÇ║ should create a new tour with all fields
PAGE LOG: [vite] hot updated: /src/index.css

[1A[2K>> GET http://localhost:5173/src/index.css?t=1764018779467

[1A[2K[firefox] ÔÇ║ src\__tests__\e2e\tours.spec.ts:65:5 ÔÇ║ Tours Management ÔÇ║ should create a new tour with all fields
>> GET http://localhost:5173/src/index.css?t=1764018779545

[1A[2K[chromium] ÔÇ║ src\__tests__\e2e\tours.spec.ts:65:5 ÔÇ║ Tours Management ÔÇ║ should create a new tour with all fields
>> GET http://localhost:5173/src/index.css?t=1764018779726

[1A[2K[firefox] ÔÇ║ src\__tests__\e2e\tours.spec.ts:65:5 ÔÇ║ Tours Management ÔÇ║ should create a new tour with all fields
PAGE LOG: [vite] hot updated: /src/index.css

[1A[2K[chromium] ÔÇ║ src\__tests__\e2e\tours.spec.ts:65:5 ÔÇ║ Tours Management ÔÇ║ should create a new tour with all fields
>> GET https://fonts.googleapis.com/css2?family=Outfit:wght@300;400;500;600;700&display=swap

[1A[2KPAGE LOG: [vite] hot updated: /src/index.css

[1A[2K>> GET http://localhost:5173/src/index.css?t=1764018779801

[1A[2K[firefox] ÔÇ║ src\__tests__\e2e\tours.spec.ts:65:5 ÔÇ║ Tours Management ÔÇ║ should create a new tour with all fields
>> GET http://localhost:5173/src/index.css?t=1764018779651

[1A[2K[webkit] ÔÇ║ src\__tests__\e2e\tours.spec.ts:65:5 ÔÇ║ Tours Management ÔÇ║ should create a new tour with all fields
>> GET https://fonts.googleapis.com/css2?family=Outfit:wght@300;400;500;600;700&display=swap

[1A[2KPAGE LOG: [vite] hot updated: /src/index.css

[1A[2K>> GET http://localhost:5173/src/index.css?t=1764018779545

[1A[2K[firefox] ÔÇ║ src\__tests__\e2e\tours.spec.ts:65:5 ÔÇ║ Tours Management ÔÇ║ should create a new tour with all fields
PAGE LOG: [vite] hot updated: /src/index.css

[1A[2K[chromium] ÔÇ║ src\__tests__\e2e\tours.spec.ts:65:5 ÔÇ║ Tours Management ÔÇ║ should create a new tour with all fields
>> GET https://fonts.googleapis.com/css2?family=Outfit:wght@300;400;500;600;700&display=swap

[1A[2KPAGE LOG: [vite] hot updated: /src/index.css

[1A[2K[webkit] ÔÇ║ src\__tests__\e2e\tours.spec.ts:65:5 ÔÇ║ Tours Management ÔÇ║ should create a new tour with all fields
>> GET https://fonts.googleapis.com/css2?family=Outfit:wght@300;400;500;600;700&display=swap

[1A[2KPAGE LOG: [vite] hot updated: /src/index.css

[1A[2K>> GET http://localhost:5173/src/index.css?t=1764018779651

[1A[2K[chromium] ÔÇ║ src\__tests__\e2e\tours.spec.ts:65:5 ÔÇ║ Tours Management ÔÇ║ should create a new tour with all fields
>> GET http://localhost:5173/src/index.css?t=1764018779896

[1A[2K[firefox] ÔÇ║ src\__tests__\e2e\tours.spec.ts:65:5 ÔÇ║ Tours Management ÔÇ║ should create a new tour with all fields
>> GET http://localhost:5173/src/index.css?t=1764018779726

[1A[2KPAGE LOG: [vite] hot updated: /src/index.css

[1A[2K[webkit] ÔÇ║ src\__tests__\e2e\tours.spec.ts:65:5 ÔÇ║ Tours Management ÔÇ║ should create a new tour with all fields
>> GET https://fonts.googleapis.com/css2?family=Outfit:wght@300;400;500;600;700&display=swap

[1A[2K[chromium] ÔÇ║ src\__tests__\e2e\tours.spec.ts:65:5 ÔÇ║ Tours Management ÔÇ║ should create a new tour with all fields
PAGE LOG: [vite] hot updated: /src/index.css

[1A[2K[webkit] ÔÇ║ src\__tests__\e2e\tours.spec.ts:65:5 ÔÇ║ Tours Management ÔÇ║ should create a new tour with all fields
PAGE LOG: [vite] hot updated: /src/index.css

[1A[2K>> GET http://localhost:5173/src/index.css?t=1764018779726

[1A[2K[chromium] ÔÇ║ src\__tests__\e2e\tours.spec.ts:65:5 ÔÇ║ Tours Management ÔÇ║ should create a new tour with all fields
>> GET http://localhost:5173/src/index.css?t=1764018779976

[1A[2K[firefox] ÔÇ║ src\__tests__\e2e\tours.spec.ts:65:5 ÔÇ║ Tours Management ÔÇ║ should create a new tour with all fields
>> GET http://localhost:5173/src/index.css?t=1764018779801

[1A[2K[webkit] ÔÇ║ src\__tests__\e2e\tours.spec.ts:65:5 ÔÇ║ Tours Management ÔÇ║ should create a new tour with all fields
>> GET https://fonts.googleapis.com/css2?family=Outfit:wght@300;400;500;600;700&display=swap

[1A[2KPAGE LOG: [vite] hot updated: /src/index.css

[1A[2K>> GET http://localhost:5173/src/index.css?t=1764018779801

[1A[2K[firefox] ÔÇ║ src\__tests__\e2e\tours.spec.ts:65:5 ÔÇ║ Tours Management ÔÇ║ should create a new tour with all fields
PAGE LOG: [vite] hot updated: /src/index.css

[1A[2K[chromium] ÔÇ║ src\__tests__\e2e\tours.spec.ts:65:5 ÔÇ║ Tours Management ÔÇ║ should create a new tour with all fields
>> GET https://fonts.googleapis.com/css2?family=Outfit:wght@300;400;500;600;700&display=swap

[1A[2KPAGE LOG: [vite] hot updated: /src/index.css

[1A[2K[firefox] ÔÇ║ src\__tests__\e2e\tours.spec.ts:65:5 ÔÇ║ Tours Management ÔÇ║ should create a new tour with all fields
>> GET http://localhost:5173/src/index.css?t=1764018779896

[1A[2K[chromium] ÔÇ║ src\__tests__\e2e\tours.spec.ts:65:5 ÔÇ║ Tours Management ÔÇ║ should create a new tour with all fields
>> GET http://localhost:5173/src/index.css?t=1764018780082

[1A[2KPAGE LOG: [vite] hot updated: /src/index.css

[1A[2K[firefox] ÔÇ║ src\__tests__\e2e\tours.spec.ts:65:5 ÔÇ║ Tours Management ÔÇ║ should create a new tour with all fields
PAGE LOG: [vite] hot updated: /src/index.css

[1A[2K[webkit] ÔÇ║ src\__tests__\e2e\tours.spec.ts:65:5 ÔÇ║ Tours Management ÔÇ║ should create a new tour with all fields
>> GET https://fonts.googleapis.com/css2?family=Outfit:wght@300;400;500;600;700&display=swap

[1A[2K[chromium] ÔÇ║ src\__tests__\e2e\tours.spec.ts:65:5 ÔÇ║ Tours Management ÔÇ║ should create a new tour with all fields
>> GET http://localhost:5173/src/index.css?t=1764018780149

[1A[2K[webkit] ÔÇ║ src\__tests__\e2e\tours.spec.ts:65:5 ÔÇ║ Tours Management ÔÇ║ should create a new tour with all fields
PAGE LOG: [vite] hot updated: /src/index.css

[1A[2K>> GET http://localhost:5173/src/index.css?t=1764018779896

[1A[2K[firefox] ÔÇ║ src\__tests__\e2e\tours.spec.ts:65:5 ÔÇ║ Tours Management ÔÇ║ should create a new tour with all fields
>> GET http://localhost:5173/src/index.css?t=1764018779976

[1A[2KPAGE LOG: [vite] hot updated: /src/index.css

[1A[2K[chromium] ÔÇ║ src\__tests__\e2e\tours.spec.ts:65:5 ÔÇ║ Tours Management ÔÇ║ should create a new tour with all fields
>> GET https://fonts.googleapis.com/css2?family=Outfit:wght@300;400;500;600;700&display=swap

[1A[2KPAGE LOG: [vite] hot updated: /src/index.css

[1A[2K[webkit] ÔÇ║ src\__tests__\e2e\tours.spec.ts:65:5 ÔÇ║ Tours Management ÔÇ║ should create a new tour with all fields
>> GET https://fonts.googleapis.com/css2?family=Outfit:wght@300;400;500;600;700&display=swap

[1A[2KPAGE LOG: [vite] hot updated: /src/index.css

[1A[2K>> GET http://localhost:5173/src/index.css?t=1764018779976

[1A[2K[chromium] ÔÇ║ src\__tests__\e2e\tours.spec.ts:65:5 ÔÇ║ Tours Management ÔÇ║ should create a new tour with all fields
>> GET http://localhost:5173/src/index.css?t=1764018780217

[1A[2K[firefox] ÔÇ║ src\__tests__\e2e\tours.spec.ts:65:5 ÔÇ║ Tours Management ÔÇ║ should create a new tour with all fields
>> GET http://localhost:5173/src/index.css?t=1764018780082

[1A[2K[webkit] ÔÇ║ src\__tests__\e2e\tours.spec.ts:65:5 ÔÇ║ Tours Management ÔÇ║ should create a new tour with all fields
>> GET https://fonts.googleapis.com/css2?family=Outfit:wght@300;400;500;600;700&display=swap

[1A[2KPAGE LOG: [vite] hot updated: /src/index.css

[1A[2K>> GET http://localhost:5173/src/index.css?t=1764018780082

[1A[2K[chromium] ÔÇ║ src\__tests__\e2e\tours.spec.ts:65:5 ÔÇ║ Tours Management ÔÇ║ should create a new tour with all fields
PAGE LOG: [vite] hot updated: /src/index.css

[1A[2K>> GET http://localhost:5173/src/index.css?t=1764018780317

[1A[2K[firefox] ÔÇ║ src\__tests__\e2e\tours.spec.ts:65:5 ÔÇ║ Tours Management ÔÇ║ should create a new tour with all fields
PAGE LOG: [vite] hot updated: /src/index.css

[1A[2K>> GET http://localhost:5173/src/index.css?t=1764018780149

[1A[2K[chromium] ÔÇ║ src\__tests__\e2e\tours.spec.ts:65:5 ÔÇ║ Tours Management ÔÇ║ should create a new tour with all fields
>> GET https://fonts.googleapis.com/css2?family=Outfit:wght@300;400;500;600;700&display=swap

[1A[2KPAGE LOG: [vite] hot updated: /src/index.css

[1A[2K[firefox] ÔÇ║ src\__tests__\e2e\tours.spec.ts:65:5 ÔÇ║ Tours Management ÔÇ║ should create a new tour with all fields
PAGE LOG: [vite] hot updated: /src/index.css

[1A[2K[webkit] ÔÇ║ src\__tests__\e2e\tours.spec.ts:65:5 ÔÇ║ Tours Management ÔÇ║ should create a new tour with all fields
>> GET https://fonts.googleapis.com/css2?family=Outfit:wght@300;400;500;600;700&display=swap

[1A[2KPAGE LOG: [vite] hot updated: /src/index.css

[1A[2K>> GET http://localhost:5173/src/index.css?t=1764018780149

[1A[2K[firefox] ÔÇ║ src\__tests__\e2e\tours.spec.ts:65:5 ÔÇ║ Tours Management ÔÇ║ should create a new tour with all fields
>> GET http://localhost:5173/src/index.css?t=1764018780217

[1A[2K[chromium] ÔÇ║ src\__tests__\e2e\tours.spec.ts:65:5 ÔÇ║ Tours Management ÔÇ║ should create a new tour with all fields
>> GET http://localhost:5173/src/index.css?t=1764018780418

[1A[2K[firefox] ÔÇ║ src\__tests__\e2e\tours.spec.ts:65:5 ÔÇ║ Tours Management ÔÇ║ should create a new tour with all fields
PAGE LOG: [vite] hot updated: /src/index.css

[1A[2K[chromium] ÔÇ║ src\__tests__\e2e\tours.spec.ts:65:5 ÔÇ║ Tours Management ÔÇ║ should create a new tour with all fields
PAGE LOG: [vite] hot updated: /src/index.css

[1A[2K[webkit] ÔÇ║ src\__tests__\e2e\tours.spec.ts:65:5 ÔÇ║ Tours Management ÔÇ║ should create a new tour with all fields
>> GET https://fonts.googleapis.com/css2?family=Outfit:wght@300;400;500;600;700&display=swap

[1A[2KPAGE LOG: [vite] hot updated: /src/index.css

[1A[2K>> GET http://localhost:5173/src/index.css?t=1764018780217

[1A[2K[chromium] ÔÇ║ src\__tests__\e2e\tours.spec.ts:65:5 ÔÇ║ Tours Management ÔÇ║ should create a new tour with all fields
>> GET http://localhost:5173/src/index.css?t=1764018780490

[1A[2K[firefox] ÔÇ║ src\__tests__\e2e\tours.spec.ts:65:5 ÔÇ║ Tours Management ÔÇ║ should create a new tour with all fields
>> GET http://localhost:5173/src/index.css?t=1764018780317

[1A[2KPAGE LOG: [vite] hot updated: /src/index.css

[1A[2K[webkit] ÔÇ║ src\__tests__\e2e\tours.spec.ts:65:5 ÔÇ║ Tours Management ÔÇ║ should create a new tour with all fields
>> GET https://fonts.googleapis.com/css2?family=Outfit:wght@300;400;500;600;700&display=swap

[1A[2KPAGE LOG: [vite] hot updated: /src/index.css

[1A[2K>> GET http://localhost:5173/src/index.css?t=1764018780317

[1A[2K[chromium] ÔÇ║ src\__tests__\e2e\tours.spec.ts:65:5 ÔÇ║ Tours Management ÔÇ║ should create a new tour with all fields
>> GET https://fonts.googleapis.com/css2?family=Outfit:wght@300;400;500;600;700&display=swap

[1A[2KPAGE LOG: [vite] hot updated: /src/index.css

[1A[2K[firefox] ÔÇ║ src\__tests__\e2e\tours.spec.ts:65:5 ÔÇ║ Tours Management ÔÇ║ should create a new tour with all fields
>> GET http://localhost:5173/src/index.css?t=1764018780418

[1A[2K[chromium] ÔÇ║ src\__tests__\e2e\tours.spec.ts:65:5 ÔÇ║ Tours Management ÔÇ║ should create a new tour with all fields
>> GET http://localhost:5173/src/index.css?t=1764018780587

[1A[2K[firefox] ÔÇ║ src\__tests__\e2e\tours.spec.ts:65:5 ÔÇ║ Tours Management ÔÇ║ should create a new tour with all fields
PAGE LOG: [vite] hot updated: /src/index.css

[1A[2K[webkit] ÔÇ║ src\__tests__\e2e\tours.spec.ts:65:5 ÔÇ║ Tours Management ÔÇ║ should create a new tour with all fields
>> GET https://fonts.googleapis.com/css2?family=Outfit:wght@300;400;500;600;700&display=swap

[1A[2KPAGE LOG: [vite] hot updated: /src/index.css

[1A[2K[chromium] ÔÇ║ src\__tests__\e2e\tours.spec.ts:65:5 ÔÇ║ Tours Management ÔÇ║ should create a new tour with all fields
PAGE LOG: [vite] hot updated: /src/index.css

[1A[2K[webkit] ÔÇ║ src\__tests__\e2e\tours.spec.ts:65:5 ÔÇ║ Tours Management ÔÇ║ should create a new tour with all fields
>> GET http://localhost:5173/src/index.css?t=1764018780418

[1A[2K[firefox] ÔÇ║ src\__tests__\e2e\tours.spec.ts:65:5 ÔÇ║ Tours Management ÔÇ║ should create a new tour with all fields
>> GET http://localhost:5173/src/index.css?t=1764018780490

[1A[2K[chromium] ÔÇ║ src\__tests__\e2e\tours.spec.ts:65:5 ÔÇ║ Tours Management ÔÇ║ should create a new tour with all fields
>> GET http://localhost:5173/src/index.css?t=1764018780653

[1A[2K[webkit] ÔÇ║ src\__tests__\e2e\tours.spec.ts:65:5 ÔÇ║ Tours Management ÔÇ║ should create a new tour with all fields
>> GET https://fonts.googleapis.com/css2?family=Outfit:wght@300;400;500;600;700&display=swap

[1A[2KPAGE LOG: [vite] hot updated: /src/index.css

[1A[2K[chromium] ÔÇ║ src\__tests__\e2e\tours.spec.ts:65:5 ÔÇ║ Tours Management ÔÇ║ should create a new tour with all fields
PAGE LOG: [vite] hot updated: /src/index.css

[1A[2K[webkit] ÔÇ║ src\__tests__\e2e\tours.spec.ts:65:5 ÔÇ║ Tours Management ÔÇ║ should create a new tour with all fields
>> GET http://localhost:5173/src/index.css?t=1764018780490

[1A[2K[chromium] ÔÇ║ src\__tests__\e2e\tours.spec.ts:65:5 ÔÇ║ Tours Management ÔÇ║ should create a new tour with all fields
>> GET https://fonts.googleapis.com/css2?family=Outfit:wght@300;400;500;600;700&display=swap

[1A[2K[firefox] ÔÇ║ src\__tests__\e2e\tours.spec.ts:65:5 ÔÇ║ Tours Management ÔÇ║ should create a new tour with all fields
PAGE LOG: [vite] hot updated: /src/index.css

[1A[2K[chromium] ÔÇ║ src\__tests__\e2e\tours.spec.ts:65:5 ÔÇ║ Tours Management ÔÇ║ should create a new tour with all fields
>> GET http://localhost:5173/src/index.css?t=1764018780733

[1A[2K[firefox] ÔÇ║ src\__tests__\e2e\tours.spec.ts:65:5 ÔÇ║ Tours Management ÔÇ║ should create a new tour with all fields
>> GET http://localhost:5173/src/index.css?t=1764018780587

[1A[2K[chromium] ÔÇ║ src\__tests__\e2e\tours.spec.ts:65:5 ÔÇ║ Tours Management ÔÇ║ should create a new tour with all fields
PAGE LOG: [vite] hot updated: /src/index.css

[1A[2K[firefox] ÔÇ║ src\__tests__\e2e\tours.spec.ts:65:5 ÔÇ║ Tours Management ÔÇ║ should create a new tour with all fields
PAGE LOG: [vite] hot updated: /src/index.css

[1A[2K[webkit] ÔÇ║ src\__tests__\e2e\tours.spec.ts:65:5 ÔÇ║ Tours Management ÔÇ║ should create a new tour with all fields
>> GET https://fonts.googleapis.com/css2?family=Outfit:wght@300;400;500;600;700&display=swap

[1A[2KPAGE LOG: [vite] hot updated: /src/index.css

[1A[2K>> GET http://localhost:5173/src/index.css?t=1764018780587

[1A[2K[chromium] ÔÇ║ src\__tests__\e2e\tours.spec.ts:65:5 ÔÇ║ Tours Management ÔÇ║ should create a new tour with all fields
>> GET http://localhost:5173/src/index.css?t=1764018780805

[1A[2K[firefox] ÔÇ║ src\__tests__\e2e\tours.spec.ts:65:5 ÔÇ║ Tours Management ÔÇ║ should create a new tour with all fields
>> GET http://localhost:5173/src/index.css?t=1764018780653

[1A[2KPAGE LOG: [vite] hot updated: /src/index.css

[1A[2K[chromium] ÔÇ║ src\__tests__\e2e\tours.spec.ts:65:5 ÔÇ║ Tours Management ÔÇ║ should create a new tour with all fields
>> GET https://fonts.googleapis.com/css2?family=Outfit:wght@300;400;500;600;700&display=swap

[1A[2KPAGE LOG: [vite] hot updated: /src/index.css

[1A[2K[firefox] ÔÇ║ src\__tests__\e2e\tours.spec.ts:65:5 ÔÇ║ Tours Management ÔÇ║ should create a new tour with all fields
>> GET http://localhost:5173/src/index.css?t=1764018780733

[1A[2K[chromium] ÔÇ║ src\__tests__\e2e\tours.spec.ts:65:5 ÔÇ║ Tours Management ÔÇ║ should create a new tour with all fields
>> GET http://localhost:5173/src/index.css?t=1764018780897

[1A[2K[webkit] ÔÇ║ src\__tests__\e2e\tours.spec.ts:65:5 ÔÇ║ Tours Management ÔÇ║ should create a new tour with all fields
>> GET https://fonts.googleapis.com/css2?family=Outfit:wght@300;400;500;600;700&display=swap

[1A[2KPAGE LOG: [vite] hot updated: /src/index.css

[1A[2K>> GET http://localhost:5173/src/index.css?t=1764018780653

[1A[2K[chromium] ÔÇ║ src\__tests__\e2e\tours.spec.ts:65:5 ÔÇ║ Tours Management ÔÇ║ should create a new tour with all fields
>> GET https://fonts.googleapis.com/css2?family=Outfit:wght@300;400;500;600;700&display=swap

[1A[2KPAGE LOG: [vite] hot updated: /src/index.css

[1A[2K[firefox] ÔÇ║ src\__tests__\e2e\tours.spec.ts:65:5 ÔÇ║ Tours Management ÔÇ║ should create a new tour with all fields
PAGE LOG: [vite] hot updated: /src/index.css

[1A[2K[chromium] ÔÇ║ src\__tests__\e2e\tours.spec.ts:65:5 ÔÇ║ Tours Management ÔÇ║ should create a new tour with all fields
>> GET http://localhost:5173/src/index.css?t=1764018780970

[1A[2K[webkit] ÔÇ║ src\__tests__\e2e\tours.spec.ts:65:5 ÔÇ║ Tours Management ÔÇ║ should create a new tour with all fields
>> GET https://fonts.googleapis.com/css2?family=Outfit:wght@300;400;500;600;700&display=swap

[1A[2KPAGE LOG: [vite] hot updated: /src/index.css

[1A[2K>> GET http://localhost:5173/src/index.css?t=1764018780733

[1A[2K[firefox] ÔÇ║ src\__tests__\e2e\tours.spec.ts:65:5 ÔÇ║ Tours Management ÔÇ║ should create a new tour with all fields
>> GET http://localhost:5173/src/index.css?t=1764018780805

[1A[2K[webkit] ÔÇ║ src\__tests__\e2e\tours.spec.ts:65:5 ÔÇ║ Tours Management ÔÇ║ should create a new tour with all fields
>> GET https://fonts.googleapis.com/css2?family=Outfit:wght@300;400;500;600;700&display=swap

[1A[2KPAGE LOG: [vite] hot updated: /src/index.css

[1A[2K>> GET http://localhost:5173/src/index.css?t=1764018780805

[1A[2K[chromium] ÔÇ║ src\__tests__\e2e\tours.spec.ts:65:5 ÔÇ║ Tours Management ÔÇ║ should create a new tour with all fields
PAGE LOG: [vite] hot updated: /src/index.css

[1A[2K[firefox] ÔÇ║ src\__tests__\e2e\tours.spec.ts:65:5 ÔÇ║ Tours Management ÔÇ║ should create a new tour with all fields
PAGE LOG: [vite] hot updated: /src/index.css

[1A[2K>> GET http://localhost:5173/src/index.css?t=1764018780897

[1A[2K[chromium] ÔÇ║ src\__tests__\e2e\tours.spec.ts:65:5 ÔÇ║ Tours Management ÔÇ║ should create a new tour with all fields
>> GET http://localhost:5173/src/index.css?t=1764018781080

[1A[2K[firefox] ÔÇ║ src\__tests__\e2e\tours.spec.ts:65:5 ÔÇ║ Tours Management ÔÇ║ should create a new tour with all fields
PAGE LOG: [vite] hot updated: /src/index.css

[1A[2K[chromium] ÔÇ║ src\__tests__\e2e\tours.spec.ts:65:5 ÔÇ║ Tours Management ÔÇ║ should create a new tour with all fields
PAGE LOG: [vite] hot updated: /src/index.css

[1A[2K>> GET https://fonts.googleapis.com/css2?family=Outfit:wght@300;400;500;600;700&display=swap

[1A[2K>> GET http://localhost:5173/src/index.css?t=1764018781177

[1A[2K[webkit] ÔÇ║ src\__tests__\e2e\tours.spec.ts:65:5 ÔÇ║ Tours Management ÔÇ║ should create a new tour with all fields
>> GET https://fonts.googleapis.com/css2?family=Outfit:wght@300;400;500;600;700&display=swap

[1A[2K[firefox] ÔÇ║ src\__tests__\e2e\tours.spec.ts:65:5 ÔÇ║ Tours Management ÔÇ║ should create a new tour with all fields
>> GET http://localhost:5173/src/index.css?t=1764018780970

[1A[2K[webkit] ÔÇ║ src\__tests__\e2e\tours.spec.ts:65:5 ÔÇ║ Tours Management ÔÇ║ should create a new tour with all fields
PAGE LOG: [vite] hot updated: /src/index.css

[1A[2K>> GET http://localhost:5173/src/index.css?t=1764018780897

[1A[2K[chromium] ÔÇ║ src\__tests__\e2e\tours.spec.ts:65:5 ÔÇ║ Tours Management ÔÇ║ should create a new tour with all fields
>> GET https://fonts.googleapis.com/css2?family=Outfit:wght@300;400;500;600;700&display=swap

[1A[2KPAGE LOG: [vite] hot updated: /src/index.css

[1A[2K>> GET http://localhost:5173/src/index.css?t=1764018781268

[1A[2K[firefox] ÔÇ║ src\__tests__\e2e\tours.spec.ts:65:5 ÔÇ║ Tours Management ÔÇ║ should create a new tour with all fields
PAGE LOG: [vite] hot updated: /src/index.css

[1A[2K>> GET http://localhost:5173/src/index.css?t=1764018781080

[1A[2K[webkit] ÔÇ║ src\__tests__\e2e\tours.spec.ts:65:5 ÔÇ║ Tours Management ÔÇ║ should create a new tour with all fields
>> GET https://fonts.googleapis.com/css2?family=Outfit:wght@300;400;500;600;700&display=swap

[1A[2KPAGE LOG: [vite] hot updated: /src/index.css

[1A[2K>> GET http://localhost:5173/src/index.css?t=1764018780970

[1A[2K[chromium] ÔÇ║ src\__tests__\e2e\tours.spec.ts:65:5 ÔÇ║ Tours Management ÔÇ║ should create a new tour with all fields
PAGE LOG: [vite] hot updated: /src/index.css

[1A[2K[firefox] ÔÇ║ src\__tests__\e2e\tours.spec.ts:65:5 ÔÇ║ Tours Management ÔÇ║ should create a new tour with all fields
PAGE LOG: [vite] hot updated: /src/index.css

[1A[2K[webkit] ÔÇ║ src\__tests__\e2e\tours.spec.ts:65:5 ÔÇ║ Tours Management ÔÇ║ should create a new tour with all fields
>> GET https://fonts.googleapis.com/css2?family=Outfit:wght@300;400;500;600;700&display=swap

[1A[2KPAGE LOG: [vite] hot updated: /src/index.css

[1A[2K>> GET http://localhost:5173/src/index.css?t=1764018781080

[1A[2K[firefox] ÔÇ║ src\__tests__\e2e\tours.spec.ts:65:5 ÔÇ║ Tours Management ÔÇ║ should create a new tour with all fields
>> GET http://localhost:5173/src/index.css?t=1764018781177

[1A[2K[chromium] ÔÇ║ src\__tests__\e2e\tours.spec.ts:65:5 ÔÇ║ Tours Management ÔÇ║ should create a new tour with all fields
>> GET http://localhost:5173/src/index.css?t=1764018781354

[1A[2K[firefox] ÔÇ║ src\__tests__\e2e\tours.spec.ts:65:5 ÔÇ║ Tours Management ÔÇ║ should create a new tour with all fields
PAGE LOG: [vite] hot updated: /src/index.css

[1A[2K[chromium] ÔÇ║ src\__tests__\e2e\tours.spec.ts:65:5 ÔÇ║ Tours Management ÔÇ║ should create a new tour with all fields
>> GET https://fonts.googleapis.com/css2?family=Outfit:wght@300;400;500;600;700&display=swap

[1A[2KPAGE LOG: [vite] hot updated: /src/index.css

[1A[2K>> GET http://localhost:5173/src/index.css?t=1764018781446

[1A[2K[firefox] ÔÇ║ src\__tests__\e2e\tours.spec.ts:65:5 ÔÇ║ Tours Management ÔÇ║ should create a new tour with all fields
>> GET http://localhost:5173/src/index.css?t=1764018781268

[1A[2K[webkit] ÔÇ║ src\__tests__\e2e\tours.spec.ts:65:5 ÔÇ║ Tours Management ÔÇ║ should create a new tour with all fields
>> GET https://fonts.googleapis.com/css2?family=Outfit:wght@300;400;500;600;700&display=swap

[1A[2KPAGE LOG: [vite] hot updated: /src/index.css

[1A[2K>> GET http://localhost:5173/src/index.css?t=1764018781177

[1A[2K[firefox] ÔÇ║ src\__tests__\e2e\tours.spec.ts:65:5 ÔÇ║ Tours Management ÔÇ║ should create a new tour with all fields
PAGE LOG: [vite] hot updated: /src/index.css

[1A[2K[webkit] ÔÇ║ src\__tests__\e2e\tours.spec.ts:65:5 ÔÇ║ Tours Management ÔÇ║ should create a new tour with all fields
>> GET https://fonts.googleapis.com/css2?family=Outfit:wght@300;400;500;600;700&display=swap

[1A[2K[chromium] ÔÇ║ src\__tests__\e2e\tours.spec.ts:65:5 ÔÇ║ Tours Management ÔÇ║ should create a new tour with all fields
PAGE LOG: [vite] hot updated: /src/index.css

[1A[2K[webkit] ÔÇ║ src\__tests__\e2e\tours.spec.ts:65:5 ÔÇ║ Tours Management ÔÇ║ should create a new tour with all fields
PAGE LOG: [vite] hot updated: /src/index.css

[1A[2K>> GET http://localhost:5173/src/index.css?t=1764018781268

[1A[2K[firefox] ÔÇ║ src\__tests__\e2e\tours.spec.ts:65:5 ÔÇ║ Tours Management ÔÇ║ should create a new tour with all fields
>> GET http://localhost:5173/src/index.css?t=1764018781354

[1A[2K[chromium] ÔÇ║ src\__tests__\e2e\tours.spec.ts:65:5 ÔÇ║ Tours Management ÔÇ║ should create a new tour with all fields
>> GET http://localhost:5173/src/index.css?t=1764018781533

[1A[2K>> GET https://fonts.googleapis.com/css2?family=Outfit:wght@300;400;500;600;700&display=swap

[1A[2KPAGE LOG: [vite] hot updated: /src/index.css

[1A[2K[firefox] ÔÇ║ src\__tests__\e2e\tours.spec.ts:65:5 ÔÇ║ Tours Management ÔÇ║ should create a new tour with all fields
PAGE LOG: [vite] hot updated: /src/index.css

[1A[2K[webkit] ÔÇ║ src\__tests__\e2e\tours.spec.ts:65:5 ÔÇ║ Tours Management ÔÇ║ should create a new tour with all fields
>> GET https://fonts.googleapis.com/css2?family=Outfit:wght@300;400;500;600;700&display=swap

[1A[2KPAGE LOG: [vite] hot updated: /src/index.css

[1A[2K>> GET http://localhost:5173/src/index.css?t=1764018781354

[1A[2K[firefox] ÔÇ║ src\__tests__\e2e\tours.spec.ts:65:5 ÔÇ║ Tours Management ÔÇ║ should create a new tour with all fields
>> GET http://localhost:5173/src/index.css?t=1764018781446

[1A[2K[chromium] ÔÇ║ src\__tests__\e2e\tours.spec.ts:65:5 ÔÇ║ Tours Management ÔÇ║ should create a new tour with all fields
>> GET http://localhost:5173/src/index.css?t=1764018781622

[1A[2K[webkit] ÔÇ║ src\__tests__\e2e\tours.spec.ts:65:5 ÔÇ║ Tours Management ÔÇ║ should create a new tour with all fields
>> GET https://fonts.googleapis.com/css2?family=Outfit:wght@300;400;500;600;700&display=swap

[1A[2K[firefox] ÔÇ║ src\__tests__\e2e\tours.spec.ts:65:5 ÔÇ║ Tours Management ÔÇ║ should create a new tour with all fields
PAGE LOG: [vite] hot updated: /src/index.css

[1A[2K[webkit] ÔÇ║ src\__tests__\e2e\tours.spec.ts:65:5 ÔÇ║ Tours Management ÔÇ║ should create a new tour with all fields
PAGE LOG: [vite] hot updated: /src/index.css

[1A[2K>> GET http://localhost:5173/src/index.css?t=1764018781446

[1A[2K[chromium] ÔÇ║ src\__tests__\e2e\tours.spec.ts:65:5 ÔÇ║ Tours Management ÔÇ║ should create a new tour with all fields
>> GET https://fonts.googleapis.com/css2?family=Outfit:wght@300;400;500;600;700&display=swap

[1A[2KPAGE LOG: [vite] hot updated: /src/index.css

[1A[2K>> GET http://localhost:5173/src/index.css?t=1764018781685

[1A[2K[firefox] ÔÇ║ src\__tests__\e2e\tours.spec.ts:65:5 ÔÇ║ Tours Management ÔÇ║ should create a new tour with all fields
>> GET http://localhost:5173/src/index.css?t=1764018781533

[1A[2KPAGE LOG: [vite] hot updated: /src/index.css

[1A[2K[webkit] ÔÇ║ src\__tests__\e2e\tours.spec.ts:65:5 ÔÇ║ Tours Management ÔÇ║ should create a new tour with all fields
>> GET https://fonts.googleapis.com/css2?family=Outfit:wght@300;400;500;600;700&display=swap

[1A[2K[chromium] ÔÇ║ src\__tests__\e2e\tours.spec.ts:65:5 ÔÇ║ Tours Management ÔÇ║ should create a new tour with all fields
PAGE LOG: [vite] hot updated: /src/index.css

[1A[2K>> GET http://localhost:5173/src/index.css?t=1764018781757

[1A[2K[firefox] ÔÇ║ src\__tests__\e2e\tours.spec.ts:65:5 ÔÇ║ Tours Management ÔÇ║ should create a new tour with all fields
>> GET http://localhost:5173/src/index.css?t=1764018781622

[1A[2K[webkit] ÔÇ║ src\__tests__\e2e\tours.spec.ts:65:5 ÔÇ║ Tours Management ÔÇ║ should create a new tour with all fields
PAGE LOG: [vite] hot updated: /src/index.css

[1A[2K>> GET http://localhost:5173/src/index.css?t=1764018781533

[1A[2K>> GET https://fonts.googleapis.com/css2?family=Outfit:wght@300;400;500;600;700&display=swap

[1A[2KPAGE LOG: [vite] hot updated: /src/index.css

[1A[2K>> GET http://localhost:5173/src/index.css?t=1764018781622

[1A[2K[chromium] ÔÇ║ src\__tests__\e2e\tours.spec.ts:65:5 ÔÇ║ Tours Management ÔÇ║ should create a new tour with all fields
>> GET https://fonts.googleapis.com/css2?family=Outfit:wght@300;400;500;600;700&display=swap

[1A[2KPAGE LOG: [vite] hot updated: /src/index.css

[1A[2K[firefox] ÔÇ║ src\__tests__\e2e\tours.spec.ts:65:5 ÔÇ║ Tours Management ÔÇ║ should create a new tour with all fields
PAGE LOG: [vite] hot updated: /src/index.css

[1A[2K[webkit] ÔÇ║ src\__tests__\e2e\tours.spec.ts:65:5 ÔÇ║ Tours Management ÔÇ║ should create a new tour with all fields
>> GET https://fonts.googleapis.com/css2?family=Outfit:wght@300;400;500;600;700&display=swap

[1A[2KPAGE LOG: [vite] hot updated: /src/index.css

[1A[2K>> GET http://localhost:5173/src/index.css?t=1764018781685

[1A[2K[firefox] ÔÇ║ src\__tests__\e2e\tours.spec.ts:65:5 ÔÇ║ Tours Management ÔÇ║ should create a new tour with all fields
>> GET http://localhost:5173/src/index.css?t=1764018781685

[1A[2K[chromium] ÔÇ║ src\__tests__\e2e\tours.spec.ts:65:5 ÔÇ║ Tours Management ÔÇ║ should create a new tour with all fields
>> GET http://localhost:5173/src/index.css?t=1764018781862

[1A[2K[firefox] ÔÇ║ src\__tests__\e2e\tours.spec.ts:65:5 ÔÇ║ Tours Management ÔÇ║ should create a new tour with all fields
PAGE LOG: [vite] hot updated: /src/index.css

[1A[2K[webkit] ÔÇ║ src\__tests__\e2e\tours.spec.ts:65:5 ÔÇ║ Tours Management ÔÇ║ should create a new tour with all fields
>> GET https://fonts.googleapis.com/css2?family=Outfit:wght@300;400;500;600;700&display=swap

[1A[2K[chromium] ÔÇ║ src\__tests__\e2e\tours.spec.ts:65:5 ÔÇ║ Tours Management ÔÇ║ should create a new tour with all fields
>> GET https://fonts.googleapis.com/css2?family=Outfit:wght@300;400;500;600;700&display=swap

[1A[2KPAGE LOG: [vite] hot updated: /src/index.css

[1A[2K[webkit] ÔÇ║ src\__tests__\e2e\tours.spec.ts:65:5 ÔÇ║ Tours Management ÔÇ║ should create a new tour with all fields
PAGE LOG: [vite] hot updated: /src/index.css

[1A[2K>> GET http://localhost:5173/src/index.css?t=1764018781757

[1A[2K[chromium] ÔÇ║ src\__tests__\e2e\tours.spec.ts:65:5 ÔÇ║ Tours Management ÔÇ║ should create a new tour with all fields
>> GET http://localhost:5173/src/index.css?t=1764018781952

[1A[2K[firefox] ÔÇ║ src\__tests__\e2e\tours.spec.ts:65:5 ÔÇ║ Tours Management ÔÇ║ should create a new tour with all fields
>> GET http://localhost:5173/src/index.css?t=1764018781757

[1A[2KPAGE LOG: [vite] hot updated: /src/index.css

[1A[2K[chromium] ÔÇ║ src\__tests__\e2e\tours.spec.ts:65:5 ÔÇ║ Tours Management ÔÇ║ should create a new tour with all fields
PAGE LOG: [vite] hot updated: /src/index.css

[1A[2K[firefox] ÔÇ║ src\__tests__\e2e\tours.spec.ts:65:5 ÔÇ║ Tours Management ÔÇ║ should create a new tour with all fields
>> GET http://localhost:5173/src/index.css?t=1764018781862

[1A[2K[webkit] ÔÇ║ src\__tests__\e2e\tours.spec.ts:65:5 ÔÇ║ Tours Management ÔÇ║ should create a new tour with all fields
>> GET https://fonts.googleapis.com/css2?family=Outfit:wght@300;400;500;600;700&display=swap

[1A[2KPAGE LOG: [vite] hot updated: /src/index.css

[1A[2K>> GET http://localhost:5173/src/index.css?t=1764018781862

[1A[2K[chromium] ÔÇ║ src\__tests__\e2e\tours.spec.ts:65:5 ÔÇ║ Tours Management ÔÇ║ should create a new tour with all fields
>> GET http://localhost:5173/src/index.css?t=1764018782034

[1A[2K[firefox] ÔÇ║ src\__tests__\e2e\tours.spec.ts:65:5 ÔÇ║ Tours Management ÔÇ║ should create a new tour with all fields
PAGE LOG: [vite] hot updated: /src/index.css

[1A[2K[chromium] ÔÇ║ src\__tests__\e2e\tours.spec.ts:65:5 ÔÇ║ Tours Management ÔÇ║ should create a new tour with all fields
>> GET https://fonts.googleapis.com/css2?family=Outfit:wght@300;400;500;600;700&display=swap

[1A[2KPAGE LOG: [vite] hot updated: /src/index.css

[1A[2K[webkit] ÔÇ║ src\__tests__\e2e\tours.spec.ts:65:5 ÔÇ║ Tours Management ÔÇ║ should create a new tour with all fields
>> GET https://fonts.googleapis.com/css2?family=Outfit:wght@300;400;500;600;700&display=swap

[1A[2K[firefox] ÔÇ║ src\__tests__\e2e\tours.spec.ts:65:5 ÔÇ║ Tours Management ÔÇ║ should create a new tour with all fields
>> GET http://localhost:5173/src/index.css?t=1764018781952

[1A[2K[webkit] ÔÇ║ src\__tests__\e2e\tours.spec.ts:65:5 ÔÇ║ Tours Management ÔÇ║ should create a new tour with all fields
PAGE LOG: [vite] hot updated: /src/index.css

[1A[2K>> GET http://localhost:5173/src/index.css?t=1764018781952

[1A[2K[chromium] ÔÇ║ src\__tests__\e2e\tours.spec.ts:65:5 ÔÇ║ Tours Management ÔÇ║ should create a new tour with all fields
>> GET http://localhost:5173/src/index.css?t=1764018782138

[1A[2K[firefox] ÔÇ║ src\__tests__\e2e\tours.spec.ts:65:5 ÔÇ║ Tours Management ÔÇ║ should create a new tour with all fields
PAGE LOG: [vite] hot updated: /src/index.css

[1A[2K[chromium] ÔÇ║ src\__tests__\e2e\tours.spec.ts:65:5 ÔÇ║ Tours Management ÔÇ║ should create a new tour with all fields
PAGE LOG: [vite] hot updated: /src/index.css

[1A[2K[webkit] ÔÇ║ src\__tests__\e2e\tours.spec.ts:65:5 ÔÇ║ Tours Management ÔÇ║ should create a new tour with all fields
>> GET https://fonts.googleapis.com/css2?family=Outfit:wght@300;400;500;600;700&display=swap

[1A[2KPAGE LOG: [vite] hot updated: /src/index.css

[1A[2K[chromium] ÔÇ║ src\__tests__\e2e\tours.spec.ts:65:5 ÔÇ║ Tours Management ÔÇ║ should create a new tour with all fields
>> GET http://localhost:5173/src/index.css?t=1764018782202

[1A[2K[webkit] ÔÇ║ src\__tests__\e2e\tours.spec.ts:65:5 ÔÇ║ Tours Management ÔÇ║ should create a new tour with all fields
>> GET http://localhost:5173/src/index.css?t=1764018782034

[1A[2K[firefox] ÔÇ║ src\__tests__\e2e\tours.spec.ts:65:5 ÔÇ║ Tours Management ÔÇ║ should create a new tour with all fields
>> GET http://localhost:5173/src/index.css?t=1764018782034

[1A[2KPAGE LOG: [vite] hot updated: /src/index.css

[1A[2K[chromium] ÔÇ║ src\__tests__\e2e\tours.spec.ts:65:5 ÔÇ║ Tours Management ÔÇ║ should create a new tour with all fields
>> GET https://fonts.googleapis.com/css2?family=Outfit:wght@300;400;500;600;700&display=swap

[1A[2KPAGE LOG: [vite] hot updated: /src/index.css

[1A[2K[firefox] ÔÇ║ src\__tests__\e2e\tours.spec.ts:65:5 ÔÇ║ Tours Management ÔÇ║ should create a new tour with all fields
>> GET http://localhost:5173/src/index.css?t=1764018782138

[1A[2K[chromium] ÔÇ║ src\__tests__\e2e\tours.spec.ts:65:5 ÔÇ║ Tours Management ÔÇ║ should create a new tour with all fields
>> GET http://localhost:5173/src/index.css?t=1764018782271

[1A[2K[webkit] ÔÇ║ src\__tests__\e2e\tours.spec.ts:65:5 ÔÇ║ Tours Management ÔÇ║ should create a new tour with all fields
>> GET https://fonts.googleapis.com/css2?family=Outfit:wght@300;400;500;600;700&display=swap

[1A[2KPAGE LOG: [vite] hot updated: /src/index.css

[1A[2K>> GET http://localhost:5173/src/index.css?t=1764018782138

[1A[2K[chromium] ÔÇ║ src\__tests__\e2e\tours.spec.ts:65:5 ÔÇ║ Tours Management ÔÇ║ should create a new tour with all fields
PAGE LOG: [vite] hot updated: /src/index.css

[1A[2K[firefox] ÔÇ║ src\__tests__\e2e\tours.spec.ts:65:5 ÔÇ║ Tours Management ÔÇ║ should create a new tour with all fields
PAGE LOG: [vite] hot updated: /src/index.css

[1A[2K[webkit] ÔÇ║ src\__tests__\e2e\tours.spec.ts:65:5 ÔÇ║ Tours Management ÔÇ║ should create a new tour with all fields
>> GET https://fonts.googleapis.com/css2?family=Outfit:wght@300;400;500;600;700&display=swap

[1A[2K[firefox] ÔÇ║ src\__tests__\e2e\tours.spec.ts:65:5 ÔÇ║ Tours Management ÔÇ║ should create a new tour with all fields
>> GET http://localhost:5173/src/index.css?t=1764018782202

[1A[2K[webkit] ÔÇ║ src\__tests__\e2e\tours.spec.ts:65:5 ÔÇ║ Tours Management ÔÇ║ should create a new tour with all fields
PAGE LOG: [vite] hot updated: /src/index.css

[1A[2K>> GET http://localhost:5173/src/index.css?t=1764018782202

[1A[2K[chromium] ÔÇ║ src\__tests__\e2e\tours.spec.ts:65:5 ÔÇ║ Tours Management ÔÇ║ should create a new tour with all fields
>> GET http://localhost:5173/src/index.css?t=1764018782361

[1A[2K[firefox] ÔÇ║ src\__tests__\e2e\tours.spec.ts:65:5 ÔÇ║ Tours Management ÔÇ║ should create a new tour with all fields
PAGE LOG: [vite] hot updated: /src/index.css

[1A[2K[chromium] ÔÇ║ src\__tests__\e2e\tours.spec.ts:65:5 ÔÇ║ Tours Management ÔÇ║ should create a new tour with all fields
>> GET https://fonts.googleapis.com/css2?family=Outfit:wght@300;400;500;600;700&display=swap

[1A[2KPAGE LOG: [vite] hot updated: /src/index.css

[1A[2K[firefox] ÔÇ║ src\__tests__\e2e\tours.spec.ts:65:5 ÔÇ║ Tours Management ÔÇ║ should create a new tour with all fields
>> GET http://localhost:5173/src/index.css?t=1764018782271

[1A[2K[chromium] ÔÇ║ src\__tests__\e2e\tours.spec.ts:65:5 ÔÇ║ Tours Management ÔÇ║ should create a new tour with all fields
>> GET http://localhost:5173/src/index.css?t=1764018782481

[1A[2K[webkit] ÔÇ║ src\__tests__\e2e\tours.spec.ts:65:5 ÔÇ║ Tours Management ÔÇ║ should create a new tour with all fields
>> GET https://fonts.googleapis.com/css2?family=Outfit:wght@300;400;500;600;700&display=swap

[1A[2K[firefox] ÔÇ║ src\__tests__\e2e\tours.spec.ts:65:5 ÔÇ║ Tours Management ÔÇ║ should create a new tour with all fields
PAGE LOG: [vite] hot updated: /src/index.css

[1A[2K[webkit] ÔÇ║ src\__tests__\e2e\tours.spec.ts:65:5 ÔÇ║ Tours Management ÔÇ║ should create a new tour with all fields
PAGE LOG: [vite] hot updated: /src/index.css

[1A[2K>> GET http://localhost:5173/src/index.css?t=1764018782271

[1A[2K[chromium] ÔÇ║ src\__tests__\e2e\tours.spec.ts:65:5 ÔÇ║ Tours Management ÔÇ║ should create a new tour with all fields
PAGE LOG: [vite] hot updated: /src/index.css

[1A[2K>> GET http://localhost:5173/src/index.css?t=1764018782577

[1A[2K[firefox] ÔÇ║ src\__tests__\e2e\tours.spec.ts:65:5 ÔÇ║ Tours Management ÔÇ║ should create a new tour with all fields
>> GET http://localhost:5173/src/index.css?t=1764018782361

[1A[2KPAGE LOG: [vite] hot updated: /src/index.css

[1A[2K[chromium] ÔÇ║ src\__tests__\e2e\tours.spec.ts:65:5 ÔÇ║ Tours Management ÔÇ║ should create a new tour with all fields
PAGE LOG: [vite] hot updated: /src/index.css

[1A[2K[firefox] ÔÇ║ src\__tests__\e2e\tours.spec.ts:65:5 ÔÇ║ Tours Management ÔÇ║ should create a new tour with all fields
>> GET http://localhost:5173/src/index.css?t=1764018782481

[1A[2K[chromium] ÔÇ║ src\__tests__\e2e\tours.spec.ts:65:5 ÔÇ║ Tours Management ÔÇ║ should create a new tour with all fields
>> GET https://fonts.googleapis.com/css2?family=Outfit:wght@300;400;500;600;700&display=swap

[1A[2K>> GET http://localhost:5173/src/index.css?t=1764018782645

[1A[2K[webkit] ÔÇ║ src\__tests__\e2e\tours.spec.ts:65:5 ÔÇ║ Tours Management ÔÇ║ should create a new tour with all fields
>> GET https://fonts.googleapis.com/css2?family=Outfit:wght@300;400;500;600;700&display=swap

[1A[2KPAGE LOG: [vite] hot updated: /src/index.css

[1A[2K>> GET http://localhost:5173/src/index.css?t=1764018782361

[1A[2K[firefox] ÔÇ║ src\__tests__\e2e\tours.spec.ts:65:5 ÔÇ║ Tours Management ÔÇ║ should create a new tour with all fields
PAGE LOG: [vite] hot updated: /src/index.css

[1A[2K[chromium] ÔÇ║ src\__tests__\e2e\tours.spec.ts:65:5 ÔÇ║ Tours Management ÔÇ║ should create a new tour with all fields
PAGE LOG: [vite] hot updated: /src/index.css

[1A[2K>> GET http://localhost:5173/src/index.css?t=1764018782716

[1A[2K[firefox] ÔÇ║ src\__tests__\e2e\tours.spec.ts:65:5 ÔÇ║ Tours Management ÔÇ║ should create a new tour with all fields
>> GET http://localhost:5173/src/index.css?t=1764018782577

[1A[2K[webkit] ÔÇ║ src\__tests__\e2e\tours.spec.ts:65:5 ÔÇ║ Tours Management ÔÇ║ should create a new tour with all fields
>> GET https://fonts.googleapis.com/css2?family=Outfit:wght@300;400;500;600;700&display=swap

[1A[2KPAGE LOG: [vite] hot updated: /src/index.css

[1A[2K>> GET http://localhost:5173/src/index.css?t=1764018782481

[1A[2K[firefox] ÔÇ║ src\__tests__\e2e\tours.spec.ts:65:5 ÔÇ║ Tours Management ÔÇ║ should create a new tour with all fields
PAGE LOG: [vite] hot updated: /src/index.css

[1A[2K>> GET http://localhost:5173/src/index.css?t=1764018782645

[1A[2K[chromium] ÔÇ║ src\__tests__\e2e\tours.spec.ts:65:5 ÔÇ║ Tours Management ÔÇ║ should create a new tour with all fields
PAGE LOG: [vite] hot updated: /src/index.css

[1A[2K>> GET https://fonts.googleapis.com/css2?family=Outfit:wght@300;400;500;600;700&display=swap

[1A[2K[firefox] ÔÇ║ src\__tests__\e2e\tours.spec.ts:65:5 ÔÇ║ Tours Management ÔÇ║ should create a new tour with all fields
PAGE LOG: [vite] hot updated: /src/index.css

[1A[2K[chromium] ÔÇ║ src\__tests__\e2e\tours.spec.ts:65:5 ÔÇ║ Tours Management ÔÇ║ should create a new tour with all fields
>> GET http://localhost:5173/src/index.css?t=1764018782830

[1A[2K[firefox] ÔÇ║ src\__tests__\e2e\tours.spec.ts:65:5 ÔÇ║ Tours Management ÔÇ║ should create a new tour with all fields
>> GET http://localhost:5173/src/index.css?t=1764018782716

[1A[2K[webkit] ÔÇ║ src\__tests__\e2e\tours.spec.ts:65:5 ÔÇ║ Tours Management ÔÇ║ should create a new tour with all fields
>> GET https://fonts.googleapis.com/css2?family=Outfit:wght@300;400;500;600;700&display=swap

[1A[2KPAGE LOG: [vite] hot updated: /src/index.css

[1A[2K>> GET http://localhost:5173/src/index.css?t=1764018782577

[1A[2K>> GET https://fonts.googleapis.com/css2?family=Outfit:wght@300;400;500;600;700&display=swap

[1A[2K[firefox] ÔÇ║ src\__tests__\e2e\tours.spec.ts:65:5 ÔÇ║ Tours Management ÔÇ║ should create a new tour with all fields
PAGE LOG: [vite] hot updated: /src/index.css

[1A[2K[chromium] ÔÇ║ src\__tests__\e2e\tours.spec.ts:65:5 ÔÇ║ Tours Management ÔÇ║ should create a new tour with all fields
>> GET https://fonts.googleapis.com/css2?family=Outfit:wght@300;400;500;600;700&display=swap

[1A[2KPAGE LOG: [vite] hot updated: /src/index.css

[1A[2K[webkit] ÔÇ║ src\__tests__\e2e\tours.spec.ts:65:5 ÔÇ║ Tours Management ÔÇ║ should create a new tour with all fields
PAGE LOG: [vite] hot updated: /src/index.css

[1A[2K>> GET http://localhost:5173/src/index.css?t=1764018782645

[1A[2K[firefox] ÔÇ║ src\__tests__\e2e\tours.spec.ts:65:5 ÔÇ║ Tours Management ÔÇ║ should create a new tour with all fields
>> GET http://localhost:5173/src/index.css?t=1764018782830

[1A[2K[chromium] ÔÇ║ src\__tests__\e2e\tours.spec.ts:65:5 ÔÇ║ Tours Management ÔÇ║ should create a new tour with all fields
>> GET http://localhost:5173/src/index.css?t=1764018782946

[1A[2K[firefox] ÔÇ║ src\__tests__\e2e\tours.spec.ts:65:5 ÔÇ║ Tours Management ÔÇ║ should create a new tour with all fields
PAGE LOG: [vite] hot updated: /src/index.css

[1A[2K[chromium] ÔÇ║ src\__tests__\e2e\tours.spec.ts:65:5 ÔÇ║ Tours Management ÔÇ║ should create a new tour with all fields
PAGE LOG: [vite] hot updated: /src/index.css

[1A[2K[firefox] ÔÇ║ src\__tests__\e2e\tours.spec.ts:65:5 ÔÇ║ Tours Management ÔÇ║ should create a new tour with all fields
>> GET http://localhost:5173/src/index.css?t=1764018782946

[1A[2K[chromium] ÔÇ║ src\__tests__\e2e\tours.spec.ts:65:5 ÔÇ║ Tours Management ÔÇ║ should create a new tour with all fields
>> GET http://localhost:5173/src/index.css?t=1764018783034

[1A[2K[webkit] ÔÇ║ src\__tests__\e2e\tours.spec.ts:65:5 ÔÇ║ Tours Management ÔÇ║ should create a new tour with all fields
>> GET https://fonts.googleapis.com/css2?family=Outfit:wght@300;400;500;600;700&display=swap

[1A[2KPAGE LOG: [vite] hot updated: /src/index.css

[1A[2K>> GET http://localhost:5173/src/index.css?t=1764018782716

[1A[2K[firefox] ÔÇ║ src\__tests__\e2e\tours.spec.ts:65:5 ÔÇ║ Tours Management ÔÇ║ should create a new tour with all fields
PAGE LOG: [vite] hot updated: /src/index.css

[1A[2K[chromium] ÔÇ║ src\__tests__\e2e\tours.spec.ts:65:5 ÔÇ║ Tours Management ÔÇ║ should create a new tour with all fields
PAGE LOG: [vite] hot updated: /src/index.css

[1A[2K[firefox] ÔÇ║ src\__tests__\e2e\tours.spec.ts:65:5 ÔÇ║ Tours Management ÔÇ║ should create a new tour with all fields
>> GET http://localhost:5173/src/index.css?t=1764018783034

[1A[2K[chromium] ÔÇ║ src\__tests__\e2e\tours.spec.ts:65:5 ÔÇ║ Tours Management ÔÇ║ should create a new tour with all fields
>> GET https://fonts.googleapis.com/css2?family=Outfit:wght@300;400;500;600;700&display=swap

[1A[2K>> GET http://localhost:5173/src/index.css?t=1764018783159

[1A[2K[webkit] ÔÇ║ src\__tests__\e2e\tours.spec.ts:65:5 ÔÇ║ Tours Management ÔÇ║ should create a new tour with all fields
>> GET https://fonts.googleapis.com/css2?family=Outfit:wght@300;400;500;600;700&display=swap

[1A[2KPAGE LOG: [vite] hot updated: /src/index.css

[1A[2K>> GET http://localhost:5173/src/index.css?t=1764018782830

[1A[2K[firefox] ÔÇ║ src\__tests__\e2e\tours.spec.ts:65:5 ÔÇ║ Tours Management ÔÇ║ should create a new tour with all fields
PAGE LOG: [vite] hot updated: /src/index.css

[1A[2K[chromium] ÔÇ║ src\__tests__\e2e\tours.spec.ts:65:5 ÔÇ║ Tours Management ÔÇ║ should create a new tour with all fields
>> GET https://fonts.googleapis.com/css2?family=Outfit:wght@300;400;500;600;700&display=swap

[1A[2KPAGE LOG: [vite] hot updated: /src/index.css

[1A[2K>> GET http://localhost:5173/src/index.css?t=1764018783244

[1A[2K[webkit] ÔÇ║ src\__tests__\e2e\tours.spec.ts:65:5 ÔÇ║ Tours Management ÔÇ║ should create a new tour with all fields
>> GET https://fonts.googleapis.com/css2?family=Outfit:wght@300;400;500;600;700&display=swap

[1A[2K[firefox] ÔÇ║ src\__tests__\e2e\tours.spec.ts:65:5 ÔÇ║ Tours Management ÔÇ║ should create a new tour with all fields
>> GET http://localhost:5173/src/index.css?t=1764018783159

[1A[2K[webkit] ÔÇ║ src\__tests__\e2e\tours.spec.ts:65:5 ÔÇ║ Tours Management ÔÇ║ should create a new tour with all fields
PAGE LOG: [vite] hot updated: /src/index.css

[1A[2K>> GET http://localhost:5173/src/index.css?t=1764018782946

[1A[2K[chromium] ÔÇ║ src\__tests__\e2e\tours.spec.ts:65:5 ÔÇ║ Tours Management ÔÇ║ should create a new tour with all fields
PAGE LOG: [vite] hot updated: /src/index.css

[1A[2K[firefox] ÔÇ║ src\__tests__\e2e\tours.spec.ts:65:5 ÔÇ║ Tours Management ÔÇ║ should create a new tour with all fields
PAGE LOG: [vite] hot updated: /src/index.css

[1A[2K[webkit] ÔÇ║ src\__tests__\e2e\tours.spec.ts:65:5 ÔÇ║ Tours Management ÔÇ║ should create a new tour with all fields
>> GET https://fonts.googleapis.com/css2?family=Outfit:wght@300;400;500;600;700&display=swap

[1A[2KPAGE LOG: [vite] hot updated: /src/index.css

[1A[2K[chromium] ÔÇ║ src\__tests__\e2e\tours.spec.ts:65:5 ÔÇ║ Tours Management ÔÇ║ should create a new tour with all fields
>> GET http://localhost:5173/src/index.css?t=1764018783333

[1A[2K[webkit] ÔÇ║ src\__tests__\e2e\tours.spec.ts:65:5 ÔÇ║ Tours Management ÔÇ║ should create a new tour with all fields
>> GET http://localhost:5173/src/index.css?t=1764018783034

[1A[2K[firefox] ÔÇ║ src\__tests__\e2e\tours.spec.ts:65:5 ÔÇ║ Tours Management ÔÇ║ should create a new tour with all fields
>> GET http://localhost:5173/src/index.css?t=1764018783244

[1A[2KPAGE LOG: [vite] hot updated: /src/index.css

[1A[2K[chromium] ÔÇ║ src\__tests__\e2e\tours.spec.ts:65:5 ÔÇ║ Tours Management ÔÇ║ should create a new tour with all fields
>> GET https://fonts.googleapis.com/css2?family=Outfit:wght@300;400;500;600;700&display=swap

[1A[2KPAGE LOG: [vite] hot updated: /src/index.css

[1A[2K>> GET http://localhost:5173/src/index.css?t=1764018783421

[1A[2K[firefox] ÔÇ║ src\__tests__\e2e\tours.spec.ts:65:5 ÔÇ║ Tours Management ÔÇ║ should create a new tour with all fields
>> GET http://localhost:5173/src/index.css?t=1764018783333

[1A[2K[webkit] ÔÇ║ src\__tests__\e2e\tours.spec.ts:65:5 ÔÇ║ Tours Management ÔÇ║ should create a new tour with all fields
>> GET https://fonts.googleapis.com/css2?family=Outfit:wght@300;400;500;600;700&display=swap

[1A[2KPAGE LOG: [vite] hot updated: /src/index.css

[1A[2K>> GET http://localhost:5173/src/index.css?t=1764018783159

[1A[2K>> GET https://fonts.googleapis.com/css2?family=Outfit:wght@300;400;500;600;700&display=swap

[1A[2KPAGE LOG: [vite] hot updated: /src/index.css

[1A[2K>> GET http://localhost:5173/src/index.css?t=1764018783244

[1A[2K[firefox] ÔÇ║ src\__tests__\e2e\tours.spec.ts:65:5 ÔÇ║ Tours Management ÔÇ║ should create a new tour with all fields
PAGE LOG: [vite] hot updated: /src/index.css

[1A[2K[chromium] ÔÇ║ src\__tests__\e2e\tours.spec.ts:65:5 ÔÇ║ Tours Management ÔÇ║ should create a new tour with all fields
PAGE LOG: [vite] hot updated: /src/index.css

[1A[2K[firefox] ÔÇ║ src\__tests__\e2e\tours.spec.ts:65:5 ÔÇ║ Tours Management ÔÇ║ should create a new tour with all fields
>> GET http://localhost:5173/src/index.css?t=1764018783421

[1A[2K[chromium] ÔÇ║ src\__tests__\e2e\tours.spec.ts:65:5 ÔÇ║ Tours Management ÔÇ║ should create a new tour with all fields
>> GET http://localhost:5173/src/index.css?t=1764018783509

[1A[2K[firefox] ÔÇ║ src\__tests__\e2e\tours.spec.ts:65:5 ÔÇ║ Tours Management ÔÇ║ should create a new tour with all fields
PAGE LOG: [vite] hot updated: /src/index.css

[1A[2K[chromium] ÔÇ║ src\__tests__\e2e\tours.spec.ts:65:5 ÔÇ║ Tours Management ÔÇ║ should create a new tour with all fields
>> GET https://fonts.googleapis.com/css2?family=Outfit:wght@300;400;500;600;700&display=swap

[1A[2KPAGE LOG: [vite] hot updated: /src/index.css

[1A[2K[firefox] ÔÇ║ src\__tests__\e2e\tours.spec.ts:65:5 ÔÇ║ Tours Management ÔÇ║ should create a new tour with all fields
>> GET http://localhost:5173/src/index.css?t=1764018783509

[1A[2K[chromium] ÔÇ║ src\__tests__\e2e\tours.spec.ts:65:5 ÔÇ║ Tours Management ÔÇ║ should create a new tour with all fields
>> GET http://localhost:5173/src/index.css?t=1764018783604

[1A[2K[webkit] ÔÇ║ src\__tests__\e2e\tours.spec.ts:65:5 ÔÇ║ Tours Management ÔÇ║ should create a new tour with all fields
>> GET https://fonts.googleapis.com/css2?family=Outfit:wght@300;400;500;600;700&display=swap

[1A[2KPAGE LOG: [vite] hot updated: /src/index.css

[1A[2K>> GET http://localhost:5173/src/index.css?t=1764018783333

[1A[2K[firefox] ÔÇ║ src\__tests__\e2e\tours.spec.ts:65:5 ÔÇ║ Tours Management ÔÇ║ should create a new tour with all fields
PAGE LOG: [vite] hot updated: /src/index.css

[1A[2K[chromium] ÔÇ║ src\__tests__\e2e\tours.spec.ts:65:5 ÔÇ║ Tours Management ÔÇ║ should create a new tour with all fields
>> GET https://fonts.googleapis.com/css2?family=Outfit:wght@300;400;500;600;700&display=swap

[1A[2KPAGE LOG: [vite] hot updated: /src/index.css

[1A[2K[firefox] ÔÇ║ src\__tests__\e2e\tours.spec.ts:65:5 ÔÇ║ Tours Management ÔÇ║ should create a new tour with all fields
>> GET http://localhost:5173/src/index.css?t=1764018783604

[1A[2K[chromium] ÔÇ║ src\__tests__\e2e\tours.spec.ts:65:5 ÔÇ║ Tours Management ÔÇ║ should create a new tour with all fields
>> GET http://localhost:5173/src/index.css?t=1764018783686

[1A[2K[webkit] ÔÇ║ src\__tests__\e2e\tours.spec.ts:65:5 ÔÇ║ Tours Management ÔÇ║ should create a new tour with all fields
>> GET https://fonts.googleapis.com/css2?family=Outfit:wght@300;400;500;600;700&display=swap

[1A[2KPAGE LOG: [vite] hot updated: /src/index.css

[1A[2K>> GET http://localhost:5173/src/index.css?t=1764018783421

[1A[2K[firefox] ÔÇ║ src\__tests__\e2e\tours.spec.ts:65:5 ÔÇ║ Tours Management ÔÇ║ should create a new tour with all fields
PAGE LOG: [vite] hot updated: /src/index.css

[1A[2K[chromium] ÔÇ║ src\__tests__\e2e\tours.spec.ts:65:5 ÔÇ║ Tours Management ÔÇ║ should create a new tour with all fields
>> GET https://fonts.googleapis.com/css2?family=Outfit:wght@300;400;500;600;700&display=swap

[1A[2KPAGE LOG: [vite] hot updated: /src/index.css

[1A[2K>> GET http://localhost:5173/src/index.css?t=1764018783775

[1A[2K[webkit] ÔÇ║ src\__tests__\e2e\tours.spec.ts:65:5 ÔÇ║ Tours Management ÔÇ║ should create a new tour with all fields
>> GET https://fonts.googleapis.com/css2?family=Outfit:wght@300;400;500;600;700&display=swap

[1A[2K[firefox] ÔÇ║ src\__tests__\e2e\tours.spec.ts:65:5 ÔÇ║ Tours Management ÔÇ║ should create a new tour with all fields
>> GET http://localhost:5173/src/index.css?t=1764018783686

[1A[2K[webkit] ÔÇ║ src\__tests__\e2e\tours.spec.ts:65:5 ÔÇ║ Tours Management ÔÇ║ should create a new tour with all fields
PAGE LOG: [vite] hot updated: /src/index.css

[1A[2K>> GET http://localhost:5173/src/index.css?t=1764018783509

[1A[2K>> GET https://fonts.googleapis.com/css2?family=Outfit:wght@300;400;500;600;700&display=swap

[1A[2KPAGE LOG: [vite] hot updated: /src/index.css

[1A[2K>> GET http://localhost:5173/src/index.css?t=1764018783604

[1A[2K[firefox] ÔÇ║ src\__tests__\e2e\tours.spec.ts:65:5 ÔÇ║ Tours Management ÔÇ║ should create a new tour with all fields
PAGE LOG: [vite] hot updated: /src/index.css

[1A[2K[chromium] ÔÇ║ src\__tests__\e2e\tours.spec.ts:65:5 ÔÇ║ Tours Management ÔÇ║ should create a new tour with all fields
PAGE LOG: [vite] hot updated: /src/index.css

[1A[2K[firefox] ÔÇ║ src\__tests__\e2e\tours.spec.ts:65:5 ÔÇ║ Tours Management ÔÇ║ should create a new tour with all fields
>> GET http://localhost:5173/src/index.css?t=1764018783775

[1A[2K[chromium] ÔÇ║ src\__tests__\e2e\tours.spec.ts:65:5 ÔÇ║ Tours Management ÔÇ║ should create a new tour with all fields
>> GET http://localhost:5173/src/index.css?t=1764018783859

[1A[2K[webkit] ÔÇ║ src\__tests__\e2e\tours.spec.ts:65:5 ÔÇ║ Tours Management ÔÇ║ should create a new tour with all fields
>> GET https://fonts.googleapis.com/css2?family=Outfit:wght@300;400;500;600;700&display=swap

[1A[2KPAGE LOG: [vite] hot updated: /src/index.css

[1A[2K>> GET http://localhost:5173/src/index.css?t=1764018783686

[1A[2K[firefox] ÔÇ║ src\__tests__\e2e\tours.spec.ts:65:5 ÔÇ║ Tours Management ÔÇ║ should create a new tour with all fields
PAGE LOG: [vite] hot updated: /src/index.css

[1A[2K[webkit] ÔÇ║ src\__tests__\e2e\tours.spec.ts:65:5 ÔÇ║ Tours Management ÔÇ║ should create a new tour with all fields
>> GET https://fonts.googleapis.com/css2?family=Outfit:wght@300;400;500;600;700&display=swap

[1A[2KPAGE LOG: [vite] hot updated: /src/index.css

[1A[2K>> GET http://localhost:5173/src/index.css?t=1764018783775

[1A[2K[chromium] ÔÇ║ src\__tests__\e2e\tours.spec.ts:65:5 ÔÇ║ Tours Management ÔÇ║ should create a new tour with all fields
>> GET https://fonts.googleapis.com/css2?family=Outfit:wght@300;400;500;600;700&display=swap

[1A[2KPAGE LOG: [vite] hot updated: /src/index.css

[1A[2K>> GET http://localhost:5173/src/index.css?t=1764018783956

[1A[2K[firefox] ÔÇ║ src\__tests__\e2e\tours.spec.ts:65:5 ÔÇ║ Tours Management ÔÇ║ should create a new tour with all fields
>> GET http://localhost:5173/src/index.css?t=1764018783859

[1A[2KPAGE LOG: [vite] hot updated: /src/index.css

[1A[2K[webkit] ÔÇ║ src\__tests__\e2e\tours.spec.ts:65:5 ÔÇ║ Tours Management ÔÇ║ should create a new tour with all fields
>> GET https://fonts.googleapis.com/css2?family=Outfit:wght@300;400;500;600;700&display=swap

[1A[2KPAGE LOG: [vite] hot updated: /src/index.css

[1A[2K>> GET http://localhost:5173/src/index.css?t=1764018783859

[1A[2K[chromium] ÔÇ║ src\__tests__\e2e\tours.spec.ts:65:5 ÔÇ║ Tours Management ÔÇ║ should create a new tour with all fields
>> GET https://fonts.googleapis.com/css2?family=Outfit:wght@300;400;500;600;700&display=swap

[1A[2KPAGE LOG: [vite] hot updated: /src/index.css

[1A[2K>> GET http://localhost:5173/src/index.css?t=1764018784046

[1A[2K[firefox] ÔÇ║ src\__tests__\e2e\tours.spec.ts:65:5 ÔÇ║ Tours Management ÔÇ║ should create a new tour with all fields
>> GET http://localhost:5173/src/index.css?t=1764018783956

[1A[2K[chromium] ÔÇ║ src\__tests__\e2e\tours.spec.ts:65:5 ÔÇ║ Tours Management ÔÇ║ should create a new tour with all fields
PAGE LOG: [vite] hot updated: /src/index.css

[1A[2K[firefox] ÔÇ║ src\__tests__\e2e\tours.spec.ts:65:5 ÔÇ║ Tours Management ÔÇ║ should create a new tour with all fields
PAGE LOG: [vite] hot updated: /src/index.css

[1A[2K[webkit] ÔÇ║ src\__tests__\e2e\tours.spec.ts:65:5 ÔÇ║ Tours Management ÔÇ║ should create a new tour with all fields
>> GET https://fonts.googleapis.com/css2?family=Outfit:wght@300;400;500;600;700&display=swap

[1A[2KPAGE LOG: [vite] hot updated: /src/index.css

[1A[2K>> GET http://localhost:5173/src/index.css?t=1764018783956

[1A[2K[chromium] ÔÇ║ src\__tests__\e2e\tours.spec.ts:65:5 ÔÇ║ Tours Management ÔÇ║ should create a new tour with all fields
>> GET http://localhost:5173/src/index.css?t=1764018784145

[1A[2K[firefox] ÔÇ║ src\__tests__\e2e\tours.spec.ts:65:5 ÔÇ║ Tours Management ÔÇ║ should create a new tour with all fields
>> GET http://localhost:5173/src/index.css?t=1764018784046

[1A[2KPAGE LOG: [vite] hot updated: /src/index.css

[1A[2K[chromium] ÔÇ║ src\__tests__\e2e\tours.spec.ts:65:5 ÔÇ║ Tours Management ÔÇ║ should create a new tour with all fields
>> GET https://fonts.googleapis.com/css2?family=Outfit:wght@300;400;500;600;700&display=swap

[1A[2KPAGE LOG: [vite] hot updated: /src/index.css

[1A[2K[webkit] ÔÇ║ src\__tests__\e2e\tours.spec.ts:65:5 ÔÇ║ Tours Management ÔÇ║ should create a new tour with all fields
>> GET https://fonts.googleapis.com/css2?family=Outfit:wght@300;400;500;600;700&display=swap

[1A[2KPAGE LOG: [vite] hot updated: /src/index.css

[1A[2K>> GET http://localhost:5173/src/index.css?t=1764018784046

[1A[2K[chromium] ÔÇ║ src\__tests__\e2e\tours.spec.ts:65:5 ÔÇ║ Tours Management ÔÇ║ should create a new tour with all fields
>> GET http://localhost:5173/src/index.css?t=1764018784236

[1A[2K[firefox] ÔÇ║ src\__tests__\e2e\tours.spec.ts:65:5 ÔÇ║ Tours Management ÔÇ║ should create a new tour with all fields
>> GET http://localhost:5173/src/index.css?t=1764018784145

[1A[2KPAGE LOG: [vite] hot updated: /src/index.css

[1A[2K[chromium] ÔÇ║ src\__tests__\e2e\tours.spec.ts:65:5 ÔÇ║ Tours Management ÔÇ║ should create a new tour with all fields
>> GET https://fonts.googleapis.com/css2?family=Outfit:wght@300;400;500;600;700&display=swap

[1A[2KPAGE LOG: [vite] hot updated: /src/index.css

[1A[2K>> GET http://localhost:5173/src/index.css?t=1764018784332

[1A[2K[firefox] ÔÇ║ src\__tests__\e2e\tours.spec.ts:65:5 ÔÇ║ Tours Management ÔÇ║ should create a new tour with all fields
>> GET http://localhost:5173/src/index.css?t=1764018784236

[1A[2K[webkit] ÔÇ║ src\__tests__\e2e\tours.spec.ts:65:5 ÔÇ║ Tours Management ÔÇ║ should create a new tour with all fields
>> GET https://fonts.googleapis.com/css2?family=Outfit:wght@300;400;500;600;700&display=swap

[1A[2KPAGE LOG: [vite] hot updated: /src/index.css

[1A[2K>> GET http://localhost:5173/src/index.css?t=1764018784145

[1A[2K[firefox] ÔÇ║ src\__tests__\e2e\tours.spec.ts:65:5 ÔÇ║ Tours Management ÔÇ║ should create a new tour with all fields
PAGE LOG: [vite] hot updated: /src/index.css

[1A[2K[webkit] ÔÇ║ src\__tests__\e2e\tours.spec.ts:65:5 ÔÇ║ Tours Management ÔÇ║ should create a new tour with all fields
>> GET https://fonts.googleapis.com/css2?family=Outfit:wght@300;400;500;600;700&display=swap

[1A[2KPAGE LOG: [vite] hot updated: /src/index.css

[1A[2K>> GET http://localhost:5173/src/index.css?t=1764018784236

[1A[2K[chromium] ÔÇ║ src\__tests__\e2e\tours.spec.ts:65:5 ÔÇ║ Tours Management ÔÇ║ should create a new tour with all fields
PAGE LOG: [vite] hot updated: /src/index.css

[1A[2K>> GET http://localhost:5173/src/index.css?t=1764018784408

[1A[2K[firefox] ÔÇ║ src\__tests__\e2e\tours.spec.ts:65:5 ÔÇ║ Tours Management ÔÇ║ should create a new tour with all fields
>> GET http://localhost:5173/src/index.css?t=1764018784332

[1A[2KPAGE LOG: [vite] hot updated: /src/index.css

[1A[2K[chromium] ÔÇ║ src\__tests__\e2e\tours.spec.ts:65:5 ÔÇ║ Tours Management ÔÇ║ should create a new tour with all fields
>> GET https://fonts.googleapis.com/css2?family=Outfit:wght@300;400;500;600;700&display=swap

[1A[2KPAGE LOG: [vite] hot updated: /src/index.css

[1A[2K>> GET http://localhost:5173/src/index.css?t=1764018784542

[1A[2K[firefox] ÔÇ║ src\__tests__\e2e\tours.spec.ts:65:5 ÔÇ║ Tours Management ÔÇ║ should create a new tour with all fields
>> GET http://localhost:5173/src/index.css?t=1764018784408

[1A[2K[webkit] ÔÇ║ src\__tests__\e2e\tours.spec.ts:65:5 ÔÇ║ Tours Management ÔÇ║ should create a new tour with all fields
>> GET https://fonts.googleapis.com/css2?family=Outfit:wght@300;400;500;600;700&display=swap

[1A[2KPAGE LOG: [vite] hot updated: /src/index.css

[1A[2K>> GET http://localhost:5173/src/index.css?t=1764018784332

[1A[2K[firefox] ÔÇ║ src\__tests__\e2e\tours.spec.ts:65:5 ÔÇ║ Tours Management ÔÇ║ should create a new tour with all fields
PAGE LOG: [vite] hot updated: /src/index.css

[1A[2K[chromium] ÔÇ║ src\__tests__\e2e\tours.spec.ts:65:5 ÔÇ║ Tours Management ÔÇ║ should create a new tour with all fields
>> GET https://fonts.googleapis.com/css2?family=Outfit:wght@300;400;500;600;700&display=swap

[1A[2KPAGE LOG: [vite] hot updated: /src/index.css

[1A[2K[webkit] ÔÇ║ src\__tests__\e2e\tours.spec.ts:65:5 ÔÇ║ Tours Management ÔÇ║ should create a new tour with all fields
>> GET https://fonts.googleapis.com/css2?family=Outfit:wght@300;400;500;600;700&display=swap

[1A[2KPAGE LOG: [vite] hot updated: /src/index.css

[1A[2K>> GET http://localhost:5173/src/index.css?t=1764018784408

[1A[2K[chromium] ÔÇ║ src\__tests__\e2e\tours.spec.ts:65:5 ÔÇ║ Tours Management ÔÇ║ should create a new tour with all fields
>> GET http://localhost:5173/src/index.css?t=1764018784656

[1A[2K[firefox] ÔÇ║ src\__tests__\e2e\tours.spec.ts:65:5 ÔÇ║ Tours Management ÔÇ║ should create a new tour with all fields
>> GET http://localhost:5173/src/index.css?t=1764018784542

[1A[2KPAGE LOG: [vite] hot updated: /src/index.css

[1A[2K[chromium] ÔÇ║ src\__tests__\e2e\tours.spec.ts:65:5 ÔÇ║ Tours Management ÔÇ║ should create a new tour with all fields
>> GET https://fonts.googleapis.com/css2?family=Outfit:wght@300;400;500;600;700&display=swap

[1A[2KPAGE LOG: [vite] hot updated: /src/index.css

[1A[2K[firefox] ÔÇ║ src\__tests__\e2e\tours.spec.ts:65:5 ÔÇ║ Tours Management ÔÇ║ should create a new tour with all fields
>> GET http://localhost:5173/src/index.css?t=1764018784656

[1A[2K[chromium] ÔÇ║ src\__tests__\e2e\tours.spec.ts:65:5 ÔÇ║ Tours Management ÔÇ║ should create a new tour with all fields
>> GET http://localhost:5173/src/index.css?t=1764018784743

[1A[2K[webkit] ÔÇ║ src\__tests__\e2e\tours.spec.ts:65:5 ÔÇ║ Tours Management ÔÇ║ should create a new tour with all fields
>> GET https://fonts.googleapis.com/css2?family=Outfit:wght@300;400;500;600;700&display=swap

[1A[2KPAGE LOG: [vite] hot updated: /src/index.css

[1A[2K>> GET http://localhost:5173/src/index.css?t=1764018784542

[1A[2K[firefox] ÔÇ║ src\__tests__\e2e\tours.spec.ts:65:5 ÔÇ║ Tours Management ÔÇ║ should create a new tour with all fields
PAGE LOG: [vite] hot updated: /src/index.css

[1A[2K[chromium] ÔÇ║ src\__tests__\e2e\tours.spec.ts:65:5 ÔÇ║ Tours Management ÔÇ║ should create a new tour with all fields
PAGE LOG: [vite] hot updated: /src/index.css

[1A[2K[firefox] ÔÇ║ src\__tests__\e2e\tours.spec.ts:65:5 ÔÇ║ Tours Management ÔÇ║ should create a new tour with all fields
>> GET http://localhost:5173/src/index.css?t=1764018784743

[1A[2K[chromium] ÔÇ║ src\__tests__\e2e\tours.spec.ts:65:5 ÔÇ║ Tours Management ÔÇ║ should create a new tour with all fields
>> GET http://localhost:5173/src/index.css?t=1764018784816

[1A[2K[webkit] ÔÇ║ src\__tests__\e2e\tours.spec.ts:65:5 ÔÇ║ Tours Management ÔÇ║ should create a new tour with all fields
>> GET https://fonts.googleapis.com/css2?family=Outfit:wght@300;400;500;600;700&display=swap

[1A[2KPAGE LOG: [vite] hot updated: /src/index.css

[1A[2K>> GET http://localhost:5173/src/index.css?t=1764018784656

[1A[2K[firefox] ÔÇ║ src\__tests__\e2e\tours.spec.ts:65:5 ÔÇ║ Tours Management ÔÇ║ should create a new tour with all fields
PAGE LOG: [vite] hot updated: /src/index.css

[1A[2K[webkit] ÔÇ║ src\__tests__\e2e\tours.spec.ts:65:5 ÔÇ║ Tours Management ÔÇ║ should create a new tour with all fields
>> GET https://fonts.googleapis.com/css2?family=Outfit:wght@300;400;500;600;700&display=swap

[1A[2K[chromium] ÔÇ║ src\__tests__\e2e\tours.spec.ts:65:5 ÔÇ║ Tours Management ÔÇ║ should create a new tour with all fields
>> GET https://fonts.googleapis.com/css2?family=Outfit:wght@300;400;500;600;700&display=swap

[1A[2KPAGE LOG: [vite] hot updated: /src/index.css

[1A[2K>> GET http://localhost:5173/src/index.css?t=1764018784901

[1A[2K[webkit] ÔÇ║ src\__tests__\e2e\tours.spec.ts:65:5 ÔÇ║ Tours Management ÔÇ║ should create a new tour with all fields
PAGE LOG: [vite] hot updated: /src/index.css

[1A[2K>> GET http://localhost:5173/src/index.css?t=1764018784743

[1A[2K[firefox] ÔÇ║ src\__tests__\e2e\tours.spec.ts:65:5 ÔÇ║ Tours Management ÔÇ║ should create a new tour with all fields
>> GET http://localhost:5173/src/index.css?t=1764018784816

[1A[2KPAGE LOG: [vite] hot updated: /src/index.css

[1A[2K[chromium] ÔÇ║ src\__tests__\e2e\tours.spec.ts:65:5 ÔÇ║ Tours Management ÔÇ║ should create a new tour with all fields
PAGE LOG: [vite] hot updated: /src/index.css

[1A[2K[webkit] ÔÇ║ src\__tests__\e2e\tours.spec.ts:65:5 ÔÇ║ Tours Management ÔÇ║ should create a new tour with all fields
>> GET https://fonts.googleapis.com/css2?family=Outfit:wght@300;400;500;600;700&display=swap

[1A[2KPAGE LOG: [vite] hot updated: /src/index.css

[1A[2K>> GET http://localhost:5173/src/index.css?t=1764018784816

[1A[2K[chromium] ÔÇ║ src\__tests__\e2e\tours.spec.ts:65:5 ÔÇ║ Tours Management ÔÇ║ should create a new tour with all fields
>> GET http://localhost:5173/src/index.css?t=1764018784972

[1A[2K[firefox] ÔÇ║ src\__tests__\e2e\tours.spec.ts:65:5 ÔÇ║ Tours Management ÔÇ║ should create a new tour with all fields
>> GET http://localhost:5173/src/index.css?t=1764018784901

[1A[2K[webkit] ÔÇ║ src\__tests__\e2e\tours.spec.ts:65:5 ÔÇ║ Tours Management ÔÇ║ should create a new tour with all fields
>> GET https://fonts.googleapis.com/css2?family=Outfit:wght@300;400;500;600;700&display=swap

[1A[2K[firefox] ÔÇ║ src\__tests__\e2e\tours.spec.ts:65:5 ÔÇ║ Tours Management ÔÇ║ should create a new tour with all fields
PAGE LOG: [vite] hot updated: /src/index.css

[1A[2K[webkit] ÔÇ║ src\__tests__\e2e\tours.spec.ts:65:5 ÔÇ║ Tours Management ÔÇ║ should create a new tour with all fields
PAGE LOG: [vite] hot updated: /src/index.css

[1A[2K[chromium] ÔÇ║ src\__tests__\e2e\tours.spec.ts:65:5 ÔÇ║ Tours Management ÔÇ║ should create a new tour with all fields
>> GET https://fonts.googleapis.com/css2?family=Outfit:wght@300;400;500;600;700&display=swap

[1A[2KPAGE LOG: [vite] hot updated: /src/index.css

[1A[2K[webkit] ÔÇ║ src\__tests__\e2e\tours.spec.ts:65:5 ÔÇ║ Tours Management ÔÇ║ should create a new tour with all fields
>> GET http://localhost:5173/src/index.css?t=1764018784901

[1A[2K[firefox] ÔÇ║ src\__tests__\e2e\tours.spec.ts:65:5 ÔÇ║ Tours Management ÔÇ║ should create a new tour with all fields
>> GET http://localhost:5173/src/index.css?t=1764018784972

[1A[2K[chromium] ÔÇ║ src\__tests__\e2e\tours.spec.ts:65:5 ÔÇ║ Tours Management ÔÇ║ should create a new tour with all fields
>> GET http://localhost:5173/src/index.css?t=1764018785083

[1A[2K[firefox] ÔÇ║ src\__tests__\e2e\tours.spec.ts:65:5 ÔÇ║ Tours Management ÔÇ║ should create a new tour with all fields
PAGE LOG: [vite] hot updated: /src/index.css

[1A[2K[webkit] ÔÇ║ src\__tests__\e2e\tours.spec.ts:65:5 ÔÇ║ Tours Management ÔÇ║ should create a new tour with all fields
>> GET https://fonts.googleapis.com/css2?family=Outfit:wght@300;400;500;600;700&display=swap

[1A[2K[chromium] ÔÇ║ src\__tests__\e2e\tours.spec.ts:65:5 ÔÇ║ Tours Management ÔÇ║ should create a new tour with all fields
PAGE LOG: [vite] hot updated: /src/index.css

[1A[2K[webkit] ÔÇ║ src\__tests__\e2e\tours.spec.ts:65:5 ÔÇ║ Tours Management ÔÇ║ should create a new tour with all fields
PAGE LOG: [vite] hot updated: /src/index.css

[1A[2K>> GET http://localhost:5173/src/index.css?t=1764018784972

[1A[2K[chromium] ÔÇ║ src\__tests__\e2e\tours.spec.ts:65:5 ÔÇ║ Tours Management ÔÇ║ should create a new tour with all fields
>> GET http://localhost:5173/src/index.css?t=1764018785157

[1A[2K[firefox] ÔÇ║ src\__tests__\e2e\tours.spec.ts:65:5 ÔÇ║ Tours Management ÔÇ║ should create a new tour with all fields
>> GET http://localhost:5173/src/index.css?t=1764018785083

[1A[2K[chromium] ÔÇ║ src\__tests__\e2e\tours.spec.ts:65:5 ÔÇ║ Tours Management ÔÇ║ should create a new tour with all fields
>> GET https://fonts.googleapis.com/css2?family=Outfit:wght@300;400;500;600;700&display=swap

[1A[2K[firefox] ÔÇ║ src\__tests__\e2e\tours.spec.ts:65:5 ÔÇ║ Tours Management ÔÇ║ should create a new tour with all fields
PAGE LOG: [vite] hot updated: /src/index.css

[1A[2K[chromium] ÔÇ║ src\__tests__\e2e\tours.spec.ts:65:5 ÔÇ║ Tours Management ÔÇ║ should create a new tour with all fields
PAGE LOG: [vite] hot updated: /src/index.css

[1A[2K>> GET http://localhost:5173/src/index.css?t=1764018785339

[1A[2K[firefox] ÔÇ║ src\__tests__\e2e\tours.spec.ts:65:5 ÔÇ║ Tours Management ÔÇ║ should create a new tour with all fields
>> GET http://localhost:5173/src/index.css?t=1764018785157

[1A[2K[webkit] ÔÇ║ src\__tests__\e2e\tours.spec.ts:65:5 ÔÇ║ Tours Management ÔÇ║ should create a new tour with all fields
>> GET https://fonts.googleapis.com/css2?family=Outfit:wght@300;400;500;600;700&display=swap

[1A[2KPAGE LOG: [vite] hot updated: /src/index.css

[1A[2K>> GET http://localhost:5173/src/index.css?t=1764018785083

[1A[2K[firefox] ÔÇ║ src\__tests__\e2e\tours.spec.ts:65:5 ÔÇ║ Tours Management ÔÇ║ should create a new tour with all fields
PAGE LOG: [vite] hot updated: /src/index.css

[1A[2K[webkit] ÔÇ║ src\__tests__\e2e\tours.spec.ts:65:5 ÔÇ║ Tours Management ÔÇ║ should create a new tour with all fields
>> GET https://fonts.googleapis.com/css2?family=Outfit:wght@300;400;500;600;700&display=swap

[1A[2K[firefox] ÔÇ║ src\__tests__\e2e\tours.spec.ts:65:5 ÔÇ║ Tours Management ÔÇ║ should create a new tour with all fields
>> GET http://localhost:5173/src/index.css?t=1764018785339

[1A[2K[webkit] ÔÇ║ src\__tests__\e2e\tours.spec.ts:65:5 ÔÇ║ Tours Management ÔÇ║ should create a new tour with all fields
PAGE LOG: [vite] hot updated: /src/index.css

[1A[2K>> GET http://localhost:5173/src/index.css?t=1764018785157

[1A[2K[chromium] ÔÇ║ src\__tests__\e2e\tours.spec.ts:65:5 ÔÇ║ Tours Management ÔÇ║ should create a new tour with all fields
PAGE LOG: [vite] hot updated: /src/index.css

[1A[2K>> GET http://localhost:5173/src/index.css?t=1764018785438

[1A[2K>> GET https://fonts.googleapis.com/css2?family=Outfit:wght@300;400;500;600;700&display=swap

[1A[2KPAGE LOG: [vite] hot updated: /src/index.css

[1A[2K>> GET http://localhost:5173/src/index.css?t=1764018785519

[1A[2K[firefox] ÔÇ║ src\__tests__\e2e\tours.spec.ts:65:5 ÔÇ║ Tours Management ÔÇ║ should create a new tour with all fields
PAGE LOG: [vite] hot updated: /src/index.css

[1A[2K[webkit] ÔÇ║ src\__tests__\e2e\tours.spec.ts:65:5 ÔÇ║ Tours Management ÔÇ║ should create a new tour with all fields
>> GET https://fonts.googleapis.com/css2?family=Outfit:wght@300;400;500;600;700&display=swap

[1A[2KPAGE LOG: [vite] hot updated: /src/index.css

[1A[2K>> GET http://localhost:5173/src/index.css?t=1764018785339

[1A[2K[firefox] ÔÇ║ src\__tests__\e2e\tours.spec.ts:65:5 ÔÇ║ Tours Management ÔÇ║ should create a new tour with all fields
>> GET http://localhost:5173/src/index.css?t=1764018785438

[1A[2KPAGE LOG: [vite] hot updated: /src/index.css

[1A[2K[chromium] ÔÇ║ src\__tests__\e2e\tours.spec.ts:65:5 ÔÇ║ Tours Management ÔÇ║ should create a new tour with all fields
>> GET https://fonts.googleapis.com/css2?family=Outfit:wght@300;400;500;600;700&display=swap

[1A[2K[firefox] ÔÇ║ src\__tests__\e2e\tours.spec.ts:65:5 ÔÇ║ Tours Management ÔÇ║ should create a new tour with all fields
>> GET http://localhost:5173/src/index.css?t=1764018785519

[1A[2K[chromium] ÔÇ║ src\__tests__\e2e\tours.spec.ts:65:5 ÔÇ║ Tours Management ÔÇ║ should create a new tour with all fields
PAGE LOG: [vite] hot updated: /src/index.css

[1A[2K>> GET http://localhost:5173/src/index.css?t=1764018785610

[1A[2K[webkit] ÔÇ║ src\__tests__\e2e\tours.spec.ts:65:5 ÔÇ║ Tours Management ÔÇ║ should create a new tour with all fields
>> GET https://fonts.googleapis.com/css2?family=Outfit:wght@300;400;500;600;700&display=swap

[1A[2KPAGE LOG: [vite] hot updated: /src/index.css

[1A[2K>> GET http://localhost:5173/src/index.css?t=1764018785438

[1A[2K>> GET https://fonts.googleapis.com/css2?family=Outfit:wght@300;400;500;600;700&display=swap

[1A[2K[firefox] ÔÇ║ src\__tests__\e2e\tours.spec.ts:65:5 ÔÇ║ Tours Management ÔÇ║ should create a new tour with all fields
PAGE LOG: [vite] hot updated: /src/index.css

[1A[2K[webkit] ÔÇ║ src\__tests__\e2e\tours.spec.ts:65:5 ÔÇ║ Tours Management ÔÇ║ should create a new tour with all fields
PAGE LOG: [vite] hot updated: /src/index.css

[1A[2K>> GET http://localhost:5173/src/index.css?t=1764018785519

[1A[2K[chromium] ÔÇ║ src\__tests__\e2e\tours.spec.ts:65:5 ÔÇ║ Tours Management ÔÇ║ should create a new tour with all fields
PAGE LOG: [vite] hot updated: /src/index.css

[1A[2K>> GET http://localhost:5173/src/index.css?t=1764018785700

[1A[2K[firefox] ÔÇ║ src\__tests__\e2e\tours.spec.ts:65:5 ÔÇ║ Tours Management ÔÇ║ should create a new tour with all fields
>> GET http://localhost:5173/src/index.css?t=1764018785610

[1A[2K[webkit] ÔÇ║ src\__tests__\e2e\tours.spec.ts:65:5 ÔÇ║ Tours Management ÔÇ║ should create a new tour with all fields
>> GET https://fonts.googleapis.com/css2?family=Outfit:wght@300;400;500;600;700&display=swap

[1A[2K[chromium] ÔÇ║ src\__tests__\e2e\tours.spec.ts:65:5 ÔÇ║ Tours Management ÔÇ║ should create a new tour with all fields
PAGE LOG: [vite] hot updated: /src/index.css

[1A[2K>> GET https://fonts.googleapis.com/css2?family=Outfit:wght@300;400;500;600;700&display=swap

[1A[2K[firefox] ÔÇ║ src\__tests__\e2e\tours.spec.ts:65:5 ÔÇ║ Tours Management ÔÇ║ should create a new tour with all fields
PAGE LOG: [vite] hot updated: /src/index.css

[1A[2K[webkit] ÔÇ║ src\__tests__\e2e\tours.spec.ts:65:5 ÔÇ║ Tours Management ÔÇ║ should create a new tour with all fields
PAGE LOG: [vite] hot updated: /src/index.css

[1A[2K>> GET http://localhost:5173/src/index.css?t=1764018785610

[1A[2K[chromium] ÔÇ║ src\__tests__\e2e\tours.spec.ts:65:5 ÔÇ║ Tours Management ÔÇ║ should create a new tour with all fields
>> GET http://localhost:5173/src/index.css?t=1764018785774

[1A[2K[firefox] ÔÇ║ src\__tests__\e2e\tours.spec.ts:65:5 ÔÇ║ Tours Management ÔÇ║ should create a new tour with all fields
>> GET http://localhost:5173/src/index.css?t=1764018785700

[1A[2KPAGE LOG: [vite] hot updated: /src/index.css

[1A[2K[chromium] ÔÇ║ src\__tests__\e2e\tours.spec.ts:65:5 ÔÇ║ Tours Management ÔÇ║ should create a new tour with all fields
PAGE LOG: [vite] hot updated: /src/index.css

[1A[2K>> GET https://fonts.googleapis.com/css2?family=Outfit:wght@300;400;500;600;700&display=swap

[1A[2K[firefox] ÔÇ║ src\__tests__\e2e\tours.spec.ts:65:5 ÔÇ║ Tours Management ÔÇ║ should create a new tour with all fields
>> GET http://localhost:5173/src/index.css?t=1764018785774

[1A[2K[chromium] ÔÇ║ src\__tests__\e2e\tours.spec.ts:65:5 ÔÇ║ Tours Management ÔÇ║ should create a new tour with all fields
>> GET http://localhost:5173/src/index.css?t=1764018785885

[1A[2K[webkit] ÔÇ║ src\__tests__\e2e\tours.spec.ts:65:5 ÔÇ║ Tours Management ÔÇ║ should create a new tour with all fields
>> GET https://fonts.googleapis.com/css2?family=Outfit:wght@300;400;500;600;700&display=swap

[1A[2KPAGE LOG: [vite] hot updated: /src/index.css

[1A[2K>> GET http://localhost:5173/src/index.css?t=1764018785700

[1A[2K[firefox] ÔÇ║ src\__tests__\e2e\tours.spec.ts:65:5 ÔÇ║ Tours Management ÔÇ║ should create a new tour with all fields
PAGE LOG: [vite] hot updated: /src/index.css

[1A[2K[chromium] ÔÇ║ src\__tests__\e2e\tours.spec.ts:65:5 ÔÇ║ Tours Management ÔÇ║ should create a new tour with all fields
PAGE LOG: [vite] hot updated: /src/index.css

[1A[2K>> GET https://fonts.googleapis.com/css2?family=Outfit:wght@300;400;500;600;700&display=swap

[1A[2K>> GET http://localhost:5173/src/index.css?t=1764018785980

[1A[2K[firefox] ÔÇ║ src\__tests__\e2e\tours.spec.ts:65:5 ÔÇ║ Tours Management ÔÇ║ should create a new tour with all fields
>> GET http://localhost:5173/src/index.css?t=1764018785885

[1A[2K[webkit] ÔÇ║ src\__tests__\e2e\tours.spec.ts:65:5 ÔÇ║ Tours Management ÔÇ║ should create a new tour with all fields
>> GET https://fonts.googleapis.com/css2?family=Outfit:wght@300;400;500;600;700&display=swap

[1A[2KPAGE LOG: [vite] hot updated: /src/index.css

[1A[2K>> GET http://localhost:5173/src/index.css?t=1764018785774

[1A[2K[firefox] ÔÇ║ src\__tests__\e2e\tours.spec.ts:65:5 ÔÇ║ Tours Management ÔÇ║ should create a new tour with all fields
PAGE LOG: [vite] hot updated: /src/index.css

[1A[2K[chromium] ÔÇ║ src\__tests__\e2e\tours.spec.ts:65:5 ÔÇ║ Tours Management ÔÇ║ should create a new tour with all fields
>> GET https://fonts.googleapis.com/css2?family=Outfit:wght@300;400;500;600;700&display=swap

[1A[2KPAGE LOG: [vite] hot updated: /src/index.css

[1A[2K>> GET http://localhost:5173/src/index.css?t=1764018786084

[1A[2K[webkit] ÔÇ║ src\__tests__\e2e\tours.spec.ts:65:5 ÔÇ║ Tours Management ÔÇ║ should create a new tour with all fields
>> GET https://fonts.googleapis.com/css2?family=Outfit:wght@300;400;500;600;700&display=swap

[1A[2K[firefox] ÔÇ║ src\__tests__\e2e\tours.spec.ts:65:5 ÔÇ║ Tours Management ÔÇ║ should create a new tour with all fields
>> GET http://localhost:5173/src/index.css?t=1764018785980

[1A[2K[webkit] ÔÇ║ src\__tests__\e2e\tours.spec.ts:65:5 ÔÇ║ Tours Management ÔÇ║ should create a new tour with all fields
PAGE LOG: [vite] hot updated: /src/index.css

[1A[2K>> GET http://localhost:5173/src/index.css?t=1764018785885

[1A[2K[firefox] ÔÇ║ src\__tests__\e2e\tours.spec.ts:65:5 ÔÇ║ Tours Management ÔÇ║ should create a new tour with all fields
PAGE LOG: [vite] hot updated: /src/index.css

[1A[2K[webkit] ÔÇ║ src\__tests__\e2e\tours.spec.ts:65:5 ÔÇ║ Tours Management ÔÇ║ should create a new tour with all fields
>> GET https://fonts.googleapis.com/css2?family=Outfit:wght@300;400;500;600;700&display=swap

[1A[2KPAGE LOG: [vite] hot updated: /src/index.css

[1A[2K>> GET http://localhost:5173/src/index.css?t=1764018785980

[1A[2K[chromium] ÔÇ║ src\__tests__\e2e\tours.spec.ts:65:5 ÔÇ║ Tours Management ÔÇ║ should create a new tour with all fields
>> GET https://fonts.googleapis.com/css2?family=Outfit:wght@300;400;500;600;700&display=swap

[1A[2KPAGE LOG: [vite] hot updated: /src/index.css

[1A[2K>> GET http://localhost:5173/src/index.css?t=1764018786166

[1A[2K[firefox] ÔÇ║ src\__tests__\e2e\tours.spec.ts:65:5 ÔÇ║ Tours Management ÔÇ║ should create a new tour with all fields
>> GET http://localhost:5173/src/index.css?t=1764018786084

[1A[2K[webkit] ÔÇ║ src\__tests__\e2e\tours.spec.ts:65:5 ÔÇ║ Tours Management ÔÇ║ should create a new tour with all fields
>> GET https://fonts.googleapis.com/css2?family=Outfit:wght@300;400;500;600;700&display=swap

[1A[2KPAGE LOG: [vite] hot updated: /src/index.css

[1A[2K>> GET http://localhost:5173/src/index.css?t=1764018786084

[1A[2K[chromium] ÔÇ║ src\__tests__\e2e\tours.spec.ts:65:5 ÔÇ║ Tours Management ÔÇ║ should create a new tour with all fields
PAGE LOG: [vite] hot updated: /src/index.css

[1A[2K[firefox] ÔÇ║ src\__tests__\e2e\tours.spec.ts:65:5 ÔÇ║ Tours Management ÔÇ║ should create a new tour with all fields
PAGE LOG: [vite] hot updated: /src/index.css

[1A[2K[chromium] ÔÇ║ src\__tests__\e2e\tours.spec.ts:65:5 ÔÇ║ Tours Management ÔÇ║ should create a new tour with all fields
>> GET http://localhost:5173/src/index.css?t=1764018786258

[1A[2K[firefox] ÔÇ║ src\__tests__\e2e\tours.spec.ts:65:5 ÔÇ║ Tours Management ÔÇ║ should create a new tour with all fields
>> GET http://localhost:5173/src/index.css?t=1764018786166

[1A[2KPAGE LOG: [vite] hot updated: /src/index.css

[1A[2K[chromium] ÔÇ║ src\__tests__\e2e\tours.spec.ts:65:5 ÔÇ║ Tours Management ÔÇ║ should create a new tour with all fields
>> GET https://fonts.googleapis.com/css2?family=Outfit:wght@300;400;500;600;700&display=swap

[1A[2KPAGE LOG: [vite] hot updated: /src/index.css

[1A[2K[firefox] ÔÇ║ src\__tests__\e2e\tours.spec.ts:65:5 ÔÇ║ Tours Management ÔÇ║ should create a new tour with all fields
>> GET http://localhost:5173/src/index.css?t=1764018786258

[1A[2K[chromium] ÔÇ║ src\__tests__\e2e\tours.spec.ts:65:5 ÔÇ║ Tours Management ÔÇ║ should create a new tour with all fields
>> GET http://localhost:5173/src/index.css?t=1764018786343

[1A[2K[webkit] ÔÇ║ src\__tests__\e2e\tours.spec.ts:65:5 ÔÇ║ Tours Management ÔÇ║ should create a new tour with all fields
>> GET https://fonts.googleapis.com/css2?family=Outfit:wght@300;400;500;600;700&display=swap

[1A[2KPAGE LOG: [vite] hot updated: /src/index.css

[1A[2K>> GET http://localhost:5173/src/index.css?t=1764018786166

[1A[2K[firefox] ÔÇ║ src\__tests__\e2e\tours.spec.ts:65:5 ÔÇ║ Tours Management ÔÇ║ should create a new tour with all fields
PAGE LOG: [vite] hot updated: /src/index.css

[1A[2K[webkit] ÔÇ║ src\__tests__\e2e\tours.spec.ts:65:5 ÔÇ║ Tours Management ÔÇ║ should create a new tour with all fields
>> GET https://fonts.googleapis.com/css2?family=Outfit:wght@300;400;500;600;700&display=swap

[1A[2KPAGE LOG: [vite] hot updated: /src/index.css

[1A[2K[chromium] ÔÇ║ src\__tests__\e2e\tours.spec.ts:65:5 ÔÇ║ Tours Management ÔÇ║ should create a new tour with all fields
>> GET https://fonts.googleapis.com/css2?family=Outfit:wght@300;400;500;600;700&display=swap

[1A[2K[webkit] ÔÇ║ src\__tests__\e2e\tours.spec.ts:65:5 ÔÇ║ Tours Management ÔÇ║ should create a new tour with all fields
>> GET http://localhost:5173/src/index.css?t=1764018786258

[1A[2K[chromium] ÔÇ║ src\__tests__\e2e\tours.spec.ts:65:5 ÔÇ║ Tours Management ÔÇ║ should create a new tour with all fields
PAGE LOG: [vite] hot updated: /src/index.css

[1A[2K[firefox] ÔÇ║ src\__tests__\e2e\tours.spec.ts:65:5 ÔÇ║ Tours Management ÔÇ║ should create a new tour with all fields
>> GET http://localhost:5173/src/index.css?t=1764018786343

[1A[2K[chromium] ÔÇ║ src\__tests__\e2e\tours.spec.ts:65:5 ÔÇ║ Tours Management ÔÇ║ should create a new tour with all fields
>> GET http://localhost:5173/src/index.css?t=1764018786448

[1A[2K[firefox] ÔÇ║ src\__tests__\e2e\tours.spec.ts:65:5 ÔÇ║ Tours Management ÔÇ║ should create a new tour with all fields
PAGE LOG: [vite] hot updated: /src/index.css

[1A[2K[chromium] ÔÇ║ src\__tests__\e2e\tours.spec.ts:65:5 ÔÇ║ Tours Management ÔÇ║ should create a new tour with all fields
PAGE LOG: [vite] hot updated: /src/index.css

[1A[2K>> GET https://fonts.googleapis.com/css2?family=Outfit:wght@300;400;500;600;700&display=swap

[1A[2K>> GET http://localhost:5173/src/index.css?t=1764018786528

[1A[2K[firefox] ÔÇ║ src\__tests__\e2e\tours.spec.ts:65:5 ÔÇ║ Tours Management ÔÇ║ should create a new tour with all fields
>> GET http://localhost:5173/src/index.css?t=1764018786448

[1A[2K[webkit] ÔÇ║ src\__tests__\e2e\tours.spec.ts:65:5 ÔÇ║ Tours Management ÔÇ║ should create a new tour with all fields
>> GET https://fonts.googleapis.com/css2?family=Outfit:wght@300;400;500;600;700&display=swap

[1A[2KPAGE LOG: [vite] hot updated: /src/index.css

[1A[2K>> GET http://localhost:5173/src/index.css?t=1764018786343

[1A[2K[firefox] ÔÇ║ src\__tests__\e2e\tours.spec.ts:65:5 ÔÇ║ Tours Management ÔÇ║ should create a new tour with all fields
PAGE LOG: [vite] hot updated: /src/index.css

[1A[2K[chromium] ÔÇ║ src\__tests__\e2e\tours.spec.ts:65:5 ÔÇ║ Tours Management ÔÇ║ should create a new tour with all fields
PAGE LOG: [vite] hot updated: /src/index.css

[1A[2K>> GET http://localhost:5173/src/index.css?t=1764018786613

[1A[2K[firefox] ÔÇ║ src\__tests__\e2e\tours.spec.ts:65:5 ÔÇ║ Tours Management ÔÇ║ should create a new tour with all fields
>> GET http://localhost:5173/src/index.css?t=1764018786528

[1A[2K[webkit] ÔÇ║ src\__tests__\e2e\tours.spec.ts:65:5 ÔÇ║ Tours Management ÔÇ║ should create a new tour with all fields
>> GET https://fonts.googleapis.com/css2?family=Outfit:wght@300;400;500;600;700&display=swap

[1A[2KPAGE LOG: [vite] hot updated: /src/index.css

[1A[2K>> GET http://localhost:5173/src/index.css?t=1764018786448

[1A[2K[firefox] ÔÇ║ src\__tests__\e2e\tours.spec.ts:65:5 ÔÇ║ Tours Management ÔÇ║ should create a new tour with all fields
PAGE LOG: [vite] hot updated: /src/index.css

[1A[2K[chromium] ÔÇ║ src\__tests__\e2e\tours.spec.ts:65:5 ÔÇ║ Tours Management ÔÇ║ should create a new tour with all fields
>> GET https://fonts.googleapis.com/css2?family=Outfit:wght@300;400;500;600;700&display=swap

[1A[2K[firefox] ÔÇ║ src\__tests__\e2e\tours.spec.ts:65:5 ÔÇ║ Tours Management ÔÇ║ should create a new tour with all fields
>> GET http://localhost:5173/src/index.css?t=1764018786613

[1A[2K[chromium] ÔÇ║ src\__tests__\e2e\tours.spec.ts:65:5 ÔÇ║ Tours Management ÔÇ║ should create a new tour with all fields
PAGE LOG: [vite] hot updated: /src/index.css

[1A[2K>> GET http://localhost:5173/src/index.css?t=1764018786685

[1A[2K[webkit] ÔÇ║ src\__tests__\e2e\tours.spec.ts:65:5 ÔÇ║ Tours Management ÔÇ║ should create a new tour with all fields
>> GET https://fonts.googleapis.com/css2?family=Outfit:wght@300;400;500;600;700&display=swap

[1A[2KPAGE LOG: [vite] hot updated: /src/index.css

[1A[2K>> GET http://localhost:5173/src/index.css?t=1764018786528

[1A[2K[chromium] ÔÇ║ src\__tests__\e2e\tours.spec.ts:65:5 ÔÇ║ Tours Management ÔÇ║ should create a new tour with all fields
PAGE LOG: [vite] hot updated: /src/index.css

[1A[2K>> GET http://localhost:5173/src/index.css?t=1764018786759

[1A[2K[webkit] ÔÇ║ src\__tests__\e2e\tours.spec.ts:65:5 ÔÇ║ Tours Management ÔÇ║ should create a new tour with all fields
>> GET https://fonts.googleapis.com/css2?family=Outfit:wght@300;400;500;600;700&display=swap

[1A[2KPAGE LOG: [vite] hot updated: /src/index.css

[1A[2K>> GET http://localhost:5173/src/index.css?t=1764018786613

[1A[2K[firefox] ÔÇ║ src\__tests__\e2e\tours.spec.ts:65:5 ÔÇ║ Tours Management ÔÇ║ should create a new tour with all fields
PAGE LOG: [vite] hot updated: /src/index.css

[1A[2K>> GET http://localhost:5173/src/index.css?t=1764018786685

[1A[2K[webkit] ÔÇ║ src\__tests__\e2e\tours.spec.ts:65:5 ÔÇ║ Tours Management ÔÇ║ should create a new tour with all fields
>> GET https://fonts.googleapis.com/css2?family=Outfit:wght@300;400;500;600;700&display=swap

[1A[2KPAGE LOG: [vite] hot updated: /src/index.css

[1A[2K>> GET http://localhost:5173/src/index.css?t=1764018786685

[1A[2K[chromium] ÔÇ║ src\__tests__\e2e\tours.spec.ts:65:5 ÔÇ║ Tours Management ÔÇ║ should create a new tour with all fields
>> GET https://fonts.googleapis.com/css2?family=Outfit:wght@300;400;500;600;700&display=swap

[1A[2KPAGE LOG: [vite] hot updated: /src/index.css

[1A[2K>> GET http://localhost:5173/src/index.css?t=1764018786859

[1A[2K[firefox] ÔÇ║ src\__tests__\e2e\tours.spec.ts:65:5 ÔÇ║ Tours Management ÔÇ║ should create a new tour with all fields
PAGE LOG: [vite] hot updated: /src/index.css

[1A[2K>> GET http://localhost:5173/src/index.css?t=1764018786759

[1A[2K[webkit] ÔÇ║ src\__tests__\e2e\tours.spec.ts:65:5 ÔÇ║ Tours Management ÔÇ║ should create a new tour with all fields
>> GET https://fonts.googleapis.com/css2?family=Outfit:wght@300;400;500;600;700&display=swap

[1A[2K[firefox] ÔÇ║ src\__tests__\e2e\tours.spec.ts:65:5 ÔÇ║ Tours Management ÔÇ║ should create a new tour with all fields
PAGE LOG: [vite] hot updated: /src/index.css

[1A[2K[webkit] ÔÇ║ src\__tests__\e2e\tours.spec.ts:65:5 ÔÇ║ Tours Management ÔÇ║ should create a new tour with all fields
PAGE LOG: [vite] hot updated: /src/index.css

[1A[2K>> GET http://localhost:5173/src/index.css?t=1764018786759

[1A[2K[chromium] ÔÇ║ src\__tests__\e2e\tours.spec.ts:65:5 ÔÇ║ Tours Management ÔÇ║ should create a new tour with all fields
PAGE LOG: [vite] hot updated: /src/index.css

[1A[2K>> GET https://fonts.googleapis.com/css2?family=Outfit:wght@300;400;500;600;700&display=swap

[1A[2K>> GET http://localhost:5173/src/index.css?t=1764018786954

[1A[2K[firefox] ÔÇ║ src\__tests__\e2e\tours.spec.ts:65:5 ÔÇ║ Tours Management ÔÇ║ should create a new tour with all fields
>> GET http://localhost:5173/src/index.css?t=1764018786859

[1A[2KPAGE LOG: [vite] hot updated: /src/index.css

[1A[2K[chromium] ÔÇ║ src\__tests__\e2e\tours.spec.ts:65:5 ÔÇ║ Tours Management ÔÇ║ should create a new tour with all fields
PAGE LOG: [vite] hot updated: /src/index.css

[1A[2K[firefox] ÔÇ║ src\__tests__\e2e\tours.spec.ts:65:5 ÔÇ║ Tours Management ÔÇ║ should create a new tour with all fields
>> GET http://localhost:5173/src/index.css?t=1764018786954

[1A[2K[webkit] ÔÇ║ src\__tests__\e2e\tours.spec.ts:65:5 ÔÇ║ Tours Management ÔÇ║ should create a new tour with all fields
>> GET https://fonts.googleapis.com/css2?family=Outfit:wght@300;400;500;600;700&display=swap

[1A[2KPAGE LOG: [vite] hot updated: /src/index.css

[1A[2K>> GET http://localhost:5173/src/index.css?t=1764018786859

[1A[2K[chromium] ÔÇ║ src\__tests__\e2e\tours.spec.ts:65:5 ÔÇ║ Tours Management ÔÇ║ should create a new tour with all fields
>> GET http://localhost:5173/src/index.css?t=1764018787043

[1A[2K[firefox] ÔÇ║ src\__tests__\e2e\tours.spec.ts:65:5 ÔÇ║ Tours Management ÔÇ║ should create a new tour with all fields
PAGE LOG: [vite] hot updated: /src/index.css

[1A[2K[chromium] ÔÇ║ src\__tests__\e2e\tours.spec.ts:65:5 ÔÇ║ Tours Management ÔÇ║ should create a new tour with all fields
>> GET https://fonts.googleapis.com/css2?family=Outfit:wght@300;400;500;600;700&display=swap

[1A[2KPAGE LOG: [vite] hot updated: /src/index.css

[1A[2K>> GET http://localhost:5173/src/index.css?t=1764018787124

[1A[2K[firefox] ÔÇ║ src\__tests__\e2e\tours.spec.ts:65:5 ÔÇ║ Tours Management ÔÇ║ should create a new tour with all fields
>> GET http://localhost:5173/src/index.css?t=1764018787043

[1A[2K[webkit] ÔÇ║ src\__tests__\e2e\tours.spec.ts:65:5 ÔÇ║ Tours Management ÔÇ║ should create a new tour with all fields
>> GET https://fonts.googleapis.com/css2?family=Outfit:wght@300;400;500;600;700&display=swap

[1A[2KPAGE LOG: [vite] hot updated: /src/index.css

[1A[2K>> GET http://localhost:5173/src/index.css?t=1764018786954

[1A[2K[firefox] ÔÇ║ src\__tests__\e2e\tours.spec.ts:65:5 ÔÇ║ Tours Management ÔÇ║ should create a new tour with all fields
PAGE LOG: [vite] hot updated: /src/index.css

[1A[2K[chromium] ÔÇ║ src\__tests__\e2e\tours.spec.ts:65:5 ÔÇ║ Tours Management ÔÇ║ should create a new tour with all fields
PAGE LOG: [vite] hot updated: /src/index.css

[1A[2K[firefox] ÔÇ║ src\__tests__\e2e\tours.spec.ts:65:5 ÔÇ║ Tours Management ÔÇ║ should create a new tour with all fields
>> GET http://localhost:5173/src/index.css?t=1764018787124

[1A[2K[webkit] ÔÇ║ src\__tests__\e2e\tours.spec.ts:65:5 ÔÇ║ Tours Management ÔÇ║ should create a new tour with all fields
>> GET https://fonts.googleapis.com/css2?family=Outfit:wght@300;400;500;600;700&display=swap

[1A[2KPAGE LOG: [vite] hot updated: /src/index.css

[1A[2K>> GET http://localhost:5173/src/index.css?t=1764018787043

[1A[2K[chromium] ÔÇ║ src\__tests__\e2e\tours.spec.ts:65:5 ÔÇ║ Tours Management ÔÇ║ should create a new tour with all fields
>> GET http://localhost:5173/src/index.css?t=1764018787197

[1A[2K>> GET https://fonts.googleapis.com/css2?family=Outfit:wght@300;400;500;600;700&display=swap

[1A[2KPAGE LOG: [vite] hot updated: /src/index.css

[1A[2K[firefox] ÔÇ║ src\__tests__\e2e\tours.spec.ts:65:5 ÔÇ║ Tours Management ÔÇ║ should create a new tour with all fields
PAGE LOG: [vite] hot updated: /src/index.css

[1A[2K[webkit] ÔÇ║ src\__tests__\e2e\tours.spec.ts:65:5 ÔÇ║ Tours Management ÔÇ║ should create a new tour with all fields
>> GET https://fonts.googleapis.com/css2?family=Outfit:wght@300;400;500;600;700&display=swap

[1A[2KPAGE LOG: [vite] hot updated: /src/index.css

[1A[2K>> GET http://localhost:5173/src/index.css?t=1764018787124

[1A[2K[firefox] ÔÇ║ src\__tests__\e2e\tours.spec.ts:65:5 ÔÇ║ Tours Management ÔÇ║ should create a new tour with all fields
>> GET http://localhost:5173/src/index.css?t=1764018787197

[1A[2K[chromium] ÔÇ║ src\__tests__\e2e\tours.spec.ts:65:5 ÔÇ║ Tours Management ÔÇ║ should create a new tour with all fields
>> GET http://localhost:5173/src/index.css?t=1764018787306

[1A[2K[firefox] ÔÇ║ src\__tests__\e2e\tours.spec.ts:65:5 ÔÇ║ Tours Management ÔÇ║ should create a new tour with all fields
PAGE LOG: [vite] hot updated: /src/index.css

[1A[2K[chromium] ÔÇ║ src\__tests__\e2e\tours.spec.ts:65:5 ÔÇ║ Tours Management ÔÇ║ should create a new tour with all fields
PAGE LOG: [vite] hot updated: /src/index.css

[1A[2K[webkit] ÔÇ║ src\__tests__\e2e\tours.spec.ts:65:5 ÔÇ║ Tours Management ÔÇ║ should create a new tour with all fields
>> GET https://fonts.googleapis.com/css2?family=Outfit:wght@300;400;500;600;700&display=swap

[1A[2KPAGE LOG: [vite] hot updated: /src/index.css

[1A[2K[chromium] ÔÇ║ src\__tests__\e2e\tours.spec.ts:65:5 ÔÇ║ Tours Management ÔÇ║ should create a new tour with all fields
>> GET http://localhost:5173/src/index.css?t=1764018787381

[1A[2K[webkit] ÔÇ║ src\__tests__\e2e\tours.spec.ts:65:5 ÔÇ║ Tours Management ÔÇ║ should create a new tour with all fields
>> GET http://localhost:5173/src/index.css?t=1764018787197

[1A[2K[firefox] ÔÇ║ src\__tests__\e2e\tours.spec.ts:65:5 ÔÇ║ Tours Management ÔÇ║ should create a new tour with all fields
>> GET http://localhost:5173/src/index.css?t=1764018787306

[1A[2K[webkit] ÔÇ║ src\__tests__\e2e\tours.spec.ts:65:5 ÔÇ║ Tours Management ÔÇ║ should create a new tour with all fields
>> GET https://fonts.googleapis.com/css2?family=Outfit:wght@300;400;500;600;700&display=swap

[1A[2K[firefox] ÔÇ║ src\__tests__\e2e\tours.spec.ts:65:5 ÔÇ║ Tours Management ÔÇ║ should create a new tour with all fields
PAGE LOG: [vite] hot updated: /src/index.css

[1A[2K[webkit] ÔÇ║ src\__tests__\e2e\tours.spec.ts:65:5 ÔÇ║ Tours Management ÔÇ║ should create a new tour with all fields
PAGE LOG: [vite] hot updated: /src/index.css

[1A[2K[chromium] ÔÇ║ src\__tests__\e2e\tours.spec.ts:65:5 ÔÇ║ Tours Management ÔÇ║ should create a new tour with all fields
>> GET https://fonts.googleapis.com/css2?family=Outfit:wght@300;400;500;600;700&display=swap

[1A[2K[webkit] ÔÇ║ src\__tests__\e2e\tours.spec.ts:65:5 ÔÇ║ Tours Management ÔÇ║ should create a new tour with all fields
>> GET http://localhost:5173/src/index.css?t=1764018787306

[1A[2K[chromium] ÔÇ║ src\__tests__\e2e\tours.spec.ts:65:5 ÔÇ║ Tours Management ÔÇ║ should create a new tour with all fields
PAGE LOG: [vite] hot updated: /src/index.css

[1A[2K[firefox] ÔÇ║ src\__tests__\e2e\tours.spec.ts:65:5 ÔÇ║ Tours Management ÔÇ║ should create a new tour with all fields
>> GET http://localhost:5173/src/index.css?t=1764018787381

[1A[2K[chromium] ÔÇ║ src\__tests__\e2e\tours.spec.ts:65:5 ÔÇ║ Tours Management ÔÇ║ should create a new tour with all fields
>> GET http://localhost:5173/src/index.css?t=1764018787467

[1A[2K[firefox] ÔÇ║ src\__tests__\e2e\tours.spec.ts:65:5 ÔÇ║ Tours Management ÔÇ║ should create a new tour with all fields
PAGE LOG: [vite] hot updated: /src/index.css

[1A[2K[webkit] ÔÇ║ src\__tests__\e2e\tours.spec.ts:65:5 ÔÇ║ Tours Management ÔÇ║ should create a new tour with all fields
>> GET https://fonts.googleapis.com/css2?family=Outfit:wght@300;400;500;600;700&display=swap

[1A[2K[chromium] ÔÇ║ src\__tests__\e2e\tours.spec.ts:65:5 ÔÇ║ Tours Management ÔÇ║ should create a new tour with all fields
PAGE LOG: [vite] hot updated: /src/index.css

[1A[2K>> GET http://localhost:5173/src/index.css?t=1764018787535

[1A[2K[webkit] ÔÇ║ src\__tests__\e2e\tours.spec.ts:65:5 ÔÇ║ Tours Management ÔÇ║ should create a new tour with all fields
PAGE LOG: [vite] hot updated: /src/index.css

[1A[2K>> GET http://localhost:5173/src/index.css?t=1764018787381

[1A[2K[firefox] ÔÇ║ src\__tests__\e2e\tours.spec.ts:65:5 ÔÇ║ Tours Management ÔÇ║ should create a new tour with all fields
>> GET http://localhost:5173/src/index.css?t=1764018787467

[1A[2K[webkit] ÔÇ║ src\__tests__\e2e\tours.spec.ts:65:5 ÔÇ║ Tours Management ÔÇ║ should create a new tour with all fields
>> GET https://fonts.googleapis.com/css2?family=Outfit:wght@300;400;500;600;700&display=swap

[1A[2KPAGE LOG: [vite] hot updated: /src/index.css

[1A[2K>> GET http://localhost:5173/src/index.css?t=1764018787467

[1A[2K[firefox] ÔÇ║ src\__tests__\e2e\tours.spec.ts:65:5 ÔÇ║ Tours Management ÔÇ║ should create a new tour with all fields
PAGE LOG: [vite] hot updated: /src/index.css

[1A[2K[chromium] ÔÇ║ src\__tests__\e2e\tours.spec.ts:65:5 ÔÇ║ Tours Management ÔÇ║ should create a new tour with all fields
PAGE LOG: [vite] hot updated: /src/index.css

[1A[2K>> GET https://fonts.googleapis.com/css2?family=Outfit:wght@300;400;500;600;700&display=swap

[1A[2K>> GET http://localhost:5173/src/index.css?t=1764018787623

[1A[2K[firefox] ÔÇ║ src\__tests__\e2e\tours.spec.ts:65:5 ÔÇ║ Tours Management ÔÇ║ should create a new tour with all fields
>> GET http://localhost:5173/src/index.css?t=1764018787535

[1A[2K[webkit] ÔÇ║ src\__tests__\e2e\tours.spec.ts:65:5 ÔÇ║ Tours Management ÔÇ║ should create a new tour with all fields
>> GET https://fonts.googleapis.com/css2?family=Outfit:wght@300;400;500;600;700&display=swap

[1A[2K[chromium] ÔÇ║ src\__tests__\e2e\tours.spec.ts:65:5 ÔÇ║ Tours Management ÔÇ║ should create a new tour with all fields
PAGE LOG: [vite] hot updated: /src/index.css

[1A[2K[firefox] ÔÇ║ src\__tests__\e2e\tours.spec.ts:65:5 ÔÇ║ Tours Management ÔÇ║ should create a new tour with all fields
PAGE LOG: [vite] hot updated: /src/index.css

[1A[2K[webkit] ÔÇ║ src\__tests__\e2e\tours.spec.ts:65:5 ÔÇ║ Tours Management ÔÇ║ should create a new tour with all fields
PAGE LOG: [vite] hot updated: /src/index.css

[1A[2K[chromium] ÔÇ║ src\__tests__\e2e\tours.spec.ts:65:5 ÔÇ║ Tours Management ÔÇ║ should create a new tour with all fields
>> GET http://localhost:5173/src/index.css?t=1764018787711

[1A[2K[webkit] ÔÇ║ src\__tests__\e2e\tours.spec.ts:65:5 ÔÇ║ Tours Management ÔÇ║ should create a new tour with all fields
>> GET http://localhost:5173/src/index.css?t=1764018787535

[1A[2K[firefox] ÔÇ║ src\__tests__\e2e\tours.spec.ts:65:5 ÔÇ║ Tours Management ÔÇ║ should create a new tour with all fields
>> GET http://localhost:5173/src/index.css?t=1764018787623

[1A[2KPAGE LOG: [vite] hot updated: /src/index.css

[1A[2K[chromium] ÔÇ║ src\__tests__\e2e\tours.spec.ts:65:5 ÔÇ║ Tours Management ÔÇ║ should create a new tour with all fields
>> GET https://fonts.googleapis.com/css2?family=Outfit:wght@300;400;500;600;700&display=swap

[1A[2KPAGE LOG: [vite] hot updated: /src/index.css

[1A[2K>> GET http://localhost:5173/src/index.css?t=1764018787807

[1A[2K[firefox] ÔÇ║ src\__tests__\e2e\tours.spec.ts:65:5 ÔÇ║ Tours Management ÔÇ║ should create a new tour with all fields
>> GET http://localhost:5173/src/index.css?t=1764018787711

[1A[2K[webkit] ÔÇ║ src\__tests__\e2e\tours.spec.ts:65:5 ÔÇ║ Tours Management ÔÇ║ should create a new tour with all fields
>> GET https://fonts.googleapis.com/css2?family=Outfit:wght@300;400;500;600;700&display=swap

[1A[2KPAGE LOG: [vite] hot updated: /src/index.css

[1A[2K>> GET http://localhost:5173/src/index.css?t=1764018787623

[1A[2K[firefox] ÔÇ║ src\__tests__\e2e\tours.spec.ts:65:5 ÔÇ║ Tours Management ÔÇ║ should create a new tour with all fields
PAGE LOG: [vite] hot updated: /src/index.css

[1A[2K>> GET http://localhost:5173/src/index.css?t=1764018787807

[1A[2K[chromium] ÔÇ║ src\__tests__\e2e\tours.spec.ts:65:5 ÔÇ║ Tours Management ÔÇ║ should create a new tour with all fields
PAGE LOG: [vite] hot updated: /src/index.css

[1A[2K[webkit] ÔÇ║ src\__tests__\e2e\tours.spec.ts:65:5 ÔÇ║ Tours Management ÔÇ║ should create a new tour with all fields
>> GET https://fonts.googleapis.com/css2?family=Outfit:wght@300;400;500;600;700&display=swap

[1A[2KPAGE LOG: [vite] hot updated: /src/index.css

[1A[2K[chromium] ÔÇ║ src\__tests__\e2e\tours.spec.ts:65:5 ÔÇ║ Tours Management ÔÇ║ should create a new tour with all fields
>> GET http://localhost:5173/src/index.css?t=1764018787898

[1A[2K[webkit] ÔÇ║ src\__tests__\e2e\tours.spec.ts:65:5 ÔÇ║ Tours Management ÔÇ║ should create a new tour with all fields
>> GET http://localhost:5173/src/index.css?t=1764018787711

[1A[2K[firefox] ÔÇ║ src\__tests__\e2e\tours.spec.ts:65:5 ÔÇ║ Tours Management ÔÇ║ should create a new tour with all fields
PAGE LOG: [vite] hot updated: /src/index.css

[1A[2K[chromium] ÔÇ║ src\__tests__\e2e\tours.spec.ts:65:5 ÔÇ║ Tours Management ÔÇ║ should create a new tour with all fields
PAGE LOG: [vite] hot updated: /src/index.css

[1A[2K>> GET https://fonts.googleapis.com/css2?family=Outfit:wght@300;400;500;600;700&display=swap

[1A[2K>> GET http://localhost:5173/src/index.css?t=1764018787996

[1A[2K[firefox] ÔÇ║ src\__tests__\e2e\tours.spec.ts:65:5 ÔÇ║ Tours Management ÔÇ║ should create a new tour with all fields
>> GET http://localhost:5173/src/index.css?t=1764018787898

[1A[2K[webkit] ÔÇ║ src\__tests__\e2e\tours.spec.ts:65:5 ÔÇ║ Tours Management ÔÇ║ should create a new tour with all fields
>> GET https://fonts.googleapis.com/css2?family=Outfit:wght@300;400;500;600;700&display=swap

[1A[2KPAGE LOG: [vite] hot updated: /src/index.css

[1A[2K>> GET http://localhost:5173/src/index.css?t=1764018787807

[1A[2K[firefox] ÔÇ║ src\__tests__\e2e\tours.spec.ts:65:5 ÔÇ║ Tours Management ÔÇ║ should create a new tour with all fields
PAGE LOG: [vite] hot updated: /src/index.css

[1A[2K[chromium] ÔÇ║ src\__tests__\e2e\tours.spec.ts:65:5 ÔÇ║ Tours Management ÔÇ║ should create a new tour with all fields
PAGE LOG: [vite] hot updated: /src/index.css

[1A[2K>> GET https://fonts.googleapis.com/css2?family=Outfit:wght@300;400;500;600;700&display=swap

[1A[2K[firefox] ÔÇ║ src\__tests__\e2e\tours.spec.ts:65:5 ÔÇ║ Tours Management ÔÇ║ should create a new tour with all fields
>> GET http://localhost:5173/src/index.css?t=1764018787996

[1A[2K[webkit] ÔÇ║ src\__tests__\e2e\tours.spec.ts:65:5 ÔÇ║ Tours Management ÔÇ║ should create a new tour with all fields
>> GET https://fonts.googleapis.com/css2?family=Outfit:wght@300;400;500;600;700&display=swap

[1A[2KPAGE LOG: [vite] hot updated: /src/index.css

[1A[2K>> GET http://localhost:5173/src/index.css?t=1764018787898

[1A[2K[chromium] ÔÇ║ src\__tests__\e2e\tours.spec.ts:65:5 ÔÇ║ Tours Management ÔÇ║ should create a new tour with all fields
>> GET http://localhost:5173/src/index.css?t=1764018788108

[1A[2K[webkit] ÔÇ║ src\__tests__\e2e\tours.spec.ts:65:5 ÔÇ║ Tours Management ÔÇ║ should create a new tour with all fields
>> GET https://fonts.googleapis.com/css2?family=Outfit:wght@300;400;500;600;700&display=swap

[1A[2KPAGE LOG: [vite] hot updated: /src/index.css

[1A[2K[firefox] ÔÇ║ src\__tests__\e2e\tours.spec.ts:65:5 ÔÇ║ Tours Management ÔÇ║ should create a new tour with all fields
PAGE LOG: [vite] hot updated: /src/index.css

[1A[2K[webkit] ÔÇ║ src\__tests__\e2e\tours.spec.ts:65:5 ÔÇ║ Tours Management ÔÇ║ should create a new tour with all fields
>> GET http://localhost:5173/src/index.css?t=1764018787996

[1A[2K[chromium] ÔÇ║ src\__tests__\e2e\tours.spec.ts:65:5 ÔÇ║ Tours Management ÔÇ║ should create a new tour with all fields
PAGE LOG: [vite] hot updated: /src/index.css

[1A[2K[firefox] ÔÇ║ src\__tests__\e2e\tours.spec.ts:65:5 ÔÇ║ Tours Management ÔÇ║ should create a new tour with all fields
>> GET http://localhost:5173/src/index.css?t=1764018788108

[1A[2K[chromium] ÔÇ║ src\__tests__\e2e\tours.spec.ts:65:5 ÔÇ║ Tours Management ÔÇ║ should create a new tour with all fields
>> GET http://localhost:5173/src/index.css?t=1764018788206

[1A[2K[firefox] ÔÇ║ src\__tests__\e2e\tours.spec.ts:65:5 ÔÇ║ Tours Management ÔÇ║ should create a new tour with all fields
PAGE LOG: [vite] hot updated: /src/index.css

[1A[2K[chromium] ÔÇ║ src\__tests__\e2e\tours.spec.ts:65:5 ÔÇ║ Tours Management ÔÇ║ should create a new tour with all fields
>> GET https://fonts.googleapis.com/css2?family=Outfit:wght@300;400;500;600;700&display=swap

[1A[2KPAGE LOG: [vite] hot updated: /src/index.css

[1A[2K>> GET http://localhost:5173/src/index.css?t=1764018788286

[1A[2K[firefox] ÔÇ║ src\__tests__\e2e\tours.spec.ts:65:5 ÔÇ║ Tours Management ÔÇ║ should create a new tour with all fields
>> GET http://localhost:5173/src/index.css?t=1764018788206

[1A[2K[webkit] ÔÇ║ src\__tests__\e2e\tours.spec.ts:65:5 ÔÇ║ Tours Management ÔÇ║ should create a new tour with all fields
>> GET https://fonts.googleapis.com/css2?family=Outfit:wght@300;400;500;600;700&display=swap

[1A[2KPAGE LOG: [vite] hot updated: /src/index.css

[1A[2K>> GET http://localhost:5173/src/index.css?t=1764018788108

[1A[2K[firefox] ÔÇ║ src\__tests__\e2e\tours.spec.ts:65:5 ÔÇ║ Tours Management ÔÇ║ should create a new tour with all fields
PAGE LOG: [vite] hot updated: /src/index.css

[1A[2K[webkit] ÔÇ║ src\__tests__\e2e\tours.spec.ts:65:5 ÔÇ║ Tours Management ÔÇ║ should create a new tour with all fields
>> GET https://fonts.googleapis.com/css2?family=Outfit:wght@300;400;500;600;700&display=swap

[1A[2KPAGE LOG: [vite] hot updated: /src/index.css

[1A[2K[firefox] ÔÇ║ src\__tests__\e2e\tours.spec.ts:65:5 ÔÇ║ Tours Management ÔÇ║ should create a new tour with all fields
>> GET http://localhost:5173/src/index.css?t=1764018788286

[1A[2K[chromium] ÔÇ║ src\__tests__\e2e\tours.spec.ts:65:5 ÔÇ║ Tours Management ÔÇ║ should create a new tour with all fields
PAGE LOG: [vite] hot updated: /src/index.css

[1A[2K>> GET http://localhost:5173/src/index.css?t=1764018788371

[1A[2K[webkit] ÔÇ║ src\__tests__\e2e\tours.spec.ts:65:5 ÔÇ║ Tours Management ÔÇ║ should create a new tour with all fields
>> GET http://localhost:5173/src/index.css?t=1764018788206

[1A[2K[firefox] ÔÇ║ src\__tests__\e2e\tours.spec.ts:65:5 ÔÇ║ Tours Management ÔÇ║ should create a new tour with all fields
PAGE LOG: [vite] hot updated: /src/index.css

[1A[2K>> GET http://localhost:5173/src/index.css?t=1764018788371

[1A[2K[chromium] ÔÇ║ src\__tests__\e2e\tours.spec.ts:65:5 ÔÇ║ Tours Management ÔÇ║ should create a new tour with all fields
PAGE LOG: [vite] hot updated: /src/index.css

[1A[2K>> GET https://fonts.googleapis.com/css2?family=Outfit:wght@300;400;500;600;700&display=swap

[1A[2K[webkit] ÔÇ║ src\__tests__\e2e\tours.spec.ts:65:5 ÔÇ║ Tours Management ÔÇ║ should create a new tour with all fields
>> GET https://fonts.googleapis.com/css2?family=Outfit:wght@300;400;500;600;700&display=swap

[1A[2KPAGE LOG: [vite] hot updated: /src/index.css

[1A[2K>> GET http://localhost:5173/src/index.css?t=1764018788286

[1A[2K[chromium] ÔÇ║ src\__tests__\e2e\tours.spec.ts:65:5 ÔÇ║ Tours Management ÔÇ║ should create a new tour with all fields
>> GET http://localhost:5173/src/index.css?t=1764018788469

[1A[2K[firefox] ÔÇ║ src\__tests__\e2e\tours.spec.ts:65:5 ÔÇ║ Tours Management ÔÇ║ should create a new tour with all fields
PAGE LOG: [vite] hot updated: /src/index.css

[1A[2K[chromium] ÔÇ║ src\__tests__\e2e\tours.spec.ts:65:5 ÔÇ║ Tours Management ÔÇ║ should create a new tour with all fields
PAGE LOG: [vite] hot updated: /src/index.css

[1A[2K>> GET http://localhost:5173/src/index.css?t=1764018788552

[1A[2K[firefox] ÔÇ║ src\__tests__\e2e\tours.spec.ts:65:5 ÔÇ║ Tours Management ÔÇ║ should create a new tour with all fields
>> GET http://localhost:5173/src/index.css?t=1764018788469

[1A[2K[webkit] ÔÇ║ src\__tests__\e2e\tours.spec.ts:65:5 ÔÇ║ Tours Management ÔÇ║ should create a new tour with all fields
>> GET https://fonts.googleapis.com/css2?family=Outfit:wght@300;400;500;600;700&display=swap

[1A[2KPAGE LOG: [vite] hot updated: /src/index.css

[1A[2K>> GET http://localhost:5173/src/index.css?t=1764018788371

[1A[2K[firefox] ÔÇ║ src\__tests__\e2e\tours.spec.ts:65:5 ÔÇ║ Tours Management ÔÇ║ should create a new tour with all fields
PAGE LOG: [vite] hot updated: /src/index.css

[1A[2K[chromium] ÔÇ║ src\__tests__\e2e\tours.spec.ts:65:5 ÔÇ║ Tours Management ÔÇ║ should create a new tour with all fields
>> GET https://fonts.googleapis.com/css2?family=Outfit:wght@300;400;500;600;700&display=swap

[1A[2K[firefox] ÔÇ║ src\__tests__\e2e\tours.spec.ts:65:5 ÔÇ║ Tours Management ÔÇ║ should create a new tour with all fields
>> GET http://localhost:5173/src/index.css?t=1764018788552

[1A[2K[chromium] ÔÇ║ src\__tests__\e2e\tours.spec.ts:65:5 ÔÇ║ Tours Management ÔÇ║ should create a new tour with all fields
PAGE LOG: [vite] hot updated: /src/index.css

[1A[2K[webkit] ÔÇ║ src\__tests__\e2e\tours.spec.ts:65:5 ÔÇ║ Tours Management ÔÇ║ should create a new tour with all fields
>> GET https://fonts.googleapis.com/css2?family=Outfit:wght@300;400;500;600;700&display=swap

[1A[2KPAGE LOG: [vite] hot updated: /src/index.css

[1A[2K>> GET http://localhost:5173/src/index.css?t=1764018788469

[1A[2K[chromium] ÔÇ║ src\__tests__\e2e\tours.spec.ts:65:5 ÔÇ║ Tours Management ÔÇ║ should create a new tour with all fields
>> GET http://localhost:5173/src/index.css?t=1764018788645

[1A[2K[firefox] ÔÇ║ src\__tests__\e2e\tours.spec.ts:65:5 ÔÇ║ Tours Management ÔÇ║ should create a new tour with all fields
PAGE LOG: [vite] hot updated: /src/index.css

[1A[2K[chromium] ÔÇ║ src\__tests__\e2e\tours.spec.ts:65:5 ÔÇ║ Tours Management ÔÇ║ should create a new tour with all fields
>> GET https://fonts.googleapis.com/css2?family=Outfit:wght@300;400;500;600;700&display=swap

[1A[2KPAGE LOG: [vite] hot updated: /src/index.css

[1A[2K[webkit] ÔÇ║ src\__tests__\e2e\tours.spec.ts:65:5 ÔÇ║ Tours Management ÔÇ║ should create a new tour with all fields
>> GET https://fonts.googleapis.com/css2?family=Outfit:wght@300;400;500;600;700&display=swap

[1A[2KPAGE LOG: [vite] hot updated: /src/index.css

[1A[2K>> GET http://localhost:5173/src/index.css?t=1764018788552

[1A[2K[chromium] ÔÇ║ src\__tests__\e2e\tours.spec.ts:65:5 ÔÇ║ Tours Management ÔÇ║ should create a new tour with all fields
>> GET http://localhost:5173/src/index.css?t=1764018788726

[1A[2K[firefox] ÔÇ║ src\__tests__\e2e\tours.spec.ts:65:5 ÔÇ║ Tours Management ÔÇ║ should create a new tour with all fields
>> GET http://localhost:5173/src/index.css?t=1764018788645

[1A[2KPAGE LOG: [vite] hot updated: /src/index.css

[1A[2K[webkit] ÔÇ║ src\__tests__\e2e\tours.spec.ts:65:5 ÔÇ║ Tours Management ÔÇ║ should create a new tour with all fields
>> GET https://fonts.googleapis.com/css2?family=Outfit:wght@300;400;500;600;700&display=swap

[1A[2K[chromium] ÔÇ║ src\__tests__\e2e\tours.spec.ts:65:5 ÔÇ║ Tours Management ÔÇ║ should create a new tour with all fields
PAGE LOG: [vite] hot updated: /src/index.css

[1A[2K>> GET http://localhost:5173/src/index.css?t=1764018788798

[1A[2K[webkit] ÔÇ║ src\__tests__\e2e\tours.spec.ts:65:5 ÔÇ║ Tours Management ÔÇ║ should create a new tour with all fields
PAGE LOG: [vite] hot updated: /src/index.css

[1A[2K>> GET http://localhost:5173/src/index.css?t=1764018788645

[1A[2K[firefox] ÔÇ║ src\__tests__\e2e\tours.spec.ts:65:5 ÔÇ║ Tours Management ÔÇ║ should create a new tour with all fields
>> GET http://localhost:5173/src/index.css?t=1764018788726

[1A[2KPAGE LOG: [vite] hot updated: /src/index.css

[1A[2K[chromium] ÔÇ║ src\__tests__\e2e\tours.spec.ts:65:5 ÔÇ║ Tours Management ÔÇ║ should create a new tour with all fields
>> GET https://fonts.googleapis.com/css2?family=Outfit:wght@300;400;500;600;700&display=swap

[1A[2KPAGE LOG: [vite] hot updated: /src/index.css

[1A[2K>> GET http://localhost:5173/src/index.css?t=1764018788874

[1A[2K[firefox] ÔÇ║ src\__tests__\e2e\tours.spec.ts:65:5 ÔÇ║ Tours Management ÔÇ║ should create a new tour with all fields
>> GET http://localhost:5173/src/index.css?t=1764018788798

[1A[2K[webkit] ÔÇ║ src\__tests__\e2e\tours.spec.ts:65:5 ÔÇ║ Tours Management ÔÇ║ should create a new tour with all fields
>> GET https://fonts.googleapis.com/css2?family=Outfit:wght@300;400;500;600;700&display=swap

[1A[2KPAGE LOG: [vite] hot updated: /src/index.css

[1A[2K>> GET http://localhost:5173/src/index.css?t=1764018788726

[1A[2K[chromium] ÔÇ║ src\__tests__\e2e\tours.spec.ts:65:5 ÔÇ║ Tours Management ÔÇ║ should create a new tour with all fields
PAGE LOG: [vite] hot updated: /src/index.css

[1A[2K[firefox] ÔÇ║ src\__tests__\e2e\tours.spec.ts:65:5 ÔÇ║ Tours Management ÔÇ║ should create a new tour with all fields
PAGE LOG: [vite] hot updated: /src/index.css

[1A[2K[webkit] ÔÇ║ src\__tests__\e2e\tours.spec.ts:65:5 ÔÇ║ Tours Management ÔÇ║ should create a new tour with all fields
>> GET https://fonts.googleapis.com/css2?family=Outfit:wght@300;400;500;600;700&display=swap

[1A[2KPAGE LOG: [vite] hot updated: /src/index.css

[1A[2K>> GET http://localhost:5173/src/index.css?t=1764018788798

[1A[2K[firefox] ÔÇ║ src\__tests__\e2e\tours.spec.ts:65:5 ÔÇ║ Tours Management ÔÇ║ should create a new tour with all fields
>> GET http://localhost:5173/src/index.css?t=1764018788874

[1A[2K[chromium] ÔÇ║ src\__tests__\e2e\tours.spec.ts:65:5 ÔÇ║ Tours Management ÔÇ║ should create a new tour with all fields
>> GET http://localhost:5173/src/index.css?t=1764018788989

[1A[2K[firefox] ÔÇ║ src\__tests__\e2e\tours.spec.ts:65:5 ÔÇ║ Tours Management ÔÇ║ should create a new tour with all fields
PAGE LOG: [vite] hot updated: /src/index.css

[1A[2K[chromium] ÔÇ║ src\__tests__\e2e\tours.spec.ts:65:5 ÔÇ║ Tours Management ÔÇ║ should create a new tour with all fields
>> GET https://fonts.googleapis.com/css2?family=Outfit:wght@300;400;500;600;700&display=swap

[1A[2KPAGE LOG: [vite] hot updated: /src/index.css

[1A[2K>> GET http://localhost:5173/src/index.css?t=1764018789088

[1A[2K[firefox] ÔÇ║ src\__tests__\e2e\tours.spec.ts:65:5 ÔÇ║ Tours Management ÔÇ║ should create a new tour with all fields
>> GET http://localhost:5173/src/index.css?t=1764018788989

[1A[2K[webkit] ÔÇ║ src\__tests__\e2e\tours.spec.ts:65:5 ÔÇ║ Tours Management ÔÇ║ should create a new tour with all fields
>> GET https://fonts.googleapis.com/css2?family=Outfit:wght@300;400;500;600;700&display=swap

[1A[2KPAGE LOG: [vite] hot updated: /src/index.css

[1A[2K>> GET http://localhost:5173/src/index.css?t=1764018788874

[1A[2K[firefox] ÔÇ║ src\__tests__\e2e\tours.spec.ts:65:5 ÔÇ║ Tours Management ÔÇ║ should create a new tour with all fields
PAGE LOG: [vite] hot updated: /src/index.css

[1A[2K[webkit] ÔÇ║ src\__tests__\e2e\tours.spec.ts:65:5 ÔÇ║ Tours Management ÔÇ║ should create a new tour with all fields
>> GET https://fonts.googleapis.com/css2?family=Outfit:wght@300;400;500;600;700&display=swap

[1A[2KPAGE LOG: [vite] hot updated: /src/index.css

[1A[2K>> GET http://localhost:5173/src/index.css?t=1764018788989

[1A[2K[firefox] ÔÇ║ src\__tests__\e2e\tours.spec.ts:65:5 ÔÇ║ Tours Management ÔÇ║ should create a new tour with all fields
>> GET http://localhost:5173/src/index.css?t=1764018789088

[1A[2K[chromium] ÔÇ║ src\__tests__\e2e\tours.spec.ts:65:5 ÔÇ║ Tours Management ÔÇ║ should create a new tour with all fields
PAGE LOG: [vite] hot updated: /src/index.css

[1A[2K>> GET https://fonts.googleapis.com/css2?family=Outfit:wght@300;400;500;600;700&display=swap

[1A[2K>> GET http://localhost:5173/src/index.css?t=1764018789160

[1A[2K[webkit] ÔÇ║ src\__tests__\e2e\tours.spec.ts:65:5 ÔÇ║ Tours Management ÔÇ║ should create a new tour with all fields
>> GET https://fonts.googleapis.com/css2?family=Outfit:wght@300;400;500;600;700&display=swap

[1A[2KPAGE LOG: [vite] hot updated: /src/index.css

[1A[2K>> GET http://localhost:5173/src/index.css?t=1764018789088

[1A[2K[firefox] ÔÇ║ src\__tests__\e2e\tours.spec.ts:65:5 ÔÇ║ Tours Management ÔÇ║ should create a new tour with all fields
PAGE LOG: [vite] hot updated: /src/index.css

[1A[2K[chromium] ÔÇ║ src\__tests__\e2e\tours.spec.ts:65:5 ÔÇ║ Tours Management ÔÇ║ should create a new tour with all fields
>> GET https://fonts.googleapis.com/css2?family=Outfit:wght@300;400;500;600;700&display=swap

[1A[2KPAGE LOG: [vite] hot updated: /src/index.css

[1A[2K[firefox] ÔÇ║ src\__tests__\e2e\tours.spec.ts:65:5 ÔÇ║ Tours Management ÔÇ║ should create a new tour with all fields
>> GET http://localhost:5173/src/index.css?t=1764018789160

[1A[2K[chromium] ÔÇ║ src\__tests__\e2e\tours.spec.ts:65:5 ÔÇ║ Tours Management ÔÇ║ should create a new tour with all fields
>> GET http://localhost:5173/src/index.css?t=1764018789271

[1A[2K[webkit] ÔÇ║ src\__tests__\e2e\tours.spec.ts:65:5 ÔÇ║ Tours Management ÔÇ║ should create a new tour with all fields
>> GET https://fonts.googleapis.com/css2?family=Outfit:wght@300;400;500;600;700&display=swap

[1A[2KPAGE LOG: [vite] hot updated: /src/index.css

[1A[2K>> GET http://localhost:5173/src/index.css?t=1764018789160

[1A[2K>> GET https://fonts.googleapis.com/css2?family=Outfit:wght@300;400;500;600;700&display=swap

[1A[2KPAGE LOG: [vite] hot updated: /src/index.css

[1A[2K>> GET http://localhost:5173/src/index.css?t=1764018789271

[1A[2K[firefox] ÔÇ║ src\__tests__\e2e\tours.spec.ts:65:5 ÔÇ║ Tours Management ÔÇ║ should create a new tour with all fields
PAGE LOG: [vite] hot updated: /src/index.css

[1A[2K>> GET http://localhost:5173/src/index.css?t=1764018789271

[1A[2K[chromium] ÔÇ║ src\__tests__\e2e\tours.spec.ts:65:5 ÔÇ║ Tours Management ÔÇ║ should create a new tour with all fields
>> GET https://fonts.googleapis.com/css2?family=Outfit:wght@300;400;500;600;700&display=swap

[1A[2KPAGE LOG: [vite] hot updated: /src/index.css

[1A[2K>> GET http://localhost:5173/src/index.css?t=1764018789350

[1A[2K[firefox] ÔÇ║ src\__tests__\e2e\tours.spec.ts:65:5 ÔÇ║ Tours Management ÔÇ║ should create a new tour with all fields
PAGE LOG: [vite] hot updated: /src/index.css

[1A[2K[chromium] ÔÇ║ src\__tests__\e2e\tours.spec.ts:65:5 ÔÇ║ Tours Management ÔÇ║ should create a new tour with all fields
PAGE LOG: [vite] hot updated: /src/index.css

[1A[2K[webkit] ÔÇ║ src\__tests__\e2e\tours.spec.ts:65:5 ÔÇ║ Tours Management ÔÇ║ should create a new tour with all fields
>> GET https://fonts.googleapis.com/css2?family=Outfit:wght@300;400;500;600;700&display=swap

[1A[2KPAGE LOG: [vite] hot updated: /src/index.css

[1A[2K>> GET http://localhost:5173/src/index.css?t=1764018789350

[1A[2K[firefox] ÔÇ║ src\__tests__\e2e\tours.spec.ts:65:5 ÔÇ║ Tours Management ÔÇ║ should create a new tour with all fields
>> GET http://localhost:5173/src/index.css?t=1764018789350

[1A[2K[chromium] ÔÇ║ src\__tests__\e2e\tours.spec.ts:65:5 ÔÇ║ Tours Management ÔÇ║ should create a new tour with all fields
>> GET http://localhost:5173/src/index.css?t=1764018789445

[1A[2K[firefox] ÔÇ║ src\__tests__\e2e\tours.spec.ts:65:5 ÔÇ║ Tours Management ÔÇ║ should create a new tour with all fields
PAGE LOG: [vite] hot updated: /src/index.css

[1A[2K[webkit] ÔÇ║ src\__tests__\e2e\tours.spec.ts:65:5 ÔÇ║ Tours Management ÔÇ║ should create a new tour with all fields
>> GET https://fonts.googleapis.com/css2?family=Outfit:wght@300;400;500;600;700&display=swap

[1A[2K[chromium] ÔÇ║ src\__tests__\e2e\tours.spec.ts:65:5 ÔÇ║ Tours Management ÔÇ║ should create a new tour with all fields
>> GET https://fonts.googleapis.com/css2?family=Outfit:wght@300;400;500;600;700&display=swap

[1A[2KPAGE LOG: [vite] hot updated: /src/index.css

[1A[2K[webkit] ÔÇ║ src\__tests__\e2e\tours.spec.ts:65:5 ÔÇ║ Tours Management ÔÇ║ should create a new tour with all fields
PAGE LOG: [vite] hot updated: /src/index.css

[1A[2K>> GET http://localhost:5173/src/index.css?t=1764018789445

[1A[2K[firefox] ÔÇ║ src\__tests__\e2e\tours.spec.ts:65:5 ÔÇ║ Tours Management ÔÇ║ should create a new tour with all fields
>> GET http://localhost:5173/src/index.css?t=1764018789445

[1A[2K[chromium] ÔÇ║ src\__tests__\e2e\tours.spec.ts:65:5 ÔÇ║ Tours Management ÔÇ║ should create a new tour with all fields
>> GET http://localhost:5173/src/index.css?t=1764018789534

[1A[2K[firefox] ÔÇ║ src\__tests__\e2e\tours.spec.ts:65:5 ÔÇ║ Tours Management ÔÇ║ should create a new tour with all fields
PAGE LOG: [vite] hot updated: /src/index.css

[1A[2K[chromium] ÔÇ║ src\__tests__\e2e\tours.spec.ts:65:5 ÔÇ║ Tours Management ÔÇ║ should create a new tour with all fields
PAGE LOG: [vite] hot updated: /src/index.css

[1A[2K>> GET https://fonts.googleapis.com/css2?family=Outfit:wght@300;400;500;600;700&display=swap

[1A[2K>> GET http://localhost:5173/src/index.css?t=1764018789628

[1A[2K[webkit] ÔÇ║ src\__tests__\e2e\tours.spec.ts:65:5 ÔÇ║ Tours Management ÔÇ║ should create a new tour with all fields
>> GET https://fonts.googleapis.com/css2?family=Outfit:wght@300;400;500;600;700&display=swap

[1A[2KPAGE LOG: [vite] hot updated: /src/index.css

[1A[2K>> GET http://localhost:5173/src/index.css?t=1764018789534

[1A[2K[firefox] ÔÇ║ src\__tests__\e2e\tours.spec.ts:65:5 ÔÇ║ Tours Management ÔÇ║ should create a new tour with all fields
>> GET http://localhost:5173/src/index.css?t=1764018789534

[1A[2K[webkit] ÔÇ║ src\__tests__\e2e\tours.spec.ts:65:5 ÔÇ║ Tours Management ÔÇ║ should create a new tour with all fields
>> GET https://fonts.googleapis.com/css2?family=Outfit:wght@300;400;500;600;700&display=swap

[1A[2KPAGE LOG: [vite] hot updated: /src/index.css

[1A[2K[firefox] ÔÇ║ src\__tests__\e2e\tours.spec.ts:65:5 ÔÇ║ Tours Management ÔÇ║ should create a new tour with all fields
PAGE LOG: [vite] hot updated: /src/index.css

[1A[2K[webkit] ÔÇ║ src\__tests__\e2e\tours.spec.ts:65:5 ÔÇ║ Tours Management ÔÇ║ should create a new tour with all fields
>> GET http://localhost:5173/src/index.css?t=1764018789628

[1A[2K[chromium] ÔÇ║ src\__tests__\e2e\tours.spec.ts:65:5 ÔÇ║ Tours Management ÔÇ║ should create a new tour with all fields
>> GET https://fonts.googleapis.com/css2?family=Outfit:wght@300;400;500;600;700&display=swap

[1A[2KPAGE LOG: [vite] hot updated: /src/index.css

[1A[2K[firefox] ÔÇ║ src\__tests__\e2e\tours.spec.ts:65:5 ÔÇ║ Tours Management ÔÇ║ should create a new tour with all fields
>> GET http://localhost:5173/src/index.css?t=1764018789628

[1A[2K[webkit] ÔÇ║ src\__tests__\e2e\tours.spec.ts:65:5 ÔÇ║ Tours Management ÔÇ║ should create a new tour with all fields
>> GET https://fonts.googleapis.com/css2?family=Outfit:wght@300;400;500;600;700&display=swap

[1A[2KPAGE LOG: [vite] hot updated: /src/index.css

[1A[2K>> GET http://localhost:5173/src/index.css?t=1764018789754

[1A[2K[chromium] ÔÇ║ src\__tests__\e2e\tours.spec.ts:65:5 ÔÇ║ Tours Management ÔÇ║ should create a new tour with all fields
>> GET http://localhost:5173/src/index.css?t=1764018789754

[1A[2K>> GET https://fonts.googleapis.com/css2?family=Outfit:wght@300;400;500;600;700&display=swap

[1A[2KPAGE LOG: [vite] hot updated: /src/index.css

[1A[2K[firefox] ÔÇ║ src\__tests__\e2e\tours.spec.ts:65:5 ÔÇ║ Tours Management ÔÇ║ should create a new tour with all fields
PAGE LOG: [vite] hot updated: /src/index.css

[1A[2K>> GET http://localhost:5173/src/index.css?t=1764018789754

[1A[2K[chromium] ÔÇ║ src\__tests__\e2e\tours.spec.ts:65:5 ÔÇ║ Tours Management ÔÇ║ should create a new tour with all fields
>> GET http://localhost:5173/src/index.css?t=1764018790020

[1A[2K[webkit] ÔÇ║ src\__tests__\e2e\tours.spec.ts:65:5 ÔÇ║ Tours Management ÔÇ║ should create a new tour with all fields
>> GET https://fonts.googleapis.com/css2?family=Outfit:wght@300;400;500;600;700&display=swap

[1A[2KPAGE LOG: [vite] hot updated: /src/index.css

[1A[2K>> GET http://localhost:5173/src/index.css?t=1764018790020

[1A[2K[firefox] ÔÇ║ src\__tests__\e2e\tours.spec.ts:65:5 ÔÇ║ Tours Management ÔÇ║ should create a new tour with all fields
PAGE LOG: [vite] hot updated: /src/index.css

[1A[2K[chromium] ÔÇ║ src\__tests__\e2e\tours.spec.ts:65:5 ÔÇ║ Tours Management ÔÇ║ should create a new tour with all fields
>> GET https://fonts.googleapis.com/css2?family=Outfit:wght@300;400;500;600;700&display=swap

[1A[2KPAGE LOG: [vite] hot updated: /src/index.css

[1A[2K>> GET http://localhost:5173/src/index.css?t=1764018790127

[1A[2K[firefox] ÔÇ║ src\__tests__\e2e\tours.spec.ts:65:5 ÔÇ║ Tours Management ÔÇ║ should create a new tour with all fields
>> GET http://localhost:5173/src/index.css?t=1764018790020

[1A[2K[webkit] ÔÇ║ src\__tests__\e2e\tours.spec.ts:65:5 ÔÇ║ Tours Management ÔÇ║ should create a new tour with all fields
>> GET https://fonts.googleapis.com/css2?family=Outfit:wght@300;400;500;600;700&display=swap

[1A[2KPAGE LOG: [vite] hot updated: /src/index.css

[1A[2K>> GET http://localhost:5173/src/index.css?t=1764018790127

[1A[2K[firefox] ÔÇ║ src\__tests__\e2e\tours.spec.ts:65:5 ÔÇ║ Tours Management ÔÇ║ should create a new tour with all fields
PAGE LOG: [vite] hot updated: /src/index.css

[1A[2K[chromium] ÔÇ║ src\__tests__\e2e\tours.spec.ts:65:5 ÔÇ║ Tours Management ÔÇ║ should create a new tour with all fields
>> GET https://fonts.googleapis.com/css2?family=Outfit:wght@300;400;500;600;700&display=swap

[1A[2KPAGE LOG: [vite] hot updated: /src/index.css

[1A[2K>> GET http://localhost:5173/src/index.css?t=1764018790223

[1A[2K[firefox] ÔÇ║ src\__tests__\e2e\tours.spec.ts:65:5 ÔÇ║ Tours Management ÔÇ║ should create a new tour with all fields
>> GET http://localhost:5173/src/index.css?t=1764018790127

[1A[2K[webkit] ÔÇ║ src\__tests__\e2e\tours.spec.ts:65:5 ÔÇ║ Tours Management ÔÇ║ should create a new tour with all fields
>> GET https://fonts.googleapis.com/css2?family=Outfit:wght@300;400;500;600;700&display=swap

[1A[2KPAGE LOG: [vite] hot updated: /src/index.css

[1A[2K>> GET http://localhost:5173/src/index.css?t=1764018790223

[1A[2K[firefox] ÔÇ║ src\__tests__\e2e\tours.spec.ts:65:5 ÔÇ║ Tours Management ÔÇ║ should create a new tour with all fields
PAGE LOG: [vite] hot updated: /src/index.css

[1A[2K[chromium] ÔÇ║ src\__tests__\e2e\tours.spec.ts:65:5 ÔÇ║ Tours Management ÔÇ║ should create a new tour with all fields
PAGE LOG: [vite] hot updated: /src/index.css

[1A[2K>> GET http://localhost:5173/src/index.css?t=1764018790299

[1A[2K[webkit] ÔÇ║ src\__tests__\e2e\tours.spec.ts:65:5 ÔÇ║ Tours Management ÔÇ║ should create a new tour with all fields
>> GET https://fonts.googleapis.com/css2?family=Outfit:wght@300;400;500;600;700&display=swap

[1A[2KPAGE LOG: [vite] hot updated: /src/index.css

[1A[2K>> GET http://localhost:5173/src/index.css?t=1764018790299

[1A[2K[firefox] ÔÇ║ src\__tests__\e2e\tours.spec.ts:65:5 ÔÇ║ Tours Management ÔÇ║ should create a new tour with all fields
>> GET http://localhost:5173/src/index.css?t=1764018790223

[1A[2K[webkit] ÔÇ║ src\__tests__\e2e\tours.spec.ts:65:5 ÔÇ║ Tours Management ÔÇ║ should create a new tour with all fields
>> GET https://fonts.googleapis.com/css2?family=Outfit:wght@300;400;500;600;700&display=swap

[1A[2KPAGE LOG: [vite] hot updated: /src/index.css

[1A[2K[firefox] ÔÇ║ src\__tests__\e2e\tours.spec.ts:65:5 ÔÇ║ Tours Management ÔÇ║ should create a new tour with all fields
PAGE LOG: [vite] hot updated: /src/index.css

[1A[2K>> GET http://localhost:5173/src/index.css?t=1764018790299

[1A[2K[chromium] ÔÇ║ src\__tests__\e2e\tours.spec.ts:65:5 ÔÇ║ Tours Management ÔÇ║ should create a new tour with all fields
>> GET https://fonts.googleapis.com/css2?family=Outfit:wght@300;400;500;600;700&display=swap

[1A[2KPAGE LOG: [vite] hot updated: /src/index.css

[1A[2K>> GET http://localhost:5173/src/index.css?t=1764018790395

[1A[2K[webkit] ÔÇ║ src\__tests__\e2e\tours.spec.ts:65:5 ÔÇ║ Tours Management ÔÇ║ should create a new tour with all fields
>> GET http://localhost:5173/src/index.css?t=1764018790395

[1A[2K>> GET https://fonts.googleapis.com/css2?family=Outfit:wght@300;400;500;600;700&display=swap

[1A[2KPAGE LOG: [vite] hot updated: /src/index.css

[1A[2K[chromium] ÔÇ║ src\__tests__\e2e\tours.spec.ts:65:5 ÔÇ║ Tours Management ÔÇ║ should create a new tour with all fields
PAGE LOG: [vite] hot updated: /src/index.css

[1A[2K[firefox] ÔÇ║ src\__tests__\e2e\tours.spec.ts:65:5 ÔÇ║ Tours Management ÔÇ║ should create a new tour with all fields
PAGE LOG: [vite] hot updated: /src/index.css

[1A[2K[chromium] ÔÇ║ src\__tests__\e2e\tours.spec.ts:65:5 ÔÇ║ Tours Management ÔÇ║ should create a new tour with all fields
>> GET http://localhost:5173/src/index.css?t=1764018790484

[1A[2K[firefox] ÔÇ║ src\__tests__\e2e\tours.spec.ts:65:5 ÔÇ║ Tours Management ÔÇ║ should create a new tour with all fields
>> GET http://localhost:5173/src/index.css?t=1764018790395

[1A[2K[webkit] ÔÇ║ src\__tests__\e2e\tours.spec.ts:65:5 ÔÇ║ Tours Management ÔÇ║ should create a new tour with all fields
>> GET http://localhost:5173/src/index.css?t=1764018790484

[1A[2K[chromium] ÔÇ║ src\__tests__\e2e\tours.spec.ts:65:5 ÔÇ║ Tours Management ÔÇ║ should create a new tour with all fields
PAGE LOG: [vite] hot updated: /src/index.css

[1A[2K[firefox] ÔÇ║ src\__tests__\e2e\tours.spec.ts:65:5 ÔÇ║ Tours Management ÔÇ║ should create a new tour with all fields
PAGE LOG: [vite] hot updated: /src/index.css

[1A[2K[chromium] ÔÇ║ src\__tests__\e2e\tours.spec.ts:65:5 ÔÇ║ Tours Management ÔÇ║ should create a new tour with all fields
>> GET https://fonts.googleapis.com/css2?family=Outfit:wght@300;400;500;600;700&display=swap

[1A[2K[firefox] ÔÇ║ src\__tests__\e2e\tours.spec.ts:65:5 ÔÇ║ Tours Management ÔÇ║ should create a new tour with all fields
>> GET http://localhost:5173/src/index.css?t=1764018790484

[1A[2K[chromium] ÔÇ║ src\__tests__\e2e\tours.spec.ts:65:5 ÔÇ║ Tours Management ÔÇ║ should create a new tour with all fields
>> GET http://localhost:5173/src/index.css?t=1764018790582

[1A[2K[webkit] ÔÇ║ src\__tests__\e2e\tours.spec.ts:65:5 ÔÇ║ Tours Management ÔÇ║ should create a new tour with all fields
>> GET https://fonts.googleapis.com/css2?family=Outfit:wght@300;400;500;600;700&display=swap

[1A[2KPAGE LOG: [vite] hot updated: /src/index.css

[1A[2K>> GET http://localhost:5173/src/index.css?t=1764018790582

[1A[2K[firefox] ÔÇ║ src\__tests__\e2e\tours.spec.ts:65:5 ÔÇ║ Tours Management ÔÇ║ should create a new tour with all fields
PAGE LOG: [vite] hot updated: /src/index.css

[1A[2K[chromium] ÔÇ║ src\__tests__\e2e\tours.spec.ts:65:5 ÔÇ║ Tours Management ÔÇ║ should create a new tour with all fields
>> GET https://fonts.googleapis.com/css2?family=Outfit:wght@300;400;500;600;700&display=swap

[1A[2KPAGE LOG: [vite] hot updated: /src/index.css

[1A[2K>> GET http://localhost:5173/src/index.css?t=1764018790665

[1A[2K[firefox] ÔÇ║ src\__tests__\e2e\tours.spec.ts:65:5 ÔÇ║ Tours Management ÔÇ║ should create a new tour with all fields
>> GET http://localhost:5173/src/index.css?t=1764018790582

[1A[2KPAGE LOG: [vite] hot updated: /src/index.css

[1A[2K[chromium] ÔÇ║ src\__tests__\e2e\tours.spec.ts:65:5 ÔÇ║ Tours Management ÔÇ║ should create a new tour with all fields
PAGE LOG: [vite] hot updated: /src/index.css

[1A[2K>> GET http://localhost:5173/src/index.css?t=1764018790740

[1A[2K[firefox] ÔÇ║ src\__tests__\e2e\tours.spec.ts:65:5 ÔÇ║ Tours Management ÔÇ║ should create a new tour with all fields
>> GET http://localhost:5173/src/index.css?t=1764018790665

[1A[2K[webkit] ÔÇ║ src\__tests__\e2e\tours.spec.ts:65:5 ÔÇ║ Tours Management ÔÇ║ should create a new tour with all fields
>> GET https://fonts.googleapis.com/css2?family=Outfit:wght@300;400;500;600;700&display=swap

[1A[2KPAGE LOG: [vite] hot updated: /src/index.css

[1A[2K>> GET http://localhost:5173/src/index.css?t=1764018790665

[1A[2K[firefox] ÔÇ║ src\__tests__\e2e\tours.spec.ts:65:5 ÔÇ║ Tours Management ÔÇ║ should create a new tour with all fields
PAGE LOG: [vite] hot updated: /src/index.css

[1A[2K[chromium] ÔÇ║ src\__tests__\e2e\tours.spec.ts:65:5 ÔÇ║ Tours Management ÔÇ║ should create a new tour with all fields
>> GET https://fonts.googleapis.com/css2?family=Outfit:wght@300;400;500;600;700&display=swap

[1A[2KPAGE LOG: [vite] hot updated: /src/index.css

[1A[2K[webkit] ÔÇ║ src\__tests__\e2e\tours.spec.ts:65:5 ÔÇ║ Tours Management ÔÇ║ should create a new tour with all fields
>> GET https://fonts.googleapis.com/css2?family=Outfit:wght@300;400;500;600;700&display=swap

[1A[2K[chromium] ÔÇ║ src\__tests__\e2e\tours.spec.ts:65:5 ÔÇ║ Tours Management ÔÇ║ should create a new tour with all fields
>> GET http://localhost:5173/src/index.css?t=1764018790829

[1A[2K[webkit] ÔÇ║ src\__tests__\e2e\tours.spec.ts:65:5 ÔÇ║ Tours Management ÔÇ║ should create a new tour with all fields
PAGE LOG: [vite] hot updated: /src/index.css

[1A[2K[firefox] ÔÇ║ src\__tests__\e2e\tours.spec.ts:65:5 ÔÇ║ Tours Management ÔÇ║ should create a new tour with all fields
>> GET http://localhost:5173/src/index.css?t=1764018790740

[1A[2K[webkit] ÔÇ║ src\__tests__\e2e\tours.spec.ts:65:5 ÔÇ║ Tours Management ÔÇ║ should create a new tour with all fields
>> GET http://localhost:5173/src/index.css?t=1764018790740

[1A[2K[firefox] ÔÇ║ src\__tests__\e2e\tours.spec.ts:65:5 ÔÇ║ Tours Management ÔÇ║ should create a new tour with all fields
PAGE LOG: [vite] hot updated: /src/index.css

[1A[2K[chromium] ÔÇ║ src\__tests__\e2e\tours.spec.ts:65:5 ÔÇ║ Tours Management ÔÇ║ should create a new tour with all fields
PAGE LOG: [vite] hot updated: /src/index.css

[1A[2K>> GET http://localhost:5173/src/index.css?t=1764018790939

[1A[2K[firefox] ÔÇ║ src\__tests__\e2e\tours.spec.ts:65:5 ÔÇ║ Tours Management ÔÇ║ should create a new tour with all fields
>> GET http://localhost:5173/src/index.css?t=1764018790829

[1A[2K[webkit] ÔÇ║ src\__tests__\e2e\tours.spec.ts:65:5 ÔÇ║ Tours Management ÔÇ║ should create a new tour with all fields
>> GET https://fonts.googleapis.com/css2?family=Outfit:wght@300;400;500;600;700&display=swap

[1A[2KPAGE LOG: [vite] hot updated: /src/index.css

[1A[2K>> GET http://localhost:5173/src/index.css?t=1764018790829

[1A[2K[firefox] ÔÇ║ src\__tests__\e2e\tours.spec.ts:65:5 ÔÇ║ Tours Management ÔÇ║ should create a new tour with all fields
PAGE LOG: [vite] hot updated: /src/index.css

[1A[2K[webkit] ÔÇ║ src\__tests__\e2e\tours.spec.ts:65:5 ÔÇ║ Tours Management ÔÇ║ should create a new tour with all fields
>> GET https://fonts.googleapis.com/css2?family=Outfit:wght@300;400;500;600;700&display=swap

[1A[2KPAGE LOG: [vite] hot updated: /src/index.css

[1A[2K>> GET http://localhost:5173/src/index.css?t=1764018790939

[1A[2K[firefox] ÔÇ║ src\__tests__\e2e\tours.spec.ts:65:5 ÔÇ║ Tours Management ÔÇ║ should create a new tour with all fields
>> GET http://localhost:5173/src/index.css?t=1764018790939

[1A[2K[chromium] ÔÇ║ src\__tests__\e2e\tours.spec.ts:65:5 ÔÇ║ Tours Management ÔÇ║ should create a new tour with all fields
PAGE LOG: [vite] hot updated: /src/index.css

[1A[2K>> GET https://fonts.googleapis.com/css2?family=Outfit:wght@300;400;500;600;700&display=swap

[1A[2K>> GET http://localhost:5173/src/index.css?t=1764018791021

[1A[2K[firefox] ÔÇ║ src\__tests__\e2e\tours.spec.ts:65:5 ÔÇ║ Tours Management ÔÇ║ should create a new tour with all fields
PAGE LOG: [vite] hot updated: /src/index.css

[1A[2K>> GET http://localhost:5173/src/index.css?t=1764018791021

[1A[2K[chromium] ÔÇ║ src\__tests__\e2e\tours.spec.ts:65:5 ÔÇ║ Tours Management ÔÇ║ should create a new tour with all fields
PAGE LOG: [vite] hot updated: /src/index.css

[1A[2K>> GET http://localhost:5173/src/index.css?t=1764018791131

[1A[2K[webkit] ÔÇ║ src\__tests__\e2e\tours.spec.ts:65:5 ÔÇ║ Tours Management ÔÇ║ should create a new tour with all fields
>> GET https://fonts.googleapis.com/css2?family=Outfit:wght@300;400;500;600;700&display=swap

[1A[2KPAGE LOG: [vite] hot updated: /src/index.css

[1A[2K>> GET http://localhost:5173/src/index.css?t=1764018791021

[1A[2K[firefox] ÔÇ║ src\__tests__\e2e\tours.spec.ts:65:5 ÔÇ║ Tours Management ÔÇ║ should create a new tour with all fields
PAGE LOG: [vite] hot updated: /src/index.css

[1A[2K[chromium] ÔÇ║ src\__tests__\e2e\tours.spec.ts:65:5 ÔÇ║ Tours Management ÔÇ║ should create a new tour with all fields
>> GET https://fonts.googleapis.com/css2?family=Outfit:wght@300;400;500;600;700&display=swap

[1A[2KPAGE LOG: [vite] hot updated: /src/index.css

[1A[2K>> GET http://localhost:5173/src/index.css?t=1764018791207

[1A[2K[webkit] ÔÇ║ src\__tests__\e2e\tours.spec.ts:65:5 ÔÇ║ Tours Management ÔÇ║ should create a new tour with all fields
>> GET https://fonts.googleapis.com/css2?family=Outfit:wght@300;400;500;600;700&display=swap

[1A[2KPAGE LOG: [vite] hot updated: /src/index.css

[1A[2K>> GET http://localhost:5173/src/index.css?t=1764018791131

[1A[2K[firefox] ÔÇ║ src\__tests__\e2e\tours.spec.ts:65:5 ÔÇ║ Tours Management ÔÇ║ should create a new tour with all fields
>> GET http://localhost:5173/src/index.css?t=1764018791131

[1A[2KPAGE LOG: [vite] hot updated: /src/index.css

[1A[2K[chromium] ÔÇ║ src\__tests__\e2e\tours.spec.ts:65:5 ÔÇ║ Tours Management ÔÇ║ should create a new tour with all fields
PAGE LOG: [vite] hot updated: /src/index.css

[1A[2K[webkit] ÔÇ║ src\__tests__\e2e\tours.spec.ts:65:5 ÔÇ║ Tours Management ÔÇ║ should create a new tour with all fields
>> GET https://fonts.googleapis.com/css2?family=Outfit:wght@300;400;500;600;700&display=swap

[1A[2KPAGE LOG: [vite] hot updated: /src/index.css

[1A[2K>> GET http://localhost:5173/src/index.css?t=1764018791207

[1A[2K[firefox] ÔÇ║ src\__tests__\e2e\tours.spec.ts:65:5 ÔÇ║ Tours Management ÔÇ║ should create a new tour with all fields
>> GET http://localhost:5173/src/index.css?t=1764018791207

[1A[2K[chromium] ÔÇ║ src\__tests__\e2e\tours.spec.ts:65:5 ÔÇ║ Tours Management ÔÇ║ should create a new tour with all fields
>> GET http://localhost:5173/src/index.css?t=1764018791311

[1A[2K[firefox] ÔÇ║ src\__tests__\e2e\tours.spec.ts:65:5 ÔÇ║ Tours Management ÔÇ║ should create a new tour with all fields
PAGE LOG: [vite] hot updated: /src/index.css

[1A[2K[chromium] ÔÇ║ src\__tests__\e2e\tours.spec.ts:65:5 ÔÇ║ Tours Management ÔÇ║ should create a new tour with all fields
PAGE LOG: [vite] hot updated: /src/index.css

[1A[2K>> GET https://fonts.googleapis.com/css2?family=Outfit:wght@300;400;500;600;700&display=swap

[1A[2K>> GET http://localhost:5173/src/index.css?t=1764018791415

[1A[2K[firefox] ÔÇ║ src\__tests__\e2e\tours.spec.ts:65:5 ÔÇ║ Tours Management ÔÇ║ should create a new tour with all fields
>> GET http://localhost:5173/src/index.css?t=1764018791311

[1A[2K[webkit] ÔÇ║ src\__tests__\e2e\tours.spec.ts:65:5 ÔÇ║ Tours Management ÔÇ║ should create a new tour with all fields
>> GET https://fonts.googleapis.com/css2?family=Outfit:wght@300;400;500;600;700&display=swap

[1A[2KPAGE LOG: [vite] hot updated: /src/index.css

[1A[2K>> GET http://localhost:5173/src/index.css?t=1764018791311

[1A[2K[firefox] ÔÇ║ src\__tests__\e2e\tours.spec.ts:65:5 ÔÇ║ Tours Management ÔÇ║ should create a new tour with all fields
PAGE LOG: [vite] hot updated: /src/index.css

[1A[2K[webkit] ÔÇ║ src\__tests__\e2e\tours.spec.ts:65:5 ÔÇ║ Tours Management ÔÇ║ should create a new tour with all fields
>> GET https://fonts.googleapis.com/css2?family=Outfit:wght@300;400;500;600;700&display=swap

[1A[2K[chromium] ÔÇ║ src\__tests__\e2e\tours.spec.ts:65:5 ÔÇ║ Tours Management ÔÇ║ should create a new tour with all fields
>> GET https://fonts.googleapis.com/css2?family=Outfit:wght@300;400;500;600;700&display=swap

[1A[2KPAGE LOG: [vite] hot updated: /src/index.css

[1A[2K>> GET http://localhost:5173/src/index.css?t=1764018791505

[1A[2K[webkit] ÔÇ║ src\__tests__\e2e\tours.spec.ts:65:5 ÔÇ║ Tours Management ÔÇ║ should create a new tour with all fields
PAGE LOG: [vite] hot updated: /src/index.css

[1A[2K[firefox] ÔÇ║ src\__tests__\e2e\tours.spec.ts:65:5 ÔÇ║ Tours Management ÔÇ║ should create a new tour with all fields
>> GET http://localhost:5173/src/index.css?t=1764018791415

[1A[2K[webkit] ÔÇ║ src\__tests__\e2e\tours.spec.ts:65:5 ÔÇ║ Tours Management ÔÇ║ should create a new tour with all fields
>> GET http://localhost:5173/src/index.css?t=1764018791415

[1A[2K>> GET https://fonts.googleapis.com/css2?family=Outfit:wght@300;400;500;600;700&display=swap

[1A[2KPAGE LOG: [vite] hot updated: /src/index.css

[1A[2K[chromium] ÔÇ║ src\__tests__\e2e\tours.spec.ts:65:5 ÔÇ║ Tours Management ÔÇ║ should create a new tour with all fields
PAGE LOG: [vite] hot updated: /src/index.css

[1A[2K[webkit] ÔÇ║ src\__tests__\e2e\tours.spec.ts:65:5 ÔÇ║ Tours Management ÔÇ║ should create a new tour with all fields
>> GET http://localhost:5173/src/index.css?t=1764018791505

[1A[2K[firefox] ÔÇ║ src\__tests__\e2e\tours.spec.ts:65:5 ÔÇ║ Tours Management ÔÇ║ should create a new tour with all fields
PAGE LOG: [vite] hot updated: /src/index.css

[1A[2K>> GET http://localhost:5173/src/index.css?t=1764018791505

[1A[2K[chromium] ÔÇ║ src\__tests__\e2e\tours.spec.ts:65:5 ÔÇ║ Tours Management ÔÇ║ should create a new tour with all fields
>> GET http://localhost:5173/src/index.css?t=1764018791593

[1A[2K[webkit] ÔÇ║ src\__tests__\e2e\tours.spec.ts:65:5 ÔÇ║ Tours Management ÔÇ║ should create a new tour with all fields
>> GET https://fonts.googleapis.com/css2?family=Outfit:wght@300;400;500;600;700&display=swap

[1A[2KPAGE LOG: [vite] hot updated: /src/index.css

[1A[2K>> GET http://localhost:5173/src/index.css?t=1764018791593

[1A[2K>> GET https://fonts.googleapis.com/css2?family=Outfit:wght@300;400;500;600;700&display=swap

[1A[2KPAGE LOG: [vite] hot updated: /src/index.css

[1A[2K[firefox] ÔÇ║ src\__tests__\e2e\tours.spec.ts:65:5 ÔÇ║ Tours Management ÔÇ║ should create a new tour with all fields
PAGE LOG: [vite] hot updated: /src/index.css

[1A[2K[chromium] ÔÇ║ src\__tests__\e2e\tours.spec.ts:65:5 ÔÇ║ Tours Management ÔÇ║ should create a new tour with all fields
PAGE LOG: [vite] hot updated: /src/index.css

[1A[2K>> GET https://fonts.googleapis.com/css2?family=Outfit:wght@300;400;500;600;700&display=swap

[1A[2K>> GET http://localhost:5173/src/index.css?t=1764018791677

[1A[2K[firefox] ÔÇ║ src\__tests__\e2e\tours.spec.ts:65:5 ÔÇ║ Tours Management ÔÇ║ should create a new tour with all fields
>> GET http://localhost:5173/src/index.css?t=1764018791593

[1A[2K[webkit] ÔÇ║ src\__tests__\e2e\tours.spec.ts:65:5 ÔÇ║ Tours Management ÔÇ║ should create a new tour with all fields
>> GET http://localhost:5173/src/index.css?t=1764018791677

[1A[2K[firefox] ÔÇ║ src\__tests__\e2e\tours.spec.ts:65:5 ÔÇ║ Tours Management ÔÇ║ should create a new tour with all fields
PAGE LOG: [vite] hot updated: /src/index.css

[1A[2K[chromium] ÔÇ║ src\__tests__\e2e\tours.spec.ts:65:5 ÔÇ║ Tours Management ÔÇ║ should create a new tour with all fields
PAGE LOG: [vite] hot updated: /src/index.css

[1A[2K[firefox] ÔÇ║ src\__tests__\e2e\tours.spec.ts:65:5 ÔÇ║ Tours Management ÔÇ║ should create a new tour with all fields
>> GET http://localhost:5173/src/index.css?t=1764018791677

[1A[2K[webkit] ÔÇ║ src\__tests__\e2e\tours.spec.ts:65:5 ÔÇ║ Tours Management ÔÇ║ should create a new tour with all fields
>> GET https://fonts.googleapis.com/css2?family=Outfit:wght@300;400;500;600;700&display=swap

[1A[2KPAGE LOG: [vite] hot updated: /src/index.css

[1A[2K>> GET http://localhost:5173/src/index.css?t=1764018791745

[1A[2K[chromium] ÔÇ║ src\__tests__\e2e\tours.spec.ts:65:5 ÔÇ║ Tours Management ÔÇ║ should create a new tour with all fields
>> GET http://localhost:5173/src/index.css?t=1764018791745

[1A[2K[webkit] ÔÇ║ src\__tests__\e2e\tours.spec.ts:65:5 ÔÇ║ Tours Management ÔÇ║ should create a new tour with all fields
>> GET https://fonts.googleapis.com/css2?family=Outfit:wght@300;400;500;600;700&display=swap

[1A[2K[firefox] ÔÇ║ src\__tests__\e2e\tours.spec.ts:65:5 ÔÇ║ Tours Management ÔÇ║ should create a new tour with all fields
PAGE LOG: [vite] hot updated: /src/index.css

[1A[2K[chromium] ÔÇ║ src\__tests__\e2e\tours.spec.ts:65:5 ÔÇ║ Tours Management ÔÇ║ should create a new tour with all fields
>> GET https://fonts.googleapis.com/css2?family=Outfit:wght@300;400;500;600;700&display=swap

[1A[2K[webkit] ÔÇ║ src\__tests__\e2e\tours.spec.ts:65:5 ÔÇ║ Tours Management ÔÇ║ should create a new tour with all fields
PAGE LOG: [vite] hot updated: /src/index.css

[1A[2K[chromium] ÔÇ║ src\__tests__\e2e\tours.spec.ts:65:5 ÔÇ║ Tours Management ÔÇ║ should create a new tour with all fields
PAGE LOG: [vite] hot updated: /src/index.css

[1A[2K[firefox] ÔÇ║ src\__tests__\e2e\tours.spec.ts:65:5 ÔÇ║ Tours Management ÔÇ║ should create a new tour with all fields
>> GET http://localhost:5173/src/index.css?t=1764018791745

[1A[2K[chromium] ÔÇ║ src\__tests__\e2e\tours.spec.ts:65:5 ÔÇ║ Tours Management ÔÇ║ should create a new tour with all fields
>> GET http://localhost:5173/src/index.css?t=1764018791829

[1A[2K[webkit] ÔÇ║ src\__tests__\e2e\tours.spec.ts:65:5 ÔÇ║ Tours Management ÔÇ║ should create a new tour with all fields
>> GET http://localhost:5173/src/index.css?t=1764018791829

[1A[2K[firefox] ÔÇ║ src\__tests__\e2e\tours.spec.ts:65:5 ÔÇ║ Tours Management ÔÇ║ should create a new tour with all fields
PAGE LOG: [vite] hot updated: /src/index.css

[1A[2K[chromium] ÔÇ║ src\__tests__\e2e\tours.spec.ts:65:5 ÔÇ║ Tours Management ÔÇ║ should create a new tour with all fields
>> GET https://fonts.googleapis.com/css2?family=Outfit:wght@300;400;500;600;700&display=swap

[1A[2KPAGE LOG: [vite] hot updated: /src/index.css

[1A[2K[firefox] ÔÇ║ src\__tests__\e2e\tours.spec.ts:65:5 ÔÇ║ Tours Management ÔÇ║ should create a new tour with all fields
>> GET http://localhost:5173/src/index.css?t=1764018791829

[1A[2K[chromium] ÔÇ║ src\__tests__\e2e\tours.spec.ts:65:5 ÔÇ║ Tours Management ÔÇ║ should create a new tour with all fields
>> GET http://localhost:5173/src/index.css?t=1764018791920

[1A[2K[webkit] ÔÇ║ src\__tests__\e2e\tours.spec.ts:65:5 ÔÇ║ Tours Management ÔÇ║ should create a new tour with all fields
>> GET https://fonts.googleapis.com/css2?family=Outfit:wght@300;400;500;600;700&display=swap

[1A[2KPAGE LOG: [vite] hot updated: /src/index.css

[1A[2K>> GET http://localhost:5173/src/index.css?t=1764018791920

[1A[2K[chromium] ÔÇ║ src\__tests__\e2e\tours.spec.ts:65:5 ÔÇ║ Tours Management ÔÇ║ should create a new tour with all fields
>> GET https://fonts.googleapis.com/css2?family=Outfit:wght@300;400;500;600;700&display=swap

[1A[2KPAGE LOG: [vite] hot updated: /src/index.css

[1A[2K[firefox] ÔÇ║ src\__tests__\e2e\tours.spec.ts:65:5 ÔÇ║ Tours Management ÔÇ║ should create a new tour with all fields
PAGE LOG: [vite] hot updated: /src/index.css

[1A[2K[chromium] ÔÇ║ src\__tests__\e2e\tours.spec.ts:65:5 ÔÇ║ Tours Management ÔÇ║ should create a new tour with all fields
>> GET http://localhost:5173/src/index.css?t=1764018792047

[1A[2K[webkit] ÔÇ║ src\__tests__\e2e\tours.spec.ts:65:5 ÔÇ║ Tours Management ÔÇ║ should create a new tour with all fields
>> GET https://fonts.googleapis.com/css2?family=Outfit:wght@300;400;500;600;700&display=swap

[1A[2KPAGE LOG: [vite] hot updated: /src/index.css

[1A[2K[firefox] ÔÇ║ src\__tests__\e2e\tours.spec.ts:65:5 ÔÇ║ Tours Management ÔÇ║ should create a new tour with all fields
>> GET http://localhost:5173/src/index.css?t=1764018791920

[1A[2K[webkit] ÔÇ║ src\__tests__\e2e\tours.spec.ts:65:5 ÔÇ║ Tours Management ÔÇ║ should create a new tour with all fields
>> GET http://localhost:5173/src/index.css?t=1764018792047

[1A[2K[firefox] ÔÇ║ src\__tests__\e2e\tours.spec.ts:65:5 ÔÇ║ Tours Management ÔÇ║ should create a new tour with all fields
PAGE LOG: [vite] hot updated: /src/index.css

[1A[2K[chromium] ÔÇ║ src\__tests__\e2e\tours.spec.ts:65:5 ÔÇ║ Tours Management ÔÇ║ should create a new tour with all fields
>> GET https://fonts.googleapis.com/css2?family=Outfit:wght@300;400;500;600;700&display=swap

[1A[2KPAGE LOG: [vite] hot updated: /src/index.css

[1A[2K>> GET http://localhost:5173/src/index.css?t=1764018792158

[1A[2K[firefox] ÔÇ║ src\__tests__\e2e\tours.spec.ts:65:5 ÔÇ║ Tours Management ÔÇ║ should create a new tour with all fields
>> GET http://localhost:5173/src/index.css?t=1764018792047

[1A[2K[webkit] ÔÇ║ src\__tests__\e2e\tours.spec.ts:65:5 ÔÇ║ Tours Management ÔÇ║ should create a new tour with all fields
>> GET https://fonts.googleapis.com/css2?family=Outfit:wght@300;400;500;600;700&display=swap

[1A[2KPAGE LOG: [vite] hot updated: /src/index.css

[1A[2K>> GET http://localhost:5173/src/index.css?t=1764018792158

[1A[2K[firefox] ÔÇ║ src\__tests__\e2e\tours.spec.ts:65:5 ÔÇ║ Tours Management ÔÇ║ should create a new tour with all fields
PAGE LOG: [vite] hot updated: /src/index.css

[1A[2K[chromium] ÔÇ║ src\__tests__\e2e\tours.spec.ts:65:5 ÔÇ║ Tours Management ÔÇ║ should create a new tour with all fields
PAGE LOG: [vite] hot updated: /src/index.css

[1A[2K[webkit] ÔÇ║ src\__tests__\e2e\tours.spec.ts:65:5 ÔÇ║ Tours Management ÔÇ║ should create a new tour with all fields
>> GET https://fonts.googleapis.com/css2?family=Outfit:wght@300;400;500;600;700&display=swap

[1A[2KPAGE LOG: [vite] hot updated: /src/index.css

[1A[2K[firefox] ÔÇ║ src\__tests__\e2e\tours.spec.ts:65:5 ÔÇ║ Tours Management ÔÇ║ should create a new tour with all fields
>> GET http://localhost:5173/src/index.css?t=1764018792158

[1A[2K[chromium] ÔÇ║ src\__tests__\e2e\tours.spec.ts:65:5 ÔÇ║ Tours Management ÔÇ║ should create a new tour with all fields
>> GET http://localhost:5173/src/index.css?t=1764018792237

[1A[2K[webkit] ÔÇ║ src\__tests__\e2e\tours.spec.ts:65:5 ÔÇ║ Tours Management ÔÇ║ should create a new tour with all fields
>> GET http://localhost:5173/src/index.css?t=1764018792237

[1A[2K[chromium] ÔÇ║ src\__tests__\e2e\tours.spec.ts:65:5 ÔÇ║ Tours Management ÔÇ║ should create a new tour with all fields
>> GET https://fonts.googleapis.com/css2?family=Outfit:wght@300;400;500;600;700&display=swap

[1A[2KPAGE LOG: [vite] hot updated: /src/index.css

[1A[2K[firefox] ÔÇ║ src\__tests__\e2e\tours.spec.ts:65:5 ÔÇ║ Tours Management ÔÇ║ should create a new tour with all fields
PAGE LOG: [vite] hot updated: /src/index.css

[1A[2K[chromium] ÔÇ║ src\__tests__\e2e\tours.spec.ts:65:5 ÔÇ║ Tours Management ÔÇ║ should create a new tour with all fields
>> GET http://localhost:5173/src/index.css?t=1764018792336

[1A[2K[firefox] ÔÇ║ src\__tests__\e2e\tours.spec.ts:65:5 ÔÇ║ Tours Management ÔÇ║ should create a new tour with all fields
>> GET http://localhost:5173/src/index.css?t=1764018792237

[1A[2K[webkit] ÔÇ║ src\__tests__\e2e\tours.spec.ts:65:5 ÔÇ║ Tours Management ÔÇ║ should create a new tour with all fields
>> GET https://fonts.googleapis.com/css2?family=Outfit:wght@300;400;500;600;700&display=swap

[1A[2KPAGE LOG: [vite] hot updated: /src/index.css

[1A[2K>> GET http://localhost:5173/src/index.css?t=1764018792336

[1A[2K[firefox] ÔÇ║ src\__tests__\e2e\tours.spec.ts:65:5 ÔÇ║ Tours Management ÔÇ║ should create a new tour with all fields
PAGE LOG: [vite] hot updated: /src/index.css

[1A[2K[webkit] ÔÇ║ src\__tests__\e2e\tours.spec.ts:65:5 ÔÇ║ Tours Management ÔÇ║ should create a new tour with all fields
>> GET https://fonts.googleapis.com/css2?family=Outfit:wght@300;400;500;600;700&display=swap

[1A[2KPAGE LOG: [vite] hot updated: /src/index.css

[1A[2K[chromium] ÔÇ║ src\__tests__\e2e\tours.spec.ts:65:5 ÔÇ║ Tours Management ÔÇ║ should create a new tour with all fields
>> GET https://fonts.googleapis.com/css2?family=Outfit:wght@300;400;500;600;700&display=swap

[1A[2KPAGE LOG: [vite] hot updated: /src/index.css

[1A[2K>> GET http://localhost:5173/src/index.css?t=1764018792433

[1A[2K[firefox] ÔÇ║ src\__tests__\e2e\tours.spec.ts:65:5 ÔÇ║ Tours Management ÔÇ║ should create a new tour with all fields
>> GET http://localhost:5173/src/index.css?t=1764018792336

[1A[2K[webkit] ÔÇ║ src\__tests__\e2e\tours.spec.ts:65:5 ÔÇ║ Tours Management ÔÇ║ should create a new tour with all fields
>> GET http://localhost:5173/src/index.css?t=1764018792433

[1A[2K[firefox] ÔÇ║ src\__tests__\e2e\tours.spec.ts:65:5 ÔÇ║ Tours Management ÔÇ║ should create a new tour with all fields
PAGE LOG: [vite] hot updated: /src/index.css

[1A[2K[chromium] ÔÇ║ src\__tests__\e2e\tours.spec.ts:65:5 ÔÇ║ Tours Management ÔÇ║ should create a new tour with all fields
PAGE LOG: [vite] hot updated: /src/index.css

[1A[2K[webkit] ÔÇ║ src\__tests__\e2e\tours.spec.ts:65:5 ÔÇ║ Tours Management ÔÇ║ should create a new tour with all fields
>> GET https://fonts.googleapis.com/css2?family=Outfit:wght@300;400;500;600;700&display=swap

[1A[2KPAGE LOG: [vite] hot updated: /src/index.css

[1A[2K[chromium] ÔÇ║ src\__tests__\e2e\tours.spec.ts:65:5 ÔÇ║ Tours Management ÔÇ║ should create a new tour with all fields
>> GET http://localhost:5173/src/index.css?t=1764018792518

[1A[2K[firefox] ÔÇ║ src\__tests__\e2e\tours.spec.ts:65:5 ÔÇ║ Tours Management ÔÇ║ should create a new tour with all fields
>> GET http://localhost:5173/src/index.css?t=1764018792433

[1A[2K[webkit] ÔÇ║ src\__tests__\e2e\tours.spec.ts:65:5 ÔÇ║ Tours Management ÔÇ║ should create a new tour with all fields
>> GET http://localhost:5173/src/index.css?t=1764018792518

[1A[2K[firefox] ÔÇ║ src\__tests__\e2e\tours.spec.ts:65:5 ÔÇ║ Tours Management ÔÇ║ should create a new tour with all fields
PAGE LOG: [vite] hot updated: /src/index.css

[1A[2K[chromium] ÔÇ║ src\__tests__\e2e\tours.spec.ts:65:5 ÔÇ║ Tours Management ÔÇ║ should create a new tour with all fields
>> GET https://fonts.googleapis.com/css2?family=Outfit:wght@300;400;500;600;700&display=swap

[1A[2KPAGE LOG: [vite] hot updated: /src/index.css

[1A[2K[firefox] ÔÇ║ src\__tests__\e2e\tours.spec.ts:65:5 ÔÇ║ Tours Management ÔÇ║ should create a new tour with all fields
>> GET http://localhost:5173/src/index.css?t=1764018792518

[1A[2K[chromium] ÔÇ║ src\__tests__\e2e\tours.spec.ts:65:5 ÔÇ║ Tours Management ÔÇ║ should create a new tour with all fields
>> GET http://localhost:5173/src/index.css?t=1764018792630

[1A[2K[webkit] ÔÇ║ src\__tests__\e2e\tours.spec.ts:65:5 ÔÇ║ Tours Management ÔÇ║ should create a new tour with all fields
>> GET https://fonts.googleapis.com/css2?family=Outfit:wght@300;400;500;600;700&display=swap

[1A[2KPAGE LOG: [vite] hot updated: /src/index.css

[1A[2K>> GET http://localhost:5173/src/index.css?t=1764018792630

[1A[2K[firefox] ÔÇ║ src\__tests__\e2e\tours.spec.ts:65:5 ÔÇ║ Tours Management ÔÇ║ should create a new tour with all fields
PAGE LOG: [vite] hot updated: /src/index.css

[1A[2K[chromium] ÔÇ║ src\__tests__\e2e\tours.spec.ts:65:5 ÔÇ║ Tours Management ÔÇ║ should create a new tour with all fields
>> GET https://fonts.googleapis.com/css2?family=Outfit:wght@300;400;500;600;700&display=swap

[1A[2KPAGE LOG: [vite] hot updated: /src/index.css

[1A[2K[webkit] ÔÇ║ src\__tests__\e2e\tours.spec.ts:65:5 ÔÇ║ Tours Management ÔÇ║ should create a new tour with all fields
>> GET https://fonts.googleapis.com/css2?family=Outfit:wght@300;400;500;600;700&display=swap

[1A[2KPAGE LOG: [vite] hot updated: /src/index.css

[1A[2K[firefox] ÔÇ║ src\__tests__\e2e\tours.spec.ts:65:5 ÔÇ║ Tours Management ÔÇ║ should create a new tour with all fields
>> GET http://localhost:5173/src/index.css?t=1764018792630

[1A[2K[chromium] ÔÇ║ src\__tests__\e2e\tours.spec.ts:65:5 ÔÇ║ Tours Management ÔÇ║ should create a new tour with all fields
>> GET http://localhost:5173/src/index.css?t=1764018792731

[1A[2K[webkit] ÔÇ║ src\__tests__\e2e\tours.spec.ts:65:5 ÔÇ║ Tours Management ÔÇ║ should create a new tour with all fields
>> GET http://localhost:5173/src/index.css?t=1764018792731

[1A[2K[firefox] ÔÇ║ src\__tests__\e2e\tours.spec.ts:65:5 ÔÇ║ Tours Management ÔÇ║ should create a new tour with all fields
PAGE LOG: [vite] hot updated: /src/index.css

[1A[2K[chromium] ÔÇ║ src\__tests__\e2e\tours.spec.ts:65:5 ÔÇ║ Tours Management ÔÇ║ should create a new tour with all fields
>> GET https://fonts.googleapis.com/css2?family=Outfit:wght@300;400;500;600;700&display=swap

[1A[2KPAGE LOG: [vite] hot updated: /src/index.css

[1A[2K[firefox] ÔÇ║ src\__tests__\e2e\tours.spec.ts:65:5 ÔÇ║ Tours Management ÔÇ║ should create a new tour with all fields
>> GET http://localhost:5173/src/index.css?t=1764018792731

[1A[2K[chromium] ÔÇ║ src\__tests__\e2e\tours.spec.ts:65:5 ÔÇ║ Tours Management ÔÇ║ should create a new tour with all fields
>> GET http://localhost:5173/src/index.css?t=1764018792825

[1A[2K[webkit] ÔÇ║ src\__tests__\e2e\tours.spec.ts:65:5 ÔÇ║ Tours Management ÔÇ║ should create a new tour with all fields
>> GET https://fonts.googleapis.com/css2?family=Outfit:wght@300;400;500;600;700&display=swap

[1A[2KPAGE LOG: [vite] hot updated: /src/index.css

[1A[2K>> GET http://localhost:5173/src/index.css?t=1764018792825

[1A[2K[chromium] ÔÇ║ src\__tests__\e2e\tours.spec.ts:65:5 ÔÇ║ Tours Management ÔÇ║ should create a new tour with all fields
PAGE LOG: [vite] hot updated: /src/index.css

[1A[2K>> GET http://localhost:5173/src/index.css?t=1764018792911

[1A[2K[firefox] ÔÇ║ src\__tests__\e2e\tours.spec.ts:65:5 ÔÇ║ Tours Management ÔÇ║ should create a new tour with all fields
PAGE LOG: [vite] hot updated: /src/index.css

[1A[2K>> GET http://localhost:5173/src/index.css?t=1764018792825

[1A[2K[webkit] ÔÇ║ src\__tests__\e2e\tours.spec.ts:65:5 ÔÇ║ Tours Management ÔÇ║ should create a new tour with all fields
>> GET https://fonts.googleapis.com/css2?family=Outfit:wght@300;400;500;600;700&display=swap

[1A[2KPAGE LOG: [vite] hot updated: /src/index.css

[1A[2K>> GET http://localhost:5173/src/index.css?t=1764018792911

[1A[2K[firefox] ÔÇ║ src\__tests__\e2e\tours.spec.ts:65:5 ÔÇ║ Tours Management ÔÇ║ should create a new tour with all fields
PAGE LOG: [vite] hot updated: /src/index.css

[1A[2K[chromium] ÔÇ║ src\__tests__\e2e\tours.spec.ts:65:5 ÔÇ║ Tours Management ÔÇ║ should create a new tour with all fields
>> GET https://fonts.googleapis.com/css2?family=Outfit:wght@300;400;500;600;700&display=swap

[1A[2KPAGE LOG: [vite] hot updated: /src/index.css

[1A[2K>> GET http://localhost:5173/src/index.css?t=1764018793001

[1A[2K[webkit] ÔÇ║ src\__tests__\e2e\tours.spec.ts:65:5 ÔÇ║ Tours Management ÔÇ║ should create a new tour with all fields
>> GET https://fonts.googleapis.com/css2?family=Outfit:wght@300;400;500;600;700&display=swap

[1A[2K[firefox] ÔÇ║ src\__tests__\e2e\tours.spec.ts:65:5 ÔÇ║ Tours Management ÔÇ║ should create a new tour with all fields
>> GET http://localhost:5173/src/index.css?t=1764018792911

[1A[2K[webkit] ÔÇ║ src\__tests__\e2e\tours.spec.ts:65:5 ÔÇ║ Tours Management ÔÇ║ should create a new tour with all fields
PAGE LOG: [vite] hot updated: /src/index.css

[1A[2K>> GET http://localhost:5173/src/index.css?t=1764018793001

[1A[2K[firefox] ÔÇ║ src\__tests__\e2e\tours.spec.ts:65:5 ÔÇ║ Tours Management ÔÇ║ should create a new tour with all fields
PAGE LOG: [vite] hot updated: /src/index.css

[1A[2K[webkit] ÔÇ║ src\__tests__\e2e\tours.spec.ts:65:5 ÔÇ║ Tours Management ÔÇ║ should create a new tour with all fields
>> GET https://fonts.googleapis.com/css2?family=Outfit:wght@300;400;500;600;700&display=swap

[1A[2K[chromium] ÔÇ║ src\__tests__\e2e\tours.spec.ts:65:5 ÔÇ║ Tours Management ÔÇ║ should create a new tour with all fields
PAGE LOG: [vite] hot updated: /src/index.css

[1A[2K[webkit] ÔÇ║ src\__tests__\e2e\tours.spec.ts:65:5 ÔÇ║ Tours Management ÔÇ║ should create a new tour with all fields
PAGE LOG: [vite] hot updated: /src/index.css

[1A[2K[firefox] ÔÇ║ src\__tests__\e2e\tours.spec.ts:65:5 ÔÇ║ Tours Management ÔÇ║ should create a new tour with all fields
>> GET http://localhost:5173/src/index.css?t=1764018793001

[1A[2K[chromium] ÔÇ║ src\__tests__\e2e\tours.spec.ts:65:5 ÔÇ║ Tours Management ÔÇ║ should create a new tour with all fields
>> GET http://localhost:5173/src/index.css?t=1764018793091

[1A[2K[webkit] ÔÇ║ src\__tests__\e2e\tours.spec.ts:65:5 ÔÇ║ Tours Management ÔÇ║ should create a new tour with all fields
>> GET http://localhost:5173/src/index.css?t=1764018793091

[1A[2K>> GET https://fonts.googleapis.com/css2?family=Outfit:wght@300;400;500;600;700&display=swap

[1A[2KPAGE LOG: [vite] hot updated: /src/index.css

[1A[2K[firefox] ÔÇ║ src\__tests__\e2e\tours.spec.ts:65:5 ÔÇ║ Tours Management ÔÇ║ should create a new tour with all fields
PAGE LOG: [vite] hot updated: /src/index.css

[1A[2K[chromium] ÔÇ║ src\__tests__\e2e\tours.spec.ts:65:5 ÔÇ║ Tours Management ÔÇ║ should create a new tour with all fields
>> GET https://fonts.googleapis.com/css2?family=Outfit:wght@300;400;500;600;700&display=swap

[1A[2KPAGE LOG: [vite] hot updated: /src/index.css

[1A[2K[firefox] ÔÇ║ src\__tests__\e2e\tours.spec.ts:65:5 ÔÇ║ Tours Management ÔÇ║ should create a new tour with all fields
>> GET http://localhost:5173/src/index.css?t=1764018793091

[1A[2K[chromium] ÔÇ║ src\__tests__\e2e\tours.spec.ts:65:5 ÔÇ║ Tours Management ÔÇ║ should create a new tour with all fields
>> GET http://localhost:5173/src/index.css?t=1764018793178

[1A[2K[webkit] ÔÇ║ src\__tests__\e2e\tours.spec.ts:65:5 ÔÇ║ Tours Management ÔÇ║ should create a new tour with all fields
>> GET http://localhost:5173/src/index.css?t=1764018793178

[1A[2K[firefox] ÔÇ║ src\__tests__\e2e\tours.spec.ts:65:5 ÔÇ║ Tours Management ÔÇ║ should create a new tour with all fields
PAGE LOG: [vite] hot updated: /src/index.css

[1A[2K[webkit] ÔÇ║ src\__tests__\e2e\tours.spec.ts:65:5 ÔÇ║ Tours Management ÔÇ║ should create a new tour with all fields
>> GET https://fonts.googleapis.com/css2?family=Outfit:wght@300;400;500;600;700&display=swap

[1A[2K[chromium] ÔÇ║ src\__tests__\e2e\tours.spec.ts:65:5 ÔÇ║ Tours Management ÔÇ║ should create a new tour with all fields
PAGE LOG: [vite] hot updated: /src/index.css

[1A[2K[webkit] ÔÇ║ src\__tests__\e2e\tours.spec.ts:65:5 ÔÇ║ Tours Management ÔÇ║ should create a new tour with all fields
PAGE LOG: [vite] hot updated: /src/index.css

[1A[2K[chromium] ÔÇ║ src\__tests__\e2e\tours.spec.ts:65:5 ÔÇ║ Tours Management ÔÇ║ should create a new tour with all fields
>> GET http://localhost:5173/src/index.css?t=1764018793257

[1A[2K[firefox] ÔÇ║ src\__tests__\e2e\tours.spec.ts:65:5 ÔÇ║ Tours Management ÔÇ║ should create a new tour with all fields
>> GET http://localhost:5173/src/index.css?t=1764018793178

[1A[2K[webkit] ÔÇ║ src\__tests__\e2e\tours.spec.ts:65:5 ÔÇ║ Tours Management ÔÇ║ should create a new tour with all fields
>> GET http://localhost:5173/src/index.css?t=1764018793257

[1A[2K[firefox] ÔÇ║ src\__tests__\e2e\tours.spec.ts:65:5 ÔÇ║ Tours Management ÔÇ║ should create a new tour with all fields
PAGE LOG: [vite] hot updated: /src/index.css

[1A[2K[webkit] ÔÇ║ src\__tests__\e2e\tours.spec.ts:65:5 ÔÇ║ Tours Management ÔÇ║ should create a new tour with all fields
>> GET https://fonts.googleapis.com/css2?family=Outfit:wght@300;400;500;600;700&display=swap

[1A[2KPAGE LOG: [vite] hot updated: /src/index.css

[1A[2K[chromium] ÔÇ║ src\__tests__\e2e\tours.spec.ts:65:5 ÔÇ║ Tours Management ÔÇ║ should create a new tour with all fields
>> GET https://fonts.googleapis.com/css2?family=Outfit:wght@300;400;500;600;700&display=swap

[1A[2KPAGE LOG: [vite] hot updated: /src/index.css

[1A[2K[firefox] ÔÇ║ src\__tests__\e2e\tours.spec.ts:65:5 ÔÇ║ Tours Management ÔÇ║ should create a new tour with all fields
>> GET http://localhost:5173/src/index.css?t=1764018793257

[1A[2K[chromium] ÔÇ║ src\__tests__\e2e\tours.spec.ts:65:5 ÔÇ║ Tours Management ÔÇ║ should create a new tour with all fields
>> GET http://localhost:5173/src/index.css?t=1764018793337

[1A[2K[webkit] ÔÇ║ src\__tests__\e2e\tours.spec.ts:65:5 ÔÇ║ Tours Management ÔÇ║ should create a new tour with all fields
>> GET http://localhost:5173/src/index.css?t=1764018793337

[1A[2K[firefox] ÔÇ║ src\__tests__\e2e\tours.spec.ts:65:5 ÔÇ║ Tours Management ÔÇ║ should create a new tour with all fields
PAGE LOG: [vite] hot updated: /src/index.css

[1A[2K[chromium] ÔÇ║ src\__tests__\e2e\tours.spec.ts:65:5 ÔÇ║ Tours Management ÔÇ║ should create a new tour with all fields
PAGE LOG: [vite] hot updated: /src/index.css

[1A[2K>> GET http://localhost:5173/src/index.css?t=1764018793417

[1A[2K[firefox] ÔÇ║ src\__tests__\e2e\tours.spec.ts:65:5 ÔÇ║ Tours Management ÔÇ║ should create a new tour with all fields
>> GET http://localhost:5173/src/index.css?t=1764018793337

[1A[2K[webkit] ÔÇ║ src\__tests__\e2e\tours.spec.ts:65:5 ÔÇ║ Tours Management ÔÇ║ should create a new tour with all fields
>> GET https://fonts.googleapis.com/css2?family=Outfit:wght@300;400;500;600;700&display=swap

[1A[2KPAGE LOG: [vite] hot updated: /src/index.css

[1A[2K>> GET http://localhost:5173/src/index.css?t=1764018793417

[1A[2K[chromium] ÔÇ║ src\__tests__\e2e\tours.spec.ts:65:5 ÔÇ║ Tours Management ÔÇ║ should create a new tour with all fields
PAGE LOG: [vite] hot updated: /src/index.css

[1A[2K>> GET https://fonts.googleapis.com/css2?family=Outfit:wght@300;400;500;600;700&display=swap

[1A[2K>> GET http://localhost:5173/src/index.css?t=1764018793496

[1A[2K[firefox] ÔÇ║ src\__tests__\e2e\tours.spec.ts:65:5 ÔÇ║ Tours Management ÔÇ║ should create a new tour with all fields
PAGE LOG: [vite] hot updated: /src/index.css

[1A[2K[webkit] ÔÇ║ src\__tests__\e2e\tours.spec.ts:65:5 ÔÇ║ Tours Management ÔÇ║ should create a new tour with all fields
>> GET https://fonts.googleapis.com/css2?family=Outfit:wght@300;400;500;600;700&display=swap

[1A[2KPAGE LOG: [vite] hot updated: /src/index.css

[1A[2K>> GET http://localhost:5173/src/index.css?t=1764018793496

[1A[2K[firefox] ÔÇ║ src\__tests__\e2e\tours.spec.ts:65:5 ÔÇ║ Tours Management ÔÇ║ should create a new tour with all fields
>> GET http://localhost:5173/src/index.css?t=1764018793417

[1A[2K[webkit] ÔÇ║ src\__tests__\e2e\tours.spec.ts:65:5 ÔÇ║ Tours Management ÔÇ║ should create a new tour with all fields
>> GET https://fonts.googleapis.com/css2?family=Outfit:wght@300;400;500;600;700&display=swap

[1A[2K[chromium] ÔÇ║ src\__tests__\e2e\tours.spec.ts:65:5 ÔÇ║ Tours Management ÔÇ║ should create a new tour with all fields
PAGE LOG: [vite] hot updated: /src/index.css

[1A[2K[webkit] ÔÇ║ src\__tests__\e2e\tours.spec.ts:65:5 ÔÇ║ Tours Management ÔÇ║ should create a new tour with all fields
PAGE LOG: [vite] hot updated: /src/index.css

[1A[2K[firefox] ÔÇ║ src\__tests__\e2e\tours.spec.ts:65:5 ÔÇ║ Tours Management ÔÇ║ should create a new tour with all fields
PAGE LOG: [vite] hot updated: /src/index.css

[1A[2K[chromium] ÔÇ║ src\__tests__\e2e\tours.spec.ts:65:5 ÔÇ║ Tours Management ÔÇ║ should create a new tour with all fields
>> GET http://localhost:5173/src/index.css?t=1764018793601

[1A[2K[firefox] ÔÇ║ src\__tests__\e2e\tours.spec.ts:65:5 ÔÇ║ Tours Management ÔÇ║ should create a new tour with all fields
>> GET http://localhost:5173/src/index.css?t=1764018793496

[1A[2K[webkit] ÔÇ║ src\__tests__\e2e\tours.spec.ts:65:5 ÔÇ║ Tours Management ÔÇ║ should create a new tour with all fields
>> GET http://localhost:5173/src/index.css?t=1764018793601

[1A[2K[chromium] ÔÇ║ src\__tests__\e2e\tours.spec.ts:65:5 ÔÇ║ Tours Management ÔÇ║ should create a new tour with all fields
>> GET https://fonts.googleapis.com/css2?family=Outfit:wght@300;400;500;600;700&display=swap

[1A[2KPAGE LOG: [vite] hot updated: /src/index.css

[1A[2K[firefox] ÔÇ║ src\__tests__\e2e\tours.spec.ts:65:5 ÔÇ║ Tours Management ÔÇ║ should create a new tour with all fields
PAGE LOG: [vite] hot updated: /src/index.css

[1A[2K>> GET http://localhost:5173/src/index.css?t=1764018793601

[1A[2K[chromium] ÔÇ║ src\__tests__\e2e\tours.spec.ts:65:5 ÔÇ║ Tours Management ÔÇ║ should create a new tour with all fields
>> GET http://localhost:5173/src/index.css?t=1764018793668

[1A[2K[webkit] ÔÇ║ src\__tests__\e2e\tours.spec.ts:65:5 ÔÇ║ Tours Management ÔÇ║ should create a new tour with all fields
>> GET https://fonts.googleapis.com/css2?family=Outfit:wght@300;400;500;600;700&display=swap

[1A[2KPAGE LOG: [vite] hot updated: /src/index.css

[1A[2K>> GET http://localhost:5173/src/index.css?t=1764018793668

[1A[2K[firefox] ÔÇ║ src\__tests__\e2e\tours.spec.ts:65:5 ÔÇ║ Tours Management ÔÇ║ should create a new tour with all fields
PAGE LOG: [vite] hot updated: /src/index.css

[1A[2K>> GET http://localhost:5173/src/index.css?t=1764018793668

[1A[2K[chromium] ÔÇ║ src\__tests__\e2e\tours.spec.ts:65:5 ÔÇ║ Tours Management ÔÇ║ should create a new tour with all fields
>> GET https://fonts.googleapis.com/css2?family=Outfit:wght@300;400;500;600;700&display=swap

[1A[2KPAGE LOG: [vite] hot updated: /src/index.css

[1A[2K>> GET http://localhost:5173/src/index.css?t=1764018793753

[1A[2K[webkit] ÔÇ║ src\__tests__\e2e\tours.spec.ts:65:5 ÔÇ║ Tours Management ÔÇ║ should create a new tour with all fields
>> GET https://fonts.googleapis.com/css2?family=Outfit:wght@300;400;500;600;700&display=swap

[1A[2KPAGE LOG: [vite] hot updated: /src/index.css

[1A[2K>> GET http://localhost:5173/src/index.css?t=1764018793753

[1A[2K[firefox] ÔÇ║ src\__tests__\e2e\tours.spec.ts:65:5 ÔÇ║ Tours Management ÔÇ║ should create a new tour with all fields
PAGE LOG: [vite] hot updated: /src/index.css

[1A[2K[chromium] ÔÇ║ src\__tests__\e2e\tours.spec.ts:65:5 ÔÇ║ Tours Management ÔÇ║ should create a new tour with all fields
PAGE LOG: [vite] hot updated: /src/index.css

[1A[2K[webkit] ÔÇ║ src\__tests__\e2e\tours.spec.ts:65:5 ÔÇ║ Tours Management ÔÇ║ should create a new tour with all fields
>> GET https://fonts.googleapis.com/css2?family=Outfit:wght@300;400;500;600;700&display=swap

[1A[2K[firefox] ÔÇ║ src\__tests__\e2e\tours.spec.ts:65:5 ÔÇ║ Tours Management ÔÇ║ should create a new tour with all fields
>> GET http://localhost:5173/src/index.css?t=1764018793753

[1A[2K[webkit] ÔÇ║ src\__tests__\e2e\tours.spec.ts:65:5 ÔÇ║ Tours Management ÔÇ║ should create a new tour with all fields
PAGE LOG: [vite] hot updated: /src/index.css

[1A[2K[chromium] ÔÇ║ src\__tests__\e2e\tours.spec.ts:65:5 ÔÇ║ Tours Management ÔÇ║ should create a new tour with all fields
>> GET http://localhost:5173/src/index.css?t=1764018793842

[1A[2K[webkit] ÔÇ║ src\__tests__\e2e\tours.spec.ts:65:5 ÔÇ║ Tours Management ÔÇ║ should create a new tour with all fields
>> GET http://localhost:5173/src/index.css?t=1764018793842

[1A[2K[firefox] ÔÇ║ src\__tests__\e2e\tours.spec.ts:65:5 ÔÇ║ Tours Management ÔÇ║ should create a new tour with all fields
PAGE LOG: [vite] hot updated: /src/index.css

[1A[2K[webkit] ÔÇ║ src\__tests__\e2e\tours.spec.ts:65:5 ÔÇ║ Tours Management ÔÇ║ should create a new tour with all fields
>> GET https://fonts.googleapis.com/css2?family=Outfit:wght@300;400;500;600;700&display=swap

[1A[2KPAGE LOG: [vite] hot updated: /src/index.css

[1A[2K[chromium] ÔÇ║ src\__tests__\e2e\tours.spec.ts:65:5 ÔÇ║ Tours Management ÔÇ║ should create a new tour with all fields
>> GET https://fonts.googleapis.com/css2?family=Outfit:wght@300;400;500;600;700&display=swap

[1A[2KPAGE LOG: [vite] hot updated: /src/index.css

[1A[2K[firefox] ÔÇ║ src\__tests__\e2e\tours.spec.ts:65:5 ÔÇ║ Tours Management ÔÇ║ should create a new tour with all fields
>> GET http://localhost:5173/src/index.css?t=1764018793842

[1A[2K[chromium] ÔÇ║ src\__tests__\e2e\tours.spec.ts:65:5 ÔÇ║ Tours Management ÔÇ║ should create a new tour with all fields
>> GET http://localhost:5173/src/index.css?t=1764018793945

[1A[2K[webkit] ÔÇ║ src\__tests__\e2e\tours.spec.ts:65:5 ÔÇ║ Tours Management ÔÇ║ should create a new tour with all fields
>> GET http://localhost:5173/src/index.css?t=1764018793945

[1A[2K[firefox] ÔÇ║ src\__tests__\e2e\tours.spec.ts:65:5 ÔÇ║ Tours Management ÔÇ║ should create a new tour with all fields
PAGE LOG: [vite] hot updated: /src/index.css

[1A[2K>> GET http://localhost:5173/src/index.css?t=1764018793945

[1A[2K[chromium] ÔÇ║ src\__tests__\e2e\tours.spec.ts:65:5 ÔÇ║ Tours Management ÔÇ║ should create a new tour with all fields
>> GET https://fonts.googleapis.com/css2?family=Outfit:wght@300;400;500;600;700&display=swap

[1A[2KPAGE LOG: [vite] hot updated: /src/index.css

[1A[2K>> GET http://localhost:5173/src/index.css?t=1764018794034

[1A[2K[webkit] ÔÇ║ src\__tests__\e2e\tours.spec.ts:65:5 ÔÇ║ Tours Management ÔÇ║ should create a new tour with all fields
>> GET https://fonts.googleapis.com/css2?family=Outfit:wght@300;400;500;600;700&display=swap

[1A[2KPAGE LOG: [vite] hot updated: /src/index.css

[1A[2K>> GET http://localhost:5173/src/index.css?t=1764018794034

[1A[2K[chromium] ÔÇ║ src\__tests__\e2e\tours.spec.ts:65:5 ÔÇ║ Tours Management ÔÇ║ should create a new tour with all fields
PAGE LOG: [vite] hot updated: /src/index.css

[1A[2K[firefox] ÔÇ║ src\__tests__\e2e\tours.spec.ts:65:5 ÔÇ║ Tours Management ÔÇ║ should create a new tour with all fields
PAGE LOG: [vite] hot updated: /src/index.css

[1A[2K[webkit] ÔÇ║ src\__tests__\e2e\tours.spec.ts:65:5 ÔÇ║ Tours Management ÔÇ║ should create a new tour with all fields
>> GET https://fonts.googleapis.com/css2?family=Outfit:wght@300;400;500;600;700&display=swap

[1A[2K[chromium] ÔÇ║ src\__tests__\e2e\tours.spec.ts:65:5 ÔÇ║ Tours Management ÔÇ║ should create a new tour with all fields
>> GET http://localhost:5173/src/index.css?t=1764018794115

[1A[2K[firefox] ÔÇ║ src\__tests__\e2e\tours.spec.ts:65:5 ÔÇ║ Tours Management ÔÇ║ should create a new tour with all fields
>> GET http://localhost:5173/src/index.css?t=1764018794034

[1A[2K[webkit] ÔÇ║ src\__tests__\e2e\tours.spec.ts:65:5 ÔÇ║ Tours Management ÔÇ║ should create a new tour with all fields
PAGE LOG: [vite] hot updated: /src/index.css

[1A[2K>> GET http://localhost:5173/src/index.css?t=1764018794115

[1A[2K>> GET https://fonts.googleapis.com/css2?family=Outfit:wght@300;400;500;600;700&display=swap

[1A[2K[firefox] ÔÇ║ src\__tests__\e2e\tours.spec.ts:65:5 ÔÇ║ Tours Management ÔÇ║ should create a new tour with all fields
PAGE LOG: [vite] hot updated: /src/index.css

[1A[2K[webkit] ÔÇ║ src\__tests__\e2e\tours.spec.ts:65:5 ÔÇ║ Tours Management ÔÇ║ should create a new tour with all fields
PAGE LOG: [vite] hot updated: /src/index.css

[1A[2K[chromium] ÔÇ║ src\__tests__\e2e\tours.spec.ts:65:5 ÔÇ║ Tours Management ÔÇ║ should create a new tour with all fields
PAGE LOG: [vite] hot updated: /src/index.css

[1A[2K>> GET https://fonts.googleapis.com/css2?family=Outfit:wght@300;400;500;600;700&display=swap

[1A[2K>> GET http://localhost:5173/src/index.css?t=1764018794200

[1A[2K[firefox] ÔÇ║ src\__tests__\e2e\tours.spec.ts:65:5 ÔÇ║ Tours Management ÔÇ║ should create a new tour with all fields
>> GET http://localhost:5173/src/index.css?t=1764018794115

[1A[2K[webkit] ÔÇ║ src\__tests__\e2e\tours.spec.ts:65:5 ÔÇ║ Tours Management ÔÇ║ should create a new tour with all fields
>> GET http://localhost:5173/src/index.css?t=1764018794200

[1A[2K[firefox] ÔÇ║ src\__tests__\e2e\tours.spec.ts:65:5 ÔÇ║ Tours Management ÔÇ║ should create a new tour with all fields
PAGE LOG: [vite] hot updated: /src/index.css

[1A[2K[chromium] ÔÇ║ src\__tests__\e2e\tours.spec.ts:65:5 ÔÇ║ Tours Management ÔÇ║ should create a new tour with all fields
PAGE LOG: [vite] hot updated: /src/index.css

[1A[2K>> GET http://localhost:5173/src/index.css?t=1764018794272

[1A[2K[firefox] ÔÇ║ src\__tests__\e2e\tours.spec.ts:65:5 ÔÇ║ Tours Management ÔÇ║ should create a new tour with all fields
>> GET http://localhost:5173/src/index.css?t=1764018794200

[1A[2K[webkit] ÔÇ║ src\__tests__\e2e\tours.spec.ts:65:5 ÔÇ║ Tours Management ÔÇ║ should create a new tour with all fields
>> GET https://fonts.googleapis.com/css2?family=Outfit:wght@300;400;500;600;700&display=swap

[1A[2KPAGE LOG: [vite] hot updated: /src/index.css

[1A[2K>> GET http://localhost:5173/src/index.css?t=1764018794272

[1A[2K[chromium] ÔÇ║ src\__tests__\e2e\tours.spec.ts:65:5 ÔÇ║ Tours Management ÔÇ║ should create a new tour with all fields
>> GET https://fonts.googleapis.com/css2?family=Outfit:wght@300;400;500;600;700&display=swap

[1A[2KPAGE LOG: [vite] hot updated: /src/index.css

[1A[2K[webkit] ÔÇ║ src\__tests__\e2e\tours.spec.ts:65:5 ÔÇ║ Tours Management ÔÇ║ should create a new tour with all fields
>> GET https://fonts.googleapis.com/css2?family=Outfit:wght@300;400;500;600;700&display=swap

[1A[2K[firefox] ÔÇ║ src\__tests__\e2e\tours.spec.ts:65:5 ÔÇ║ Tours Management ÔÇ║ should create a new tour with all fields
PAGE LOG: [vite] hot updated: /src/index.css

[1A[2K[webkit] ÔÇ║ src\__tests__\e2e\tours.spec.ts:65:5 ÔÇ║ Tours Management ÔÇ║ should create a new tour with all fields
PAGE LOG: [vite] hot updated: /src/index.css

[1A[2K[chromium] ÔÇ║ src\__tests__\e2e\tours.spec.ts:65:5 ÔÇ║ Tours Management ÔÇ║ should create a new tour with all fields
>> GET http://localhost:5173/src/index.css?t=1764018794376

[1A[2K[firefox] ÔÇ║ src\__tests__\e2e\tours.spec.ts:65:5 ÔÇ║ Tours Management ÔÇ║ should create a new tour with all fields
>> GET http://localhost:5173/src/index.css?t=1764018794272

[1A[2K[webkit] ÔÇ║ src\__tests__\e2e\tours.spec.ts:65:5 ÔÇ║ Tours Management ÔÇ║ should create a new tour with all fields
>> GET http://localhost:5173/src/index.css?t=1764018794376

[1A[2K[chromium] ÔÇ║ src\__tests__\e2e\tours.spec.ts:65:5 ÔÇ║ Tours Management ÔÇ║ should create a new tour with all fields
PAGE LOG: [vite] hot updated: /src/index.css

[1A[2K[firefox] ÔÇ║ src\__tests__\e2e\tours.spec.ts:65:5 ÔÇ║ Tours Management ÔÇ║ should create a new tour with all fields
PAGE LOG: [vite] hot updated: /src/index.css

[1A[2K>> GET http://localhost:5173/src/index.css?t=1764018794376

[1A[2K[webkit] ÔÇ║ src\__tests__\e2e\tours.spec.ts:65:5 ÔÇ║ Tours Management ÔÇ║ should create a new tour with all fields
>> GET https://fonts.googleapis.com/css2?family=Outfit:wght@300;400;500;600;700&display=swap

[1A[2KPAGE LOG: [vite] hot updated: /src/index.css

[1A[2K[chromium] ÔÇ║ src\__tests__\e2e\tours.spec.ts:65:5 ÔÇ║ Tours Management ÔÇ║ should create a new tour with all fields
>> GET http://localhost:5173/src/index.css?t=1764018794459

[1A[2K[webkit] ÔÇ║ src\__tests__\e2e\tours.spec.ts:65:5 ÔÇ║ Tours Management ÔÇ║ should create a new tour with all fields
>> GET http://localhost:5173/src/index.css?t=1764018794459

[1A[2K[firefox] ÔÇ║ src\__tests__\e2e\tours.spec.ts:65:5 ÔÇ║ Tours Management ÔÇ║ should create a new tour with all fields
PAGE LOG: [vite] hot updated: /src/index.css

[1A[2K[chromium] ÔÇ║ src\__tests__\e2e\tours.spec.ts:65:5 ÔÇ║ Tours Management ÔÇ║ should create a new tour with all fields
>> GET https://fonts.googleapis.com/css2?family=Outfit:wght@300;400;500;600;700&display=swap

[1A[2KPAGE LOG: [vite] hot updated: /src/index.css

[1A[2K>> GET http://localhost:5173/src/index.css?t=1764018794543

[1A[2K[firefox] ÔÇ║ src\__tests__\e2e\tours.spec.ts:65:5 ÔÇ║ Tours Management ÔÇ║ should create a new tour with all fields
>> GET http://localhost:5173/src/index.css?t=1764018794459

[1A[2K[webkit] ÔÇ║ src\__tests__\e2e\tours.spec.ts:65:5 ÔÇ║ Tours Management ÔÇ║ should create a new tour with all fields
>> GET https://fonts.googleapis.com/css2?family=Outfit:wght@300;400;500;600;700&display=swap

[1A[2KPAGE LOG: [vite] hot updated: /src/index.css

[1A[2K>> GET http://localhost:5173/src/index.css?t=1764018794543

[1A[2K[firefox] ÔÇ║ src\__tests__\e2e\tours.spec.ts:65:5 ÔÇ║ Tours Management ÔÇ║ should create a new tour with all fields
PAGE LOG: [vite] hot updated: /src/index.css

[1A[2K[webkit] ÔÇ║ src\__tests__\e2e\tours.spec.ts:65:5 ÔÇ║ Tours Management ÔÇ║ should create a new tour with all fields
>> GET https://fonts.googleapis.com/css2?family=Outfit:wght@300;400;500;600;700&display=swap

[1A[2KPAGE LOG: [vite] hot updated: /src/index.css

[1A[2K>> GET http://localhost:5173/src/index.css?t=1764018794619

[1A[2K[chromium] ÔÇ║ src\__tests__\e2e\tours.spec.ts:65:5 ÔÇ║ Tours Management ÔÇ║ should create a new tour with all fields
PAGE LOG: [vite] hot updated: /src/index.css

[1A[2K>> GET http://localhost:5173/src/index.css?t=1764018794619

[1A[2K[firefox] ÔÇ║ src\__tests__\e2e\tours.spec.ts:65:5 ÔÇ║ Tours Management ÔÇ║ should create a new tour with all fields
>> GET http://localhost:5173/src/index.css?t=1764018794543

[1A[2KPAGE LOG: [vite] hot updated: /src/index.css

[1A[2K[chromium] ÔÇ║ src\__tests__\e2e\tours.spec.ts:65:5 ÔÇ║ Tours Management ÔÇ║ should create a new tour with all fields
>> GET https://fonts.googleapis.com/css2?family=Outfit:wght@300;400;500;600;700&display=swap

[1A[2KPAGE LOG: [vite] hot updated: /src/index.css

[1A[2K>> GET http://localhost:5173/src/index.css?t=1764018794736

[1A[2K[firefox] ÔÇ║ src\__tests__\e2e\tours.spec.ts:65:5 ÔÇ║ Tours Management ÔÇ║ should create a new tour with all fields
>> GET http://localhost:5173/src/index.css?t=1764018794619

[1A[2K[webkit] ÔÇ║ src\__tests__\e2e\tours.spec.ts:65:5 ÔÇ║ Tours Management ÔÇ║ should create a new tour with all fields
>> GET https://fonts.googleapis.com/css2?family=Outfit:wght@300;400;500;600;700&display=swap

[1A[2KPAGE LOG: [vite] hot updated: /src/index.css

[1A[2K>> GET http://localhost:5173/src/index.css?t=1764018794736

[1A[2K[firefox] ÔÇ║ src\__tests__\e2e\tours.spec.ts:65:5 ÔÇ║ Tours Management ÔÇ║ should create a new tour with all fields
PAGE LOG: [vite] hot updated: /src/index.css

[1A[2K[chromium] ÔÇ║ src\__tests__\e2e\tours.spec.ts:65:5 ÔÇ║ Tours Management ÔÇ║ should create a new tour with all fields
PAGE LOG: [vite] hot updated: /src/index.css

[1A[2K[firefox] ÔÇ║ src\__tests__\e2e\tours.spec.ts:65:5 ÔÇ║ Tours Management ÔÇ║ should create a new tour with all fields
>> GET http://localhost:5173/src/index.css?t=1764018794736

[1A[2K[chromium] ÔÇ║ src\__tests__\e2e\tours.spec.ts:65:5 ÔÇ║ Tours Management ÔÇ║ should create a new tour with all fields
>> GET https://fonts.googleapis.com/css2?family=Outfit:wght@300;400;500;600;700&display=swap

[1A[2K>> GET http://localhost:5173/src/index.css?t=1764018794831

[1A[2K[webkit] ÔÇ║ src\__tests__\e2e\tours.spec.ts:65:5 ÔÇ║ Tours Management ÔÇ║ should create a new tour with all fields
>> GET https://fonts.googleapis.com/css2?family=Outfit:wght@300;400;500;600;700&display=swap

[1A[2KPAGE LOG: [vite] hot updated: /src/index.css

[1A[2K>> GET http://localhost:5173/src/index.css?t=1764018794831

[1A[2K[firefox] ÔÇ║ src\__tests__\e2e\tours.spec.ts:65:5 ÔÇ║ Tours Management ÔÇ║ should create a new tour with all fields
PAGE LOG: [vite] hot updated: /src/index.css

[1A[2K[webkit] ÔÇ║ src\__tests__\e2e\tours.spec.ts:65:5 ÔÇ║ Tours Management ÔÇ║ should create a new tour with all fields
>> GET https://fonts.googleapis.com/css2?family=Outfit:wght@300;400;500;600;700&display=swap

[1A[2KPAGE LOG: [vite] hot updated: /src/index.css

[1A[2K[chromium] ÔÇ║ src\__tests__\e2e\tours.spec.ts:65:5 ÔÇ║ Tours Management ÔÇ║ should create a new tour with all fields
>> GET https://fonts.googleapis.com/css2?family=Outfit:wght@300;400;500;600;700&display=swap

[1A[2KPAGE LOG: [vite] hot updated: /src/index.css

[1A[2K>> GET http://localhost:5173/src/index.css?t=1764018794939

[1A[2K[webkit] ÔÇ║ src\__tests__\e2e\tours.spec.ts:65:5 ÔÇ║ Tours Management ÔÇ║ should create a new tour with all fields
>> GET http://localhost:5173/src/index.css?t=1764018794939

[1A[2K[firefox] ÔÇ║ src\__tests__\e2e\tours.spec.ts:65:5 ÔÇ║ Tours Management ÔÇ║ should create a new tour with all fields
>> GET http://localhost:5173/src/index.css?t=1764018794831

[1A[2KPAGE LOG: [vite] hot updated: /src/index.css

[1A[2K[chromium] ÔÇ║ src\__tests__\e2e\tours.spec.ts:65:5 ÔÇ║ Tours Management ÔÇ║ should create a new tour with all fields
>> GET https://fonts.googleapis.com/css2?family=Outfit:wght@300;400;500;600;700&display=swap

[1A[2K[firefox] ÔÇ║ src\__tests__\e2e\tours.spec.ts:65:5 ÔÇ║ Tours Management ÔÇ║ should create a new tour with all fields
>> GET http://localhost:5173/src/index.css?t=1764018794939

[1A[2K[chromium] ÔÇ║ src\__tests__\e2e\tours.spec.ts:65:5 ÔÇ║ Tours Management ÔÇ║ should create a new tour with all fields
PAGE LOG: [vite] hot updated: /src/index.css

[1A[2K>> GET http://localhost:5173/src/index.css?t=1764018795048

[1A[2K[webkit] ÔÇ║ src\__tests__\e2e\tours.spec.ts:65:5 ÔÇ║ Tours Management ÔÇ║ should create a new tour with all fields
>> GET https://fonts.googleapis.com/css2?family=Outfit:wght@300;400;500;600;700&display=swap

[1A[2KPAGE LOG: [vite] hot updated: /src/index.css

[1A[2K>> GET http://localhost:5173/src/index.css?t=1764018795048

[1A[2K[firefox] ÔÇ║ src\__tests__\e2e\tours.spec.ts:65:5 ÔÇ║ Tours Management ÔÇ║ should create a new tour with all fields
PAGE LOG: [vite] hot updated: /src/index.css

[1A[2K[chromium] ÔÇ║ src\__tests__\e2e\tours.spec.ts:65:5 ÔÇ║ Tours Management ÔÇ║ should create a new tour with all fields
>> GET https://fonts.googleapis.com/css2?family=Outfit:wght@300;400;500;600;700&display=swap

[1A[2KPAGE LOG: [vite] hot updated: /src/index.css

[1A[2K[firefox] ÔÇ║ src\__tests__\e2e\tours.spec.ts:65:5 ÔÇ║ Tours Management ÔÇ║ should create a new tour with all fields
>> GET http://localhost:5173/src/index.css?t=1764018795048

[1A[2K[webkit] ÔÇ║ src\__tests__\e2e\tours.spec.ts:65:5 ÔÇ║ Tours Management ÔÇ║ should create a new tour with all fields
>> GET https://fonts.googleapis.com/css2?family=Outfit:wght@300;400;500;600;700&display=swap

[1A[2KPAGE LOG: [vite] hot updated: /src/index.css

[1A[2K>> GET http://localhost:5173/src/index.css?t=1764018795156

[1A[2K[chromium] ÔÇ║ src\__tests__\e2e\tours.spec.ts:65:5 ÔÇ║ Tours Management ÔÇ║ should create a new tour with all fields
>> GET http://localhost:5173/src/index.css?t=1764018795156

[1A[2K[firefox] ÔÇ║ src\__tests__\e2e\tours.spec.ts:65:5 ÔÇ║ Tours Management ÔÇ║ should create a new tour with all fields
PAGE LOG: [vite] hot updated: /src/index.css

[1A[2K[chromium] ÔÇ║ src\__tests__\e2e\tours.spec.ts:65:5 ÔÇ║ Tours Management ÔÇ║ should create a new tour with all fields
>> GET https://fonts.googleapis.com/css2?family=Outfit:wght@300;400;500;600;700&display=swap

[1A[2KPAGE LOG: [vite] hot updated: /src/index.css

[1A[2K>> GET http://localhost:5173/src/index.css?t=1764018795246

[1A[2K[firefox] ÔÇ║ src\__tests__\e2e\tours.spec.ts:65:5 ÔÇ║ Tours Management ÔÇ║ should create a new tour with all fields
>> GET http://localhost:5173/src/index.css?t=1764018795156

[1A[2K[webkit] ÔÇ║ src\__tests__\e2e\tours.spec.ts:65:5 ÔÇ║ Tours Management ÔÇ║ should create a new tour with all fields
>> GET https://fonts.googleapis.com/css2?family=Outfit:wght@300;400;500;600;700&display=swap

[1A[2KPAGE LOG: [vite] hot updated: /src/index.css

[1A[2K>> GET http://localhost:5173/src/index.css?t=1764018795246

[1A[2K[chromium] ÔÇ║ src\__tests__\e2e\tours.spec.ts:65:5 ÔÇ║ Tours Management ÔÇ║ should create a new tour with all fields
PAGE LOG: [vite] hot updated: /src/index.css

[1A[2K>> GET http://localhost:5173/src/index.css?t=1764018795331

[1A[2K[firefox] ÔÇ║ src\__tests__\e2e\tours.spec.ts:65:5 ÔÇ║ Tours Management ÔÇ║ should create a new tour with all fields
PAGE LOG: [vite] hot updated: /src/index.css

[1A[2K[webkit] ÔÇ║ src\__tests__\e2e\tours.spec.ts:65:5 ÔÇ║ Tours Management ÔÇ║ should create a new tour with all fields
>> GET https://fonts.googleapis.com/css2?family=Outfit:wght@300;400;500;600;700&display=swap

[1A[2KPAGE LOG: [vite] hot updated: /src/index.css

[1A[2K[firefox] ÔÇ║ src\__tests__\e2e\tours.spec.ts:65:5 ÔÇ║ Tours Management ÔÇ║ should create a new tour with all fields
>> GET http://localhost:5173/src/index.css?t=1764018795246

[1A[2K[webkit] ÔÇ║ src\__tests__\e2e\tours.spec.ts:65:5 ÔÇ║ Tours Management ÔÇ║ should create a new tour with all fields
>> GET http://localhost:5173/src/index.css?t=1764018795331

[1A[2K[firefox] ÔÇ║ src\__tests__\e2e\tours.spec.ts:65:5 ÔÇ║ Tours Management ÔÇ║ should create a new tour with all fields
PAGE LOG: [vite] hot updated: /src/index.css

[1A[2K[webkit] ÔÇ║ src\__tests__\e2e\tours.spec.ts:65:5 ÔÇ║ Tours Management ÔÇ║ should create a new tour with all fields
>> GET https://fonts.googleapis.com/css2?family=Outfit:wght@300;400;500;600;700&display=swap

[1A[2KPAGE LOG: [vite] hot updated: /src/index.css

[1A[2K>> GET http://localhost:5173/src/index.css?t=1764018795414

[1A[2K[chromium] ÔÇ║ src\__tests__\e2e\tours.spec.ts:65:5 ÔÇ║ Tours Management ÔÇ║ should create a new tour with all fields
>> GET https://fonts.googleapis.com/css2?family=Outfit:wght@300;400;500;600;700&display=swap

[1A[2KPAGE LOG: [vite] hot updated: /src/index.css

[1A[2K>> GET http://localhost:5173/src/index.css?t=1764018795414

[1A[2K[firefox] ÔÇ║ src\__tests__\e2e\tours.spec.ts:65:5 ÔÇ║ Tours Management ÔÇ║ should create a new tour with all fields
>> GET http://localhost:5173/src/index.css?t=1764018795331

[1A[2K[chromium] ÔÇ║ src\__tests__\e2e\tours.spec.ts:65:5 ÔÇ║ Tours Management ÔÇ║ should create a new tour with all fields
PAGE LOG: [vite] hot updated: /src/index.css

[1A[2K[webkit] ÔÇ║ src\__tests__\e2e\tours.spec.ts:65:5 ÔÇ║ Tours Management ÔÇ║ should create a new tour with all fields
>> GET https://fonts.googleapis.com/css2?family=Outfit:wght@300;400;500;600;700&display=swap

[1A[2KPAGE LOG: [vite] hot updated: /src/index.css

[1A[2K[firefox] ÔÇ║ src\__tests__\e2e\tours.spec.ts:65:5 ÔÇ║ Tours Management ÔÇ║ should create a new tour with all fields
PAGE LOG: [vite] hot updated: /src/index.css

[1A[2K[chromium] ÔÇ║ src\__tests__\e2e\tours.spec.ts:65:5 ÔÇ║ Tours Management ÔÇ║ should create a new tour with all fields
>> GET http://localhost:5173/src/index.css?t=1764018795498

[1A[2K[firefox] ÔÇ║ src\__tests__\e2e\tours.spec.ts:65:5 ÔÇ║ Tours Management ÔÇ║ should create a new tour with all fields
>> GET http://localhost:5173/src/index.css?t=1764018795414

[1A[2K[webkit] ÔÇ║ src\__tests__\e2e\tours.spec.ts:65:5 ÔÇ║ Tours Management ÔÇ║ should create a new tour with all fields
>> GET http://localhost:5173/src/index.css?t=1764018795498

[1A[2K[firefox] ÔÇ║ src\__tests__\e2e\tours.spec.ts:65:5 ÔÇ║ Tours Management ÔÇ║ should create a new tour with all fields
PAGE LOG: [vite] hot updated: /src/index.css

[1A[2K[chromium] ÔÇ║ src\__tests__\e2e\tours.spec.ts:65:5 ÔÇ║ Tours Management ÔÇ║ should create a new tour with all fields
>> GET https://fonts.googleapis.com/css2?family=Outfit:wght@300;400;500;600;700&display=swap

[1A[2KPAGE LOG: [vite] hot updated: /src/index.css

[1A[2K[firefox] ÔÇ║ src\__tests__\e2e\tours.spec.ts:65:5 ÔÇ║ Tours Management ÔÇ║ should create a new tour with all fields
>> GET http://localhost:5173/src/index.css?t=1764018795498

[1A[2K[chromium] ÔÇ║ src\__tests__\e2e\tours.spec.ts:65:5 ÔÇ║ Tours Management ÔÇ║ should create a new tour with all fields
>> GET http://localhost:5173/src/index.css?t=1764018795605

[1A[2K[webkit] ÔÇ║ src\__tests__\e2e\tours.spec.ts:65:5 ÔÇ║ Tours Management ÔÇ║ should create a new tour with all fields
>> GET https://fonts.googleapis.com/css2?family=Outfit:wght@300;400;500;600;700&display=swap

[1A[2KPAGE LOG: [vite] hot updated: /src/index.css

[1A[2K>> GET http://localhost:5173/src/index.css?t=1764018795605

[1A[2K[firefox] ÔÇ║ src\__tests__\e2e\tours.spec.ts:65:5 ÔÇ║ Tours Management ÔÇ║ should create a new tour with all fields
PAGE LOG: [vite] hot updated: /src/index.css

[1A[2K>> GET http://localhost:5173/src/index.css?t=1764018795605

[1A[2K[webkit] ÔÇ║ src\__tests__\e2e\tours.spec.ts:65:5 ÔÇ║ Tours Management ÔÇ║ should create a new tour with all fields
>> GET https://fonts.googleapis.com/css2?family=Outfit:wght@300;400;500;600;700&display=swap

[1A[2K[chromium] ÔÇ║ src\__tests__\e2e\tours.spec.ts:65:5 ÔÇ║ Tours Management ÔÇ║ should create a new tour with all fields
>> GET https://fonts.googleapis.com/css2?family=Outfit:wght@300;400;500;600;700&display=swap

[1A[2K[webkit] ÔÇ║ src\__tests__\e2e\tours.spec.ts:65:5 ÔÇ║ Tours Management ÔÇ║ should create a new tour with all fields
PAGE LOG: [vite] hot updated: /src/index.css

[1A[2K[chromium] ÔÇ║ src\__tests__\e2e\tours.spec.ts:65:5 ÔÇ║ Tours Management ÔÇ║ should create a new tour with all fields
PAGE LOG: [vite] hot updated: /src/index.css

[1A[2K>> GET http://localhost:5173/src/index.css?t=1764018795693

[1A[2K[webkit] ÔÇ║ src\__tests__\e2e\tours.spec.ts:65:5 ÔÇ║ Tours Management ÔÇ║ should create a new tour with all fields
>> GET http://localhost:5173/src/index.css?t=1764018795693

[1A[2K[firefox] ÔÇ║ src\__tests__\e2e\tours.spec.ts:65:5 ÔÇ║ Tours Management ÔÇ║ should create a new tour with all fields
PAGE LOG: [vite] hot updated: /src/index.css

[1A[2K[webkit] ÔÇ║ src\__tests__\e2e\tours.spec.ts:65:5 ÔÇ║ Tours Management ÔÇ║ should create a new tour with all fields
>> GET https://fonts.googleapis.com/css2?family=Outfit:wght@300;400;500;600;700&display=swap

[1A[2KPAGE LOG: [vite] hot updated: /src/index.css

[1A[2K[chromium] ÔÇ║ src\__tests__\e2e\tours.spec.ts:65:5 ÔÇ║ Tours Management ÔÇ║ should create a new tour with all fields
>> GET https://fonts.googleapis.com/css2?family=Outfit:wght@300;400;500;600;700&display=swap

[1A[2KPAGE LOG: [vite] hot updated: /src/index.css

[1A[2K[firefox] ÔÇ║ src\__tests__\e2e\tours.spec.ts:65:5 ÔÇ║ Tours Management ÔÇ║ should create a new tour with all fields
>> GET http://localhost:5173/src/index.css?t=1764018795693

[1A[2K[chromium] ÔÇ║ src\__tests__\e2e\tours.spec.ts:65:5 ÔÇ║ Tours Management ÔÇ║ should create a new tour with all fields
>> GET http://localhost:5173/src/index.css?t=1764018795791

[1A[2K[webkit] ÔÇ║ src\__tests__\e2e\tours.spec.ts:65:5 ÔÇ║ Tours Management ÔÇ║ should create a new tour with all fields
>> GET http://localhost:5173/src/index.css?t=1764018795791

[1A[2K[firefox] ÔÇ║ src\__tests__\e2e\tours.spec.ts:65:5 ÔÇ║ Tours Management ÔÇ║ should create a new tour with all fields
PAGE LOG: [vite] hot updated: /src/index.css

[1A[2K[webkit] ÔÇ║ src\__tests__\e2e\tours.spec.ts:65:5 ÔÇ║ Tours Management ÔÇ║ should create a new tour with all fields
>> GET https://fonts.googleapis.com/css2?family=Outfit:wght@300;400;500;600;700&display=swap

[1A[2KPAGE LOG: [vite] hot updated: /src/index.css

[1A[2K>> GET http://localhost:5173/src/index.css?t=1764018795876

[1A[2K[chromium] ÔÇ║ src\__tests__\e2e\tours.spec.ts:65:5 ÔÇ║ Tours Management ÔÇ║ should create a new tour with all fields
PAGE LOG: [vite] hot updated: /src/index.css

[1A[2K>> GET https://fonts.googleapis.com/css2?family=Outfit:wght@300;400;500;600;700&display=swap

[1A[2K>> GET http://localhost:5173/src/index.css?t=1764018795876

[1A[2K[firefox] ÔÇ║ src\__tests__\e2e\tours.spec.ts:65:5 ÔÇ║ Tours Management ÔÇ║ should create a new tour with all fields
>> GET http://localhost:5173/src/index.css?t=1764018795791

[1A[2K[chromium] ÔÇ║ src\__tests__\e2e\tours.spec.ts:65:5 ÔÇ║ Tours Management ÔÇ║ should create a new tour with all fields
PAGE LOG: [vite] hot updated: /src/index.css

[1A[2K[firefox] ÔÇ║ src\__tests__\e2e\tours.spec.ts:65:5 ÔÇ║ Tours Management ÔÇ║ should create a new tour with all fields
PAGE LOG: [vite] hot updated: /src/index.css

[1A[2K[chromium] ÔÇ║ src\__tests__\e2e\tours.spec.ts:65:5 ÔÇ║ Tours Management ÔÇ║ should create a new tour with all fields
>> GET http://localhost:5173/src/index.css?t=1764018795976

[1A[2K[firefox] ÔÇ║ src\__tests__\e2e\tours.spec.ts:65:5 ÔÇ║ Tours Management ÔÇ║ should create a new tour with all fields
>> GET http://localhost:5173/src/index.css?t=1764018795876

[1A[2K[webkit] ÔÇ║ src\__tests__\e2e\tours.spec.ts:65:5 ÔÇ║ Tours Management ÔÇ║ should create a new tour with all fields
>> GET https://fonts.googleapis.com/css2?family=Outfit:wght@300;400;500;600;700&display=swap

[1A[2KPAGE LOG: [vite] hot updated: /src/index.css

[1A[2K>> GET http://localhost:5173/src/index.css?t=1764018795976

[1A[2K[firefox] ÔÇ║ src\__tests__\e2e\tours.spec.ts:65:5 ÔÇ║ Tours Management ÔÇ║ should create a new tour with all fields
PAGE LOG: [vite] hot updated: /src/index.css

[1A[2K[chromium] ÔÇ║ src\__tests__\e2e\tours.spec.ts:65:5 ÔÇ║ Tours Management ÔÇ║ should create a new tour with all fields
>> GET https://fonts.googleapis.com/css2?family=Outfit:wght@300;400;500;600;700&display=swap

[1A[2KPAGE LOG: [vite] hot updated: /src/index.css

[1A[2K[firefox] ÔÇ║ src\__tests__\e2e\tours.spec.ts:65:5 ÔÇ║ Tours Management ÔÇ║ should create a new tour with all fields
>> GET http://localhost:5173/src/index.css?t=1764018795976

[1A[2K[chromium] ÔÇ║ src\__tests__\e2e\tours.spec.ts:65:5 ÔÇ║ Tours Management ÔÇ║ should create a new tour with all fields
>> GET http://localhost:5173/src/index.css?t=1764018796078

[1A[2K[webkit] ÔÇ║ src\__tests__\e2e\tours.spec.ts:65:5 ÔÇ║ Tours Management ÔÇ║ should create a new tour with all fields
>> GET https://fonts.googleapis.com/css2?family=Outfit:wght@300;400;500;600;700&display=swap

[1A[2KPAGE LOG: [vite] hot updated: /src/index.css

[1A[2K>> GET http://localhost:5173/src/index.css?t=1764018796078

[1A[2K[chromium] ÔÇ║ src\__tests__\e2e\tours.spec.ts:65:5 ÔÇ║ Tours Management ÔÇ║ should create a new tour with all fields
PAGE LOG: [vite] hot updated: /src/index.css

[1A[2K[firefox] ÔÇ║ src\__tests__\e2e\tours.spec.ts:65:5 ÔÇ║ Tours Management ÔÇ║ should create a new tour with all fields
PAGE LOG: [vite] hot updated: /src/index.css

[1A[2K[webkit] ÔÇ║ src\__tests__\e2e\tours.spec.ts:65:5 ÔÇ║ Tours Management ÔÇ║ should create a new tour with all fields
>> GET https://fonts.googleapis.com/css2?family=Outfit:wght@300;400;500;600;700&display=swap

[1A[2KPAGE LOG: [vite] hot updated: /src/index.css

[1A[2K>> GET http://localhost:5173/src/index.css?t=1764018796152

[1A[2K[chromium] ÔÇ║ src\__tests__\e2e\tours.spec.ts:65:5 ÔÇ║ Tours Management ÔÇ║ should create a new tour with all fields
>> GET http://localhost:5173/src/index.css?t=1764018796152

[1A[2K[firefox] ÔÇ║ src\__tests__\e2e\tours.spec.ts:65:5 ÔÇ║ Tours Management ÔÇ║ should create a new tour with all fields
>> GET http://localhost:5173/src/index.css?t=1764018796078

[1A[2KPAGE LOG: [vite] hot updated: /src/index.css

[1A[2K[chromium] ÔÇ║ src\__tests__\e2e\tours.spec.ts:65:5 ÔÇ║ Tours Management ÔÇ║ should create a new tour with all fields
PAGE LOG: [vite] hot updated: /src/index.css

[1A[2K>> GET https://fonts.googleapis.com/css2?family=Outfit:wght@300;400;500;600;700&display=swap

[1A[2K>> GET http://localhost:5173/src/index.css?t=1764018796246

[1A[2K[firefox] ÔÇ║ src\__tests__\e2e\tours.spec.ts:65:5 ÔÇ║ Tours Management ÔÇ║ should create a new tour with all fields
>> GET http://localhost:5173/src/index.css?t=1764018796152

[1A[2K[webkit] ÔÇ║ src\__tests__\e2e\tours.spec.ts:65:5 ÔÇ║ Tours Management ÔÇ║ should create a new tour with all fields
>> GET https://fonts.googleapis.com/css2?family=Outfit:wght@300;400;500;600;700&display=swap

[1A[2KPAGE LOG: [vite] hot updated: /src/index.css

[1A[2K>> GET http://localhost:5173/src/index.css?t=1764018796246

[1A[2K[firefox] ÔÇ║ src\__tests__\e2e\tours.spec.ts:65:5 ÔÇ║ Tours Management ÔÇ║ should create a new tour with all fields
PAGE LOG: [vite] hot updated: /src/index.css

[1A[2K[webkit] ÔÇ║ src\__tests__\e2e\tours.spec.ts:65:5 ÔÇ║ Tours Management ÔÇ║ should create a new tour with all fields
>> GET https://fonts.googleapis.com/css2?family=Outfit:wght@300;400;500;600;700&display=swap

[1A[2K[chromium] ÔÇ║ src\__tests__\e2e\tours.spec.ts:65:5 ÔÇ║ Tours Management ÔÇ║ should create a new tour with all fields
PAGE LOG: [vite] hot updated: /src/index.css

[1A[2K[webkit] ÔÇ║ src\__tests__\e2e\tours.spec.ts:65:5 ÔÇ║ Tours Management ÔÇ║ should create a new tour with all fields
PAGE LOG: [vite] hot updated: /src/index.css

[1A[2K[firefox] ÔÇ║ src\__tests__\e2e\tours.spec.ts:65:5 ÔÇ║ Tours Management ÔÇ║ should create a new tour with all fields
>> GET http://localhost:5173/src/index.css?t=1764018796246

[1A[2K[webkit] ÔÇ║ src\__tests__\e2e\tours.spec.ts:65:5 ÔÇ║ Tours Management ÔÇ║ should create a new tour with all fields
>> GET http://localhost:5173/src/index.css?t=1764018796342

[1A[2K[chromium] ÔÇ║ src\__tests__\e2e\tours.spec.ts:65:5 ÔÇ║ Tours Management ÔÇ║ should create a new tour with all fields
>> GET http://localhost:5173/src/index.css?t=1764018796342

[1A[2K[firefox] ÔÇ║ src\__tests__\e2e\tours.spec.ts:65:5 ÔÇ║ Tours Management ÔÇ║ should create a new tour with all fields
PAGE LOG: [vite] hot updated: /src/index.css

[1A[2K[chromium] ÔÇ║ src\__tests__\e2e\tours.spec.ts:65:5 ÔÇ║ Tours Management ÔÇ║ should create a new tour with all fields
>> GET https://fonts.googleapis.com/css2?family=Outfit:wght@300;400;500;600;700&display=swap

[1A[2KPAGE LOG: [vite] hot updated: /src/index.css

[1A[2K>> GET http://localhost:5173/src/index.css?t=1764018796462

[1A[2K[firefox] ÔÇ║ src\__tests__\e2e\tours.spec.ts:65:5 ÔÇ║ Tours Management ÔÇ║ should create a new tour with all fields
>> GET http://localhost:5173/src/index.css?t=1764018796342

[1A[2K  1) [webkit] ÔÇ║ src\__tests__\e2e\tours.spec.ts:65:5 ÔÇ║ Tours Management ÔÇ║ should create a new tour with all fields 

    [31mTest timeout of 30000ms exceeded.[39m

    Error: page.click: Test timeout of 30000ms exceeded.
    Call log:
    [2m  - waiting for locator('button[value="pricing"]')[22m


      77 |
      78 |         // Pricing
    > 79 |         await page.click('button[value="pricing"]');
         |                    ^
      80 |         await page.fill('input[name="pricingTiers.0.priceUSD"]', '100');
      81 |         await page.fill('input[name="pricingTiers.3.priceUSD"]', '80');
      82 |
        at D:\Nevado Trek Development\nevado-trek-backend\admin-dashboard\src\__tests__\e2e\tours.spec.ts:79:20

    Error Context: test-results\tours-Tours-Management-sho-0260f--a-new-tour-with-all-fields-webkit\error-context.md


[1A[2K  2) [chromium] ÔÇ║ src\__tests__\e2e\tours.spec.ts:65:5 ÔÇ║ Tours Management ÔÇ║ should create a new tour with all fields 

    [31mTest timeout of 30000ms exceeded.[39m

    Error: page.click: Test timeout of 30000ms exceeded.
    Call log:
    [2m  - waiting for locator('button[value="pricing"]')[22m


      77 |
      78 |         // Pricing
    > 79 |         await page.click('button[value="pricing"]');
         |                    ^
      80 |         await page.fill('input[name="pricingTiers.0.priceUSD"]', '100');
      81 |         await page.fill('input[name="pricingTiers.3.priceUSD"]', '80');
      82 |
        at D:\Nevado Trek Development\nevado-trek-backend\admin-dashboard\src\__tests__\e2e\tours.spec.ts:79:20

    Error Context: test-results\tours-Tours-Management-sho-0260f--a-new-tour-with-all-fields-chromium\error-context.md


[1A[2KPAGE LOG: [vite] hot updated: /src/index.css

[1A[2K>> GET http://localhost:5173/src/index.css?t=1764018796462

[1A[2KPAGE LOG: [vite] hot updated: /src/index.css

[1A[2K>> GET http://localhost:5173/src/index.css?t=1764018796602

[1A[2KPAGE LOG: [vite] hot updated: /src/index.css

[1A[2K>> GET http://localhost:5173/src/index.css?t=1764018796662

[1A[2KPAGE LOG: [vite] hot updated: /src/index.css

[1A[2K>> GET http://localhost:5173/src/index.css?t=1764018796722

[1A[2KPAGE LOG: [vite] hot updated: /src/index.css

[1A[2K>> GET http://localhost:5173/src/index.css?t=1764018796783

[1A[2KPAGE LOG: [vite] hot updated: /src/index.css

[1A[2K>> GET http://localhost:5173/src/index.css?t=1764018796842

[1A[2KPAGE LOG: [vite] hot updated: /src/index.css

[1A[2K>> GET http://localhost:5173/src/index.css?t=1764018796903

[1A[2K  3) [firefox] ÔÇ║ src\__tests__\e2e\tours.spec.ts:65:5 ÔÇ║ Tours Management ÔÇ║ should create a new tour with all fields 

    [31mTest timeout of 30000ms exceeded.[39m

    Error: page.click: Test timeout of 30000ms exceeded.
    Call log:
    [2m  - waiting for locator('button[value="pricing"]')[22m


      77 |
      78 |         // Pricing
    > 79 |         await page.click('button[value="pricing"]');
         |                    ^
      80 |         await page.fill('input[name="pricingTiers.0.priceUSD"]', '100');
      81 |         await page.fill('input[name="pricingTiers.3.priceUSD"]', '80');
      82 |
        at D:\Nevado Trek Development\nevado-trek-backend\admin-dashboard\src\__tests__\e2e\tours.spec.ts:79:20

    Error Context: test-results\tours-Tours-Management-sho-0260f--a-new-tour-with-all-fields-firefox\error-context.md


[1A[2K  3 failed
    [chromium] ÔÇ║ src\__tests__\e2e\tours.spec.ts:65:5 ÔÇ║ Tours Management ÔÇ║ should create a new tour with all fields 
    [firefox] ÔÇ║ src\__tests__\e2e\tours.spec.ts:65:5 ÔÇ║ Tours Management ÔÇ║ should create a new tour with all fields 
    [webkit] ÔÇ║ src\__tests__\e2e\tours.spec.ts:65:5 ÔÇ║ Tours Management ÔÇ║ should create a new tour with all fields 

[36m  Serving HTML report at http://localhost:53999. Press Ctrl+C to quit.[39m
